build	Set up job	ï»¿2026-02-15T03:23:48.1712914Z Current runner version: '2.331.0'
build	Set up job	2026-02-15T03:23:48.1741147Z ##[group]Runner Image Provisioner
build	Set up job	2026-02-15T03:23:48.1742058Z Hosted Compute Agent
build	Set up job	2026-02-15T03:23:48.1742869Z Version: 20260123.484
build	Set up job	2026-02-15T03:23:48.1743626Z Commit: 6bd6555ca37d84114959e1c76d2c01448ff61c5d
build	Set up job	2026-02-15T03:23:48.1744339Z Build Date: 2026-01-23T19:41:17Z
build	Set up job	2026-02-15T03:23:48.1745068Z Worker ID: {1af80c6a-a577-44c0-a18a-e4cac75cb210}
build	Set up job	2026-02-15T03:23:48.1745820Z Azure Region: northcentralus
build	Set up job	2026-02-15T03:23:48.1746407Z ##[endgroup]
build	Set up job	2026-02-15T03:23:48.1748183Z ##[group]Operating System
build	Set up job	2026-02-15T03:23:48.1748798Z Ubuntu
build	Set up job	2026-02-15T03:23:48.1749293Z 24.04.3
build	Set up job	2026-02-15T03:23:48.1749861Z LTS
build	Set up job	2026-02-15T03:23:48.1750356Z ##[endgroup]
build	Set up job	2026-02-15T03:23:48.1750887Z ##[group]Runner Image
build	Set up job	2026-02-15T03:23:48.1751445Z Image: ubuntu-24.04
build	Set up job	2026-02-15T03:23:48.1752003Z Version: 20260209.23.1
build	Set up job	2026-02-15T03:23:48.1753041Z Included Software: https://github.com/actions/runner-images/blob/ubuntu24/20260209.23/images/ubuntu/Ubuntu2404-Readme.md
build	Set up job	2026-02-15T03:23:48.1755038Z Image Release: https://github.com/actions/runner-images/releases/tag/ubuntu24%2F20260209.23
build	Set up job	2026-02-15T03:23:48.1755999Z ##[endgroup]
build	Set up job	2026-02-15T03:23:48.1757162Z ##[group]GITHUB_TOKEN Permissions
build	Set up job	2026-02-15T03:23:48.1759686Z Contents: read
build	Set up job	2026-02-15T03:23:48.1760263Z Metadata: read
build	Set up job	2026-02-15T03:23:48.1760942Z Packages: read
build	Set up job	2026-02-15T03:23:48.1761424Z ##[endgroup]
build	Set up job	2026-02-15T03:23:48.1764242Z Secret source: Actions
build	Set up job	2026-02-15T03:23:48.1765577Z Prepare workflow directory
build	Set up job	2026-02-15T03:23:48.2118551Z Prepare all required actions
build	Set up job	2026-02-15T03:23:48.2157888Z Getting action download info
build	Set up job	2026-02-15T03:23:48.5453766Z Download action repository 'actions/checkout@v4' (SHA:34e114876b0b11c390a56381ad16ebd13914f8d5)
build	Set up job	2026-02-15T03:23:48.7010437Z Download action repository 'actions/cache@v3' (SHA:6f8efc29b200d32929f49075959781ed54ec270c)
build	Set up job	2026-02-15T03:23:48.8546746Z Download action repository 'actions/upload-artifact@v4' (SHA:ea165f8d65b6e75b540449e92b4886f43607fa02)
build	Set up job	2026-02-15T03:23:49.0724755Z Complete job name: build
build	Checkout Code	ï»¿2026-02-15T03:23:49.1471160Z ##[group]Run actions/checkout@v4
build	Checkout Code	2026-02-15T03:23:49.1471987Z with:
build	Checkout Code	2026-02-15T03:23:49.1472375Z   submodules: recursive
build	Checkout Code	2026-02-15T03:23:49.1472816Z   repository: maxugly/audiofiler
build	Checkout Code	2026-02-15T03:23:49.1473657Z   token: ***
build	Checkout Code	2026-02-15T03:23:49.1474055Z   ssh-strict: true
build	Checkout Code	2026-02-15T03:23:49.1474436Z   ssh-user: git
build	Checkout Code	2026-02-15T03:23:49.1474835Z   persist-credentials: true
build	Checkout Code	2026-02-15T03:23:49.1475270Z   clean: true
build	Checkout Code	2026-02-15T03:23:49.1475676Z   sparse-checkout-cone-mode: true
build	Checkout Code	2026-02-15T03:23:49.1476153Z   fetch-depth: 1
build	Checkout Code	2026-02-15T03:23:49.1476540Z   fetch-tags: false
build	Checkout Code	2026-02-15T03:23:49.1476926Z   show-progress: true
build	Checkout Code	2026-02-15T03:23:49.1477320Z   lfs: false
build	Checkout Code	2026-02-15T03:23:49.1477689Z   set-safe-directory: true
build	Checkout Code	2026-02-15T03:23:49.1478372Z ##[endgroup]
build	Checkout Code	2026-02-15T03:23:49.2694369Z Syncing repository: maxugly/audiofiler
build	Checkout Code	2026-02-15T03:23:49.2697070Z ##[group]Getting Git version info
build	Checkout Code	2026-02-15T03:23:49.2698286Z Working directory is '/home/runner/work/audiofiler/audiofiler'
build	Checkout Code	2026-02-15T03:23:49.2700039Z [command]/usr/bin/git version
build	Checkout Code	2026-02-15T03:23:49.2705053Z git version 2.52.0
build	Checkout Code	2026-02-15T03:23:49.2733998Z ##[endgroup]
build	Checkout Code	2026-02-15T03:23:49.2748941Z Temporarily overriding HOME='/home/runner/work/_temp/e64dc97c-7ad9-4b28-9765-73d4adb0c3e3' before making global git config changes
build	Checkout Code	2026-02-15T03:23:49.2750327Z Adding repository directory to the temporary git global config as a safe directory
build	Checkout Code	2026-02-15T03:23:49.2764648Z [command]/usr/bin/git config --global --add safe.directory /home/runner/work/audiofiler/audiofiler
build	Checkout Code	2026-02-15T03:23:49.2808822Z Deleting the contents of '/home/runner/work/audiofiler/audiofiler'
build	Checkout Code	2026-02-15T03:23:49.2812547Z ##[group]Initializing the repository
build	Checkout Code	2026-02-15T03:23:49.2816863Z [command]/usr/bin/git init /home/runner/work/audiofiler/audiofiler
build	Checkout Code	2026-02-15T03:23:49.2945679Z hint: Using 'master' as the name for the initial branch. This default branch name
build	Checkout Code	2026-02-15T03:23:49.2947479Z hint: will change to "main" in Git 3.0. To configure the initial branch name
build	Checkout Code	2026-02-15T03:23:49.2949563Z hint: to use in all of your new repositories, which will suppress this warning,
build	Checkout Code	2026-02-15T03:23:49.2950939Z hint: call:
build	Checkout Code	2026-02-15T03:23:49.2951585Z hint:
build	Checkout Code	2026-02-15T03:23:49.2952377Z hint: 	git config --global init.defaultBranch <name>
build	Checkout Code	2026-02-15T03:23:49.2953632Z hint:
build	Checkout Code	2026-02-15T03:23:49.2954607Z hint: Names commonly chosen instead of 'master' are 'main', 'trunk' and
build	Checkout Code	2026-02-15T03:23:49.2956202Z hint: 'development'. The just-created branch can be renamed via this command:
build	Checkout Code	2026-02-15T03:23:49.2957508Z hint:
build	Checkout Code	2026-02-15T03:23:49.2958224Z hint: 	git branch -m <name>
build	Checkout Code	2026-02-15T03:23:49.2959008Z hint:
build	Checkout Code	2026-02-15T03:23:49.2960042Z hint: Disable this message with "git config set advice.defaultBranchName false"
build	Checkout Code	2026-02-15T03:23:49.2961811Z Initialized empty Git repository in /home/runner/work/audiofiler/audiofiler/.git/
build	Checkout Code	2026-02-15T03:23:49.2965070Z [command]/usr/bin/git remote add origin https://github.com/maxugly/audiofiler
build	Checkout Code	2026-02-15T03:23:49.3009471Z ##[endgroup]
build	Checkout Code	2026-02-15T03:23:49.3010281Z ##[group]Disabling automatic garbage collection
build	Checkout Code	2026-02-15T03:23:49.3013647Z [command]/usr/bin/git config --local gc.auto 0
build	Checkout Code	2026-02-15T03:23:49.3045406Z ##[endgroup]
build	Checkout Code	2026-02-15T03:23:49.3046119Z ##[group]Setting up auth
build	Checkout Code	2026-02-15T03:23:49.3052587Z [command]/usr/bin/git config --local --name-only --get-regexp core\.sshCommand
build	Checkout Code	2026-02-15T03:23:49.3085378Z [command]/usr/bin/git submodule foreach --recursive sh -c "git config --local --name-only --get-regexp 'core\.sshCommand' && git config --local --unset-all 'core.sshCommand' || :"
build	Checkout Code	2026-02-15T03:23:49.3507399Z [command]/usr/bin/git config --local --name-only --get-regexp http\.https\:\/\/github\.com\/\.extraheader
build	Checkout Code	2026-02-15T03:23:49.3542220Z [command]/usr/bin/git submodule foreach --recursive sh -c "git config --local --name-only --get-regexp 'http\.https\:\/\/github\.com\/\.extraheader' && git config --local --unset-all 'http.https://github.com/.extraheader' || :"
build	Checkout Code	2026-02-15T03:23:49.3781712Z [command]/usr/bin/git config --local --name-only --get-regexp ^includeIf\.gitdir:
build	Checkout Code	2026-02-15T03:23:49.3831225Z [command]/usr/bin/git submodule foreach --recursive git config --local --show-origin --name-only --get-regexp remote.origin.url
build	Checkout Code	2026-02-15T03:23:49.4081212Z [command]/usr/bin/git config --local http.https://github.com/.extraheader AUTHORIZATION: basic ***
build	Checkout Code	2026-02-15T03:23:49.4118066Z ##[endgroup]
build	Checkout Code	2026-02-15T03:23:49.4119309Z ##[group]Fetching the repository
build	Checkout Code	2026-02-15T03:23:49.4128766Z [command]/usr/bin/git -c protocol.version=2 fetch --no-tags --prune --no-recurse-submodules --depth=1 origin +96c84f49cc95f9dadb8adb4def6875607e6f188c:refs/remotes/origin/build-automation
build	Checkout Code	2026-02-15T03:23:49.6716582Z From https://github.com/maxugly/audiofiler
build	Checkout Code	2026-02-15T03:23:49.6718766Z  * [new ref]         96c84f49cc95f9dadb8adb4def6875607e6f188c -> origin/build-automation
build	Checkout Code	2026-02-15T03:23:49.6754257Z ##[endgroup]
build	Checkout Code	2026-02-15T03:23:49.6755609Z ##[group]Determining the checkout info
build	Checkout Code	2026-02-15T03:23:49.6757089Z ##[endgroup]
build	Checkout Code	2026-02-15T03:23:49.6761969Z [command]/usr/bin/git sparse-checkout disable
build	Checkout Code	2026-02-15T03:23:49.6809917Z [command]/usr/bin/git config --local --unset-all extensions.worktreeConfig
build	Checkout Code	2026-02-15T03:23:49.6840284Z ##[group]Checking out the ref
build	Checkout Code	2026-02-15T03:23:49.6844830Z [command]/usr/bin/git checkout --progress --force -B build-automation refs/remotes/origin/build-automation
build	Checkout Code	2026-02-15T03:23:49.7011286Z Switched to a new branch 'build-automation'
build	Checkout Code	2026-02-15T03:23:49.7014364Z branch 'build-automation' set up to track 'origin/build-automation'.
build	Checkout Code	2026-02-15T03:23:49.7020996Z ##[endgroup]
build	Checkout Code	2026-02-15T03:23:49.7022338Z ##[group]Setting up auth for fetching submodules
build	Checkout Code	2026-02-15T03:23:49.7026618Z [command]/usr/bin/git config --global http.https://github.com/.extraheader AUTHORIZATION: basic ***
build	Checkout Code	2026-02-15T03:23:49.7067028Z [command]/usr/bin/git config --global --unset-all url.https://github.com/.insteadOf
build	Checkout Code	2026-02-15T03:23:49.7098980Z [command]/usr/bin/git config --global --add url.https://github.com/.insteadOf git@github.com:
build	Checkout Code	2026-02-15T03:23:49.7129060Z [command]/usr/bin/git config --global --add url.https://github.com/.insteadOf org-64644401@github.com:
build	Checkout Code	2026-02-15T03:23:49.7157214Z ##[endgroup]
build	Checkout Code	2026-02-15T03:23:49.7158402Z ##[group]Fetching submodules
build	Checkout Code	2026-02-15T03:23:49.7160489Z [command]/usr/bin/git submodule sync --recursive
build	Checkout Code	2026-02-15T03:23:49.7407999Z [command]/usr/bin/git -c protocol.version=2 submodule update --init --force --depth=1 --recursive
build	Checkout Code	2026-02-15T03:23:49.7644887Z Submodule '_deps/juce-src' (https://github.com/juce-framework/JUCE.git) registered for path '_deps/juce-src'
build	Checkout Code	2026-02-15T03:23:49.7671551Z Cloning into '/home/runner/work/audiofiler/audiofiler/_deps/juce-src'...
build	Checkout Code	2026-02-15T03:23:53.4680892Z From https://github.com/juce-framework/JUCE
build	Checkout Code	2026-02-15T03:23:53.4682349Z  * branch            29396c22c93392d6738e021b83196283d6e4d850 -> FETCH_HEAD
build	Checkout Code	2026-02-15T03:23:53.9076891Z Submodule path '_deps/juce-src': checked out '29396c22c93392d6738e021b83196283d6e4d850'
build	Checkout Code	2026-02-15T03:23:53.9122161Z [command]/usr/bin/git submodule foreach --recursive git config --local gc.auto 0
build	Checkout Code	2026-02-15T03:23:53.9366769Z Entering '_deps/juce-src'
build	Checkout Code	2026-02-15T03:23:53.9424339Z ##[endgroup]
build	Checkout Code	2026-02-15T03:23:53.9425138Z ##[group]Persisting credentials for submodules
build	Checkout Code	2026-02-15T03:23:53.9436095Z [command]/usr/bin/git submodule foreach --recursive sh -c "git config --local --name-only --get-regexp 'url\.https\:\/\/github\.com\/\.insteadOf' && git config --local --unset-all 'url.https://github.com/.insteadOf' || :"
build	Checkout Code	2026-02-15T03:23:53.9690807Z Entering '_deps/juce-src'
build	Checkout Code	2026-02-15T03:23:53.9758883Z [command]/usr/bin/git submodule foreach --recursive sh -c "git config --local 'http.https://github.com/.extraheader' 'AUTHORIZATION: basic ***' && git config --local --show-origin --name-only --get-regexp remote.origin.url"
build	Checkout Code	2026-02-15T03:23:53.9985329Z Entering '_deps/juce-src'
build	Checkout Code	2026-02-15T03:23:54.0024764Z file:/home/runner/work/audiofiler/audiofiler/.git/modules/_deps/juce-src/config	remote.origin.url
build	Checkout Code	2026-02-15T03:23:54.0074201Z [command]/usr/bin/git submodule foreach --recursive git config --local --add 'url.https://github.com/.insteadOf' 'git@github.com:'
build	Checkout Code	2026-02-15T03:23:54.0304196Z Entering '_deps/juce-src'
build	Checkout Code	2026-02-15T03:23:54.0364831Z [command]/usr/bin/git submodule foreach --recursive git config --local --add 'url.https://github.com/.insteadOf' 'org-64644401@github.com:'
build	Checkout Code	2026-02-15T03:23:54.0591000Z Entering '_deps/juce-src'
build	Checkout Code	2026-02-15T03:23:54.0648399Z ##[endgroup]
build	Checkout Code	2026-02-15T03:23:54.0689361Z [command]/usr/bin/git log -1 --format=%H
build	Checkout Code	2026-02-15T03:23:54.0714605Z 96c84f49cc95f9dadb8adb4def6875607e6f188c
build	Install dependencies	ï»¿2026-02-15T03:23:54.0905981Z ##[group]Run sudo apt update
build	Install dependencies	2026-02-15T03:23:54.0906347Z [36;1msudo apt update[0m
build	Install dependencies	2026-02-15T03:23:54.0906673Z [36;1msudo apt install -y software-properties-common[0m
build	Install dependencies	2026-02-15T03:23:54.0907095Z [36;1msudo add-apt-repository -y ppa:ubuntu-toolchain-r/test[0m
build	Install dependencies	2026-02-15T03:23:54.0907449Z [36;1msudo apt update[0m
build	Install dependencies	2026-02-15T03:23:54.0907757Z [36;1msudo apt install -y g++-12 gcc-12 ninja-build pkg-config \[0m
build	Install dependencies	2026-02-15T03:23:54.0908177Z [36;1m  libgtk-3-dev libasound2-dev libjack-jackd2-dev \[0m
build	Install dependencies	2026-02-15T03:23:54.0908547Z [36;1m  libx11-dev libxcomposite-dev libxcursor-dev \[0m
build	Install dependencies	2026-02-15T03:23:54.0908892Z [36;1m  libxext-dev libxinerama-dev libxrandr-dev \[0m
build	Install dependencies	2026-02-15T03:23:54.0909220Z [36;1m  libxrender-dev libwebkit2gtk-4.1-dev \[0m
build	Install dependencies	2026-02-15T03:23:54.0909548Z [36;1m  libglu1-mesa-dev mesa-common-dev freeglut3-dev[0m
build	Install dependencies	2026-02-15T03:23:54.0963802Z shell: /usr/bin/bash -e {0}
build	Install dependencies	2026-02-15T03:23:54.0964101Z ##[endgroup]
build	Install dependencies	2026-02-15T03:23:54.1162452Z 
build	Install dependencies	2026-02-15T03:23:54.1162997Z WARNING: apt does not have a stable CLI interface. Use with caution in scripts.
build	Install dependencies	2026-02-15T03:23:54.1163771Z 
build	Install dependencies	2026-02-15T03:23:54.1799964Z Get:1 file:/etc/apt/apt-mirrors.txt Mirrorlist [144 B]
build	Install dependencies	2026-02-15T03:23:54.2211829Z Hit:2 http://azure.archive.ubuntu.com/ubuntu noble InRelease
build	Install dependencies	2026-02-15T03:23:54.2224324Z Get:6 https://packages.microsoft.com/repos/azure-cli noble InRelease [3564 B]
build	Install dependencies	2026-02-15T03:23:54.2226165Z Get:3 http://azure.archive.ubuntu.com/ubuntu noble-updates InRelease [126 kB]
build	Install dependencies	2026-02-15T03:23:54.2276181Z Get:4 http://azure.archive.ubuntu.com/ubuntu noble-backports InRelease [126 kB]
build	Install dependencies	2026-02-15T03:23:54.2286427Z Get:5 http://azure.archive.ubuntu.com/ubuntu noble-security InRelease [126 kB]
build	Install dependencies	2026-02-15T03:23:54.2444447Z Get:7 https://packages.microsoft.com/ubuntu/24.04/prod noble InRelease [3600 B]
build	Install dependencies	2026-02-15T03:23:54.3574436Z Get:8 https://packages.microsoft.com/repos/azure-cli noble/main amd64 Packages [2129 B]
build	Install dependencies	2026-02-15T03:23:54.4108550Z Get:9 http://azure.archive.ubuntu.com/ubuntu noble-updates/main amd64 Packages [1742 kB]
build	Install dependencies	2026-02-15T03:23:54.4251994Z Get:10 http://azure.archive.ubuntu.com/ubuntu noble-updates/main Translation-en [325 kB]
build	Install dependencies	2026-02-15T03:23:54.4299544Z Get:11 http://azure.archive.ubuntu.com/ubuntu noble-updates/main amd64 Components [175 kB]
build	Install dependencies	2026-02-15T03:23:54.4319340Z Get:12 http://azure.archive.ubuntu.com/ubuntu noble-updates/main amd64 c-n-f Metadata [16.5 kB]
build	Install dependencies	2026-02-15T03:23:54.4329392Z Get:13 http://azure.archive.ubuntu.com/ubuntu noble-updates/universe amd64 Packages [1529 kB]
build	Install dependencies	2026-02-15T03:23:54.4414219Z Get:14 http://azure.archive.ubuntu.com/ubuntu noble-updates/universe Translation-en [313 kB]
build	Install dependencies	2026-02-15T03:23:54.4458797Z Get:15 http://azure.archive.ubuntu.com/ubuntu noble-updates/universe amd64 Components [386 kB]
build	Install dependencies	2026-02-15T03:23:54.4463819Z Get:16 http://azure.archive.ubuntu.com/ubuntu noble-updates/universe amd64 c-n-f Metadata [31.9 kB]
build	Install dependencies	2026-02-15T03:23:54.4479869Z Get:17 http://azure.archive.ubuntu.com/ubuntu noble-updates/restricted amd64 Packages [2594 kB]
build	Install dependencies	2026-02-15T03:23:54.4611411Z Get:18 http://azure.archive.ubuntu.com/ubuntu noble-updates/restricted Translation-en [595 kB]
build	Install dependencies	2026-02-15T03:23:54.5074301Z Get:19 http://azure.archive.ubuntu.com/ubuntu noble-updates/restricted amd64 Components [212 B]
build	Install dependencies	2026-02-15T03:23:54.5089613Z Get:20 http://azure.archive.ubuntu.com/ubuntu noble-updates/multiverse amd64 Components [940 B]
build	Install dependencies	2026-02-15T03:23:54.5110903Z Get:21 http://azure.archive.ubuntu.com/ubuntu noble-backports/main amd64 Components [7312 B]
build	Install dependencies	2026-02-15T03:23:54.5120829Z Get:22 http://azure.archive.ubuntu.com/ubuntu noble-backports/universe amd64 Components [10.5 kB]
build	Install dependencies	2026-02-15T03:23:54.5139009Z Get:23 http://azure.archive.ubuntu.com/ubuntu noble-backports/restricted amd64 Components [212 B]
build	Install dependencies	2026-02-15T03:23:54.5155399Z Get:24 http://azure.archive.ubuntu.com/ubuntu noble-backports/multiverse amd64 Components [212 B]
build	Install dependencies	2026-02-15T03:23:54.5413998Z Get:25 http://azure.archive.ubuntu.com/ubuntu noble-security/main amd64 Packages [1448 kB]
build	Install dependencies	2026-02-15T03:23:54.5508295Z Get:26 http://azure.archive.ubuntu.com/ubuntu noble-security/main Translation-en [234 kB]
build	Install dependencies	2026-02-15T03:23:54.5515264Z Get:27 http://azure.archive.ubuntu.com/ubuntu noble-security/main amd64 Components [21.5 kB]
build	Install dependencies	2026-02-15T03:23:54.5523908Z Get:28 http://azure.archive.ubuntu.com/ubuntu noble-security/main amd64 c-n-f Metadata [9892 B]
build	Install dependencies	2026-02-15T03:23:54.5536091Z Get:29 http://azure.archive.ubuntu.com/ubuntu noble-security/universe amd64 Packages [930 kB]
build	Install dependencies	2026-02-15T03:23:54.5597500Z Get:30 http://azure.archive.ubuntu.com/ubuntu noble-security/universe Translation-en [212 kB]
build	Install dependencies	2026-02-15T03:23:54.5618559Z Get:31 http://azure.archive.ubuntu.com/ubuntu noble-security/universe amd64 Components [74.3 kB]
build	Install dependencies	2026-02-15T03:23:54.5632997Z Get:32 http://azure.archive.ubuntu.com/ubuntu noble-security/universe amd64 c-n-f Metadata [19.9 kB]
build	Install dependencies	2026-02-15T03:23:54.5966453Z Get:37 https://packages.microsoft.com/ubuntu/24.04/prod noble/main all Packages [643 B]
build	Install dependencies	2026-02-15T03:23:54.5995443Z Get:38 https://packages.microsoft.com/ubuntu/24.04/prod noble/main amd64 Packages [89.5 kB]
build	Install dependencies	2026-02-15T03:23:54.6040800Z Get:39 https://packages.microsoft.com/ubuntu/24.04/prod noble/main arm64 Packages [69.0 kB]
build	Install dependencies	2026-02-15T03:23:54.6066694Z Get:40 https://packages.microsoft.com/ubuntu/24.04/prod noble/main armhf Packages [11.4 kB]
build	Install dependencies	2026-02-15T03:23:54.6081868Z Get:33 http://azure.archive.ubuntu.com/ubuntu noble-security/restricted amd64 Packages [2452 kB]
build	Install dependencies	2026-02-15T03:23:54.6224602Z Get:34 http://azure.archive.ubuntu.com/ubuntu noble-security/restricted Translation-en [564 kB]
build	Install dependencies	2026-02-15T03:23:54.6262861Z Get:35 http://azure.archive.ubuntu.com/ubuntu noble-security/restricted amd64 Components [212 B]
build	Install dependencies	2026-02-15T03:23:54.6272866Z Get:36 http://azure.archive.ubuntu.com/ubuntu noble-security/multiverse amd64 Components [208 B]
build	Install dependencies	2026-02-15T03:24:00.1973174Z Fetched 14.3 MB in 2s (8449 kB/s)
build	Install dependencies	2026-02-15T03:24:01.0149831Z Reading package lists...
build	Install dependencies	2026-02-15T03:24:01.2297868Z Building dependency tree...
build	Install dependencies	2026-02-15T03:24:01.2304830Z Reading state information...
build	Install dependencies	2026-02-15T03:24:01.2528809Z 18 packages can be upgraded. Run 'apt list --upgradable' to see them.
build	Install dependencies	2026-02-15T03:24:01.2652553Z 
build	Install dependencies	2026-02-15T03:24:01.2653181Z WARNING: apt does not have a stable CLI interface. Use with caution in scripts.
build	Install dependencies	2026-02-15T03:24:01.2653710Z 
build	Install dependencies	2026-02-15T03:24:01.2792434Z Reading package lists...
build	Install dependencies	2026-02-15T03:24:01.4928314Z Building dependency tree...
build	Install dependencies	2026-02-15T03:24:01.4936691Z Reading state information...
build	Install dependencies	2026-02-15T03:24:01.7009601Z software-properties-common is already the newest version (0.99.49.3).
build	Install dependencies	2026-02-15T03:24:01.8084113Z 0 upgraded, 0 newly installed, 0 to remove and 18 not upgraded.
build	Install dependencies	2026-02-15T03:24:05.1515493Z Get:1 file:/etc/apt/apt-mirrors.txt Mirrorlist [144 B]
build	Install dependencies	2026-02-15T03:24:05.1885002Z Hit:6 https://packages.microsoft.com/repos/azure-cli noble InRelease
build	Install dependencies	2026-02-15T03:24:05.1885887Z Hit:7 https://packages.microsoft.com/ubuntu/24.04/prod noble InRelease
build	Install dependencies	2026-02-15T03:24:05.1900240Z Hit:2 http://azure.archive.ubuntu.com/ubuntu noble InRelease
build	Install dependencies	2026-02-15T03:24:05.1913128Z Hit:3 http://azure.archive.ubuntu.com/ubuntu noble-updates InRelease
build	Install dependencies	2026-02-15T03:24:05.1920401Z Hit:4 http://azure.archive.ubuntu.com/ubuntu noble-backports InRelease
build	Install dependencies	2026-02-15T03:24:05.1935292Z Hit:5 http://azure.archive.ubuntu.com/ubuntu noble-security InRelease
build	Install dependencies	2026-02-15T03:24:06.3651207Z Get:8 https://ppa.launchpadcontent.net/ubuntu-toolchain-r/test/ubuntu noble InRelease [24.4 kB]
build	Install dependencies	2026-02-15T03:24:08.3883840Z Fetched 24.4 kB in 1s (18.6 kB/s)
build	Install dependencies	2026-02-15T03:24:09.2036756Z Reading package lists...
build	Install dependencies	2026-02-15T03:24:09.2136705Z PPA publishes dbgsym, you may need to include 'main/debug' component
build	Install dependencies	2026-02-15T03:24:09.2137341Z Repository: 'Types: deb
build	Install dependencies	2026-02-15T03:24:09.2137846Z URIs: https://ppa.launchpadcontent.net/ubuntu-toolchain-r/test/ubuntu/
build	Install dependencies	2026-02-15T03:24:09.2138398Z Suites: noble
build	Install dependencies	2026-02-15T03:24:09.2138660Z Components: main
build	Install dependencies	2026-02-15T03:24:09.2138905Z '
build	Install dependencies	2026-02-15T03:24:09.2139128Z Description:
build	Install dependencies	2026-02-15T03:24:09.2139511Z Toolchain test builds; see https://wiki.ubuntu.com/ToolChain
build	Install dependencies	2026-02-15T03:24:09.2140408Z 
build	Install dependencies	2026-02-15T03:24:09.2140728Z More info: https://launchpad.net/~ubuntu-toolchain-r/+archive/ubuntu/test
build	Install dependencies	2026-02-15T03:24:09.2141255Z Adding repository.
build	Install dependencies	2026-02-15T03:24:09.2852490Z 
build	Install dependencies	2026-02-15T03:24:09.2853513Z WARNING: apt does not have a stable CLI interface. Use with caution in scripts.
build	Install dependencies	2026-02-15T03:24:09.2853918Z 
build	Install dependencies	2026-02-15T03:24:09.3416867Z Get:1 file:/etc/apt/apt-mirrors.txt Mirrorlist [144 B]
build	Install dependencies	2026-02-15T03:24:09.3691111Z Hit:2 http://azure.archive.ubuntu.com/ubuntu noble InRelease
build	Install dependencies	2026-02-15T03:24:09.3703506Z Hit:3 http://azure.archive.ubuntu.com/ubuntu noble-updates InRelease
build	Install dependencies	2026-02-15T03:24:09.3706445Z Hit:6 https://packages.microsoft.com/repos/azure-cli noble InRelease
build	Install dependencies	2026-02-15T03:24:09.3712957Z Hit:4 http://azure.archive.ubuntu.com/ubuntu noble-backports InRelease
build	Install dependencies	2026-02-15T03:24:09.3722436Z Hit:5 http://azure.archive.ubuntu.com/ubuntu noble-security InRelease
build	Install dependencies	2026-02-15T03:24:09.3767593Z Hit:7 https://packages.microsoft.com/ubuntu/24.04/prod noble InRelease
build	Install dependencies	2026-02-15T03:24:09.7590397Z Hit:8 https://ppa.launchpadcontent.net/ubuntu-toolchain-r/test/ubuntu noble InRelease
build	Install dependencies	2026-02-15T03:24:10.7677439Z Reading package lists...
build	Install dependencies	2026-02-15T03:24:10.9634670Z Building dependency tree...
build	Install dependencies	2026-02-15T03:24:10.9642022Z Reading state information...
build	Install dependencies	2026-02-15T03:24:10.9815948Z 18 packages can be upgraded. Run 'apt list --upgradable' to see them.
build	Install dependencies	2026-02-15T03:24:10.9933923Z 
build	Install dependencies	2026-02-15T03:24:10.9934535Z WARNING: apt does not have a stable CLI interface. Use with caution in scripts.
build	Install dependencies	2026-02-15T03:24:11.0075566Z 
build	Install dependencies	2026-02-15T03:24:11.0076085Z Reading package lists...
build	Install dependencies	2026-02-15T03:24:11.2066875Z Building dependency tree...
build	Install dependencies	2026-02-15T03:24:11.2074812Z Reading state information...
build	Install dependencies	2026-02-15T03:24:11.4072580Z g++-12 is already the newest version (12.4.0-2ubuntu1~24.04).
build	Install dependencies	2026-02-15T03:24:11.4073954Z gcc-12 is already the newest version (12.4.0-2ubuntu1~24.04).
build	Install dependencies	2026-02-15T03:24:11.4074519Z gcc-12 set to manually installed.
build	Install dependencies	2026-02-15T03:24:11.4075191Z pkg-config is already the newest version (1.8.1-2build1).
build	Install dependencies	2026-02-15T03:24:11.4075821Z The following additional packages will be installed:
build	Install dependencies	2026-02-15T03:24:11.4076908Z   bubblewrap bzip2-doc gir1.2-atk-1.0 gir1.2-atspi-2.0 gir1.2-freedesktop
build	Install dependencies	2026-02-15T03:24:11.4077701Z   gir1.2-freedesktop-dev gir1.2-gdkpixbuf-2.0 gir1.2-glib-2.0
build	Install dependencies	2026-02-15T03:24:11.4078412Z   gir1.2-glib-2.0-dev gir1.2-gtk-3.0 gir1.2-harfbuzz-0.0
build	Install dependencies	2026-02-15T03:24:11.4079208Z   gir1.2-javascriptcoregtk-4.1 gir1.2-pango-1.0 gir1.2-soup-3.0
build	Install dependencies	2026-02-15T03:24:11.4080044Z   gir1.2-webkit2-4.1 glib-networking glib-networking-common
build	Install dependencies	2026-02-15T03:24:11.4080940Z   glib-networking-services gsettings-desktop-schemas gstreamer1.0-gl
build	Install dependencies	2026-02-15T03:24:11.4081925Z   gstreamer1.0-plugins-base gstreamer1.0-plugins-good gstreamer1.0-x libaa1
build	Install dependencies	2026-02-15T03:24:11.4083018Z   libasyncns0 libatk-bridge2.0-dev libatk1.0-dev libatspi2.0-dev libavc1394-0
build	Install dependencies	2026-02-15T03:24:11.4084363Z   libblkid-dev libbrotli-dev libbz2-dev libcaca0 libcairo-script-interpreter2
build	Install dependencies	2026-02-15T03:24:11.4085447Z   libcairo2-dev libcdparanoia0 libdatrie-dev libdbus-1-dev libdeflate-dev
build	Install dependencies	2026-02-15T03:24:11.4086411Z   libdrm-dev libdrm-nouveau2 libdrm-radeon1 libdv4t64 libegl-dev libegl-mesa0
build	Install dependencies	2026-02-15T03:24:11.4087443Z   libegl1 libegl1-mesa-dev libepoxy-dev libflac12t64 libfontconfig-dev
build	Install dependencies	2026-02-15T03:24:11.4088530Z   libfreetype-dev libfribidi-dev libgdk-pixbuf-2.0-dev libgdk-pixbuf2.0-bin
build	Install dependencies	2026-02-15T03:24:11.4089635Z   libgirepository-2.0-0 libgl-dev libgl1-mesa-dev libgles-dev libgles1
build	Install dependencies	2026-02-15T03:24:11.4158162Z   libgles2 libglib2.0-0t64 libglib2.0-bin libglib2.0-data libglib2.0-dev
build	Install dependencies	2026-02-15T03:24:11.4159026Z   libglib2.0-dev-bin libglu1-mesa libglut-dev libglut3.12 libglvnd-core-dev
build	Install dependencies	2026-02-15T03:24:11.4159790Z   libglvnd-dev libglx-dev libgraphene-1.0-0 libgraphite2-dev
build	Install dependencies	2026-02-15T03:24:11.4160436Z   libgstreamer-gl1.0-0 libgstreamer-plugins-base1.0-0
build	Install dependencies	2026-02-15T03:24:11.4161183Z   libgstreamer-plugins-good1.0-0 libharfbuzz-cairo0 libharfbuzz-dev
build	Install dependencies	2026-02-15T03:24:11.4162100Z   libharfbuzz-gobject0 libharfbuzz-icu0 libharfbuzz-subset0 libhyphen0
build	Install dependencies	2026-02-15T03:24:11.4163580Z   libice-dev libiec61883-0 libjack-jackd2-0 libjavascriptcoregtk-4.1-0
build	Install dependencies	2026-02-15T03:24:11.4164453Z   libjavascriptcoregtk-4.1-dev libjbig-dev libjpeg-dev libjpeg-turbo8-dev
build	Install dependencies	2026-02-15T03:24:11.4165291Z   libjpeg8-dev liblerc-dev liblzma-dev libmanette-0.2-0 libmount-dev
build	Install dependencies	2026-02-15T03:24:11.4166144Z   libmp3lame0 libmpg123-0t64 libnghttp2-dev libopengl-dev libopengl0 libopus0
build	Install dependencies	2026-02-15T03:24:11.4166974Z   liborc-0.4-0t64 libpango1.0-dev libpangoxft-1.0-0 libpciaccess-dev
build	Install dependencies	2026-02-15T03:24:11.4167718Z   libpipewire-0.3-0t64 libpipewire-0.3-common libpixman-1-dev libpng-dev
build	Install dependencies	2026-02-15T03:24:11.4168538Z   libpng-tools libpng16-16t64 libproxy1v5 libpsl-dev libpthread-stubs0-dev
build	Install dependencies	2026-02-15T03:24:11.4169337Z   libpulse0 libraw1394-11 libsamplerate0 libsecret-1-0 libsecret-common
build	Install dependencies	2026-02-15T03:24:11.4170120Z   libselinux1-dev libsepol-dev libsharpyuv-dev libshout3 libsm-dev libsndfile1
build	Install dependencies	2026-02-15T03:24:11.4170929Z   libsoup-3.0-0 libsoup-3.0-common libsoup-3.0-dev libspa-0.2-modules
build	Install dependencies	2026-02-15T03:24:11.4171729Z   libspeex1 libsysprof-capture-4-dev libtag1v5 libtag1v5-vanilla libthai-dev
build	Install dependencies	2026-02-15T03:24:11.4172579Z   libtheora0 libtiff-dev libtiffxx6 libtwolame0 libv4l-0t64 libv4lconvert0t64
build	Install dependencies	2026-02-15T03:24:11.4173544Z   libvisual-0.4-0 libvorbisenc2 libvpx9 libwavpack1 libwayland-bin
build	Install dependencies	2026-02-15T03:24:11.4174294Z   libwayland-dev libwayland-server0 libwebkit2gtk-4.1-0 libwebp-dev
build	Install dependencies	2026-02-15T03:24:11.4175327Z   libwebpdecoder3 libwebrtc-audio-processing1 libwoff1 libxau-dev
build	Install dependencies	2026-02-15T03:24:11.4176138Z   libxcb-render0-dev libxcb-shm0-dev libxcb1-dev libxdamage-dev libxdmcp-dev
build	Install dependencies	2026-02-15T03:24:11.4177084Z   libxfixes-dev libxft-dev libxi-dev libxkbcommon-dev libxt-dev libxtst-dev
build	Install dependencies	2026-02-15T03:24:11.4177827Z   libxv1 pango1.0-tools session-migration uuid-dev wayland-protocols
build	Install dependencies	2026-02-15T03:24:11.4178431Z   x11proto-dev xdg-dbus-proxy xdg-desktop-portal xdg-desktop-portal-gtk
build	Install dependencies	2026-02-15T03:24:11.4178787Z   xorg-sgml-doctools xtrans-dev
build	Install dependencies	2026-02-15T03:24:11.4179136Z Suggested packages:
build	Install dependencies	2026-02-15T03:24:11.4179478Z   gvfs libasound2-doc libcairo2-doc libdatrie-doc libdv-bin oss-compat
build	Install dependencies	2026-02-15T03:24:11.4179996Z   freetype2-doc low-memory-monitor libglib2.0-doc libxml2-utils
build	Install dependencies	2026-02-15T03:24:11.4180456Z   libgraphite2-utils libvisual-0.4-plugins libgtk-3-doc libice-doc jackd2
build	Install dependencies	2026-02-15T03:24:11.4181052Z   liblzma-doc libnghttp2-doc opus-tools libpango1.0-doc pipewire pulseaudio
build	Install dependencies	2026-02-15T03:24:11.4181598Z   libraw1394-doc libsm-doc libsoup-3.0-doc speex libthai-doc libwayland-doc
build	Install dependencies	2026-02-15T03:24:11.4182118Z   gstreamer1.0-libav gstreamer1.0-plugins-bad gstreamer1.0-alsa libx11-doc
build	Install dependencies	2026-02-15T03:24:11.4182703Z   libxcb-doc libxext-doc libxt-doc graphicsmagick accountsservice evince
build	Install dependencies	2026-02-15T03:24:11.4183061Z   xdg-desktop-portal-gnome
build	Install dependencies	2026-02-15T03:24:11.5691752Z The following NEW packages will be installed:
build	Install dependencies	2026-02-15T03:24:11.5692668Z   bubblewrap bzip2-doc freeglut3-dev gir1.2-atk-1.0 gir1.2-atspi-2.0
build	Install dependencies	2026-02-15T03:24:11.5693615Z   gir1.2-freedesktop gir1.2-freedesktop-dev gir1.2-gdkpixbuf-2.0
build	Install dependencies	2026-02-15T03:24:11.5694448Z   gir1.2-glib-2.0-dev gir1.2-gtk-3.0 gir1.2-harfbuzz-0.0
build	Install dependencies	2026-02-15T03:24:11.5695280Z   gir1.2-javascriptcoregtk-4.1 gir1.2-pango-1.0 gir1.2-soup-3.0
build	Install dependencies	2026-02-15T03:24:11.5696020Z   gir1.2-webkit2-4.1 glib-networking glib-networking-common
build	Install dependencies	2026-02-15T03:24:11.5696922Z   glib-networking-services gsettings-desktop-schemas gstreamer1.0-gl
build	Install dependencies	2026-02-15T03:24:11.5697728Z   gstreamer1.0-plugins-base gstreamer1.0-plugins-good gstreamer1.0-x libaa1
build	Install dependencies	2026-02-15T03:24:11.5698658Z   libasound2-dev libasyncns0 libatk-bridge2.0-dev libatk1.0-dev
build	Install dependencies	2026-02-15T03:24:11.5699200Z   libatspi2.0-dev libavc1394-0 libblkid-dev libbrotli-dev libbz2-dev libcaca0
build	Install dependencies	2026-02-15T03:24:11.5699831Z   libcairo-script-interpreter2 libcairo2-dev libcdparanoia0 libdatrie-dev
build	Install dependencies	2026-02-15T03:24:11.5700392Z   libdbus-1-dev libdeflate-dev libdrm-dev libdrm-nouveau2 libdrm-radeon1
build	Install dependencies	2026-02-15T03:24:11.5700936Z   libdv4t64 libegl-dev libegl-mesa0 libegl1 libegl1-mesa-dev libepoxy-dev
build	Install dependencies	2026-02-15T03:24:11.5702047Z   libflac12t64 libfontconfig-dev libfreetype-dev libfribidi-dev
build	Install dependencies	2026-02-15T03:24:11.5702971Z   libgdk-pixbuf-2.0-dev libgdk-pixbuf2.0-bin libgirepository-2.0-0 libgl-dev
build	Install dependencies	2026-02-15T03:24:11.5703759Z   libgl1-mesa-dev libgles-dev libgles1 libgles2 libglib2.0-dev
build	Install dependencies	2026-02-15T03:24:11.5704265Z   libglib2.0-dev-bin libglu1-mesa libglu1-mesa-dev libglut-dev libglut3.12
build	Install dependencies	2026-02-15T03:24:11.5704833Z   libglvnd-core-dev libglvnd-dev libglx-dev libgraphene-1.0-0 libgraphite2-dev
build	Install dependencies	2026-02-15T03:24:11.5705341Z   libgstreamer-gl1.0-0 libgstreamer-plugins-base1.0-0
build	Install dependencies	2026-02-15T03:24:11.5705811Z   libgstreamer-plugins-good1.0-0 libgtk-3-dev libharfbuzz-cairo0
build	Install dependencies	2026-02-15T03:24:11.5706370Z   libharfbuzz-dev libharfbuzz-gobject0 libharfbuzz-icu0 libharfbuzz-subset0
build	Install dependencies	2026-02-15T03:24:11.5707145Z   libhyphen0 libice-dev libiec61883-0 libjack-jackd2-0 libjack-jackd2-dev
build	Install dependencies	2026-02-15T03:24:11.5707693Z   libjavascriptcoregtk-4.1-0 libjavascriptcoregtk-4.1-dev libjbig-dev
build	Install dependencies	2026-02-15T03:24:11.5708121Z   libjpeg-dev libjpeg-turbo8-dev libjpeg8-dev liblerc-dev liblzma-dev
build	Install dependencies	2026-02-15T03:24:11.5708584Z   libmanette-0.2-0 libmount-dev libmp3lame0 libmpg123-0t64 libnghttp2-dev
build	Install dependencies	2026-02-15T03:24:11.5709017Z   libopengl-dev libopengl0 libopus0 liborc-0.4-0t64 libpango1.0-dev
build	Install dependencies	2026-02-15T03:24:11.5709402Z   libpangoxft-1.0-0 libpciaccess-dev libpipewire-0.3-0t64
build	Install dependencies	2026-02-15T03:24:11.5709817Z   libpipewire-0.3-common libpixman-1-dev libpng-dev libpng-tools libproxy1v5
build	Install dependencies	2026-02-15T03:24:11.5710772Z   libpsl-dev libpthread-stubs0-dev libpulse0 libraw1394-11 libsamplerate0
build	Install dependencies	2026-02-15T03:24:11.5711287Z   libsecret-1-0 libsecret-common libselinux1-dev libsepol-dev libsharpyuv-dev
build	Install dependencies	2026-02-15T03:24:11.5711723Z   libshout3 libsm-dev libsndfile1 libsoup-3.0-0 libsoup-3.0-common
build	Install dependencies	2026-02-15T03:24:11.5712140Z   libsoup-3.0-dev libspa-0.2-modules libspeex1 libsysprof-capture-4-dev
build	Install dependencies	2026-02-15T03:24:11.5712581Z   libtag1v5 libtag1v5-vanilla libthai-dev libtheora0 libtiff-dev libtiffxx6
build	Install dependencies	2026-02-15T03:24:11.5713032Z   libtwolame0 libv4l-0t64 libv4lconvert0t64 libvisual-0.4-0 libvorbisenc2
build	Install dependencies	2026-02-15T03:24:11.5713691Z   libvpx9 libwavpack1 libwayland-bin libwayland-dev libwayland-server0
build	Install dependencies	2026-02-15T03:24:11.5714128Z   libwebkit2gtk-4.1-0 libwebkit2gtk-4.1-dev libwebp-dev libwebpdecoder3
build	Install dependencies	2026-02-15T03:24:11.5714538Z   libwebrtc-audio-processing1 libwoff1 libx11-dev libxau-dev
build	Install dependencies	2026-02-15T03:24:11.5714931Z   libxcb-render0-dev libxcb-shm0-dev libxcb1-dev libxcomposite-dev
build	Install dependencies	2026-02-15T03:24:11.5715357Z   libxcursor-dev libxdamage-dev libxdmcp-dev libxext-dev libxfixes-dev
build	Install dependencies	2026-02-15T03:24:11.5715797Z   libxft-dev libxi-dev libxinerama-dev libxkbcommon-dev libxrandr-dev
build	Install dependencies	2026-02-15T03:24:11.5716226Z   libxrender-dev libxt-dev libxtst-dev libxv1 mesa-common-dev ninja-build
build	Install dependencies	2026-02-15T03:24:11.5716684Z   pango1.0-tools session-migration uuid-dev wayland-protocols x11proto-dev
build	Install dependencies	2026-02-15T03:24:11.5717153Z   xdg-dbus-proxy xdg-desktop-portal xdg-desktop-portal-gtk xorg-sgml-doctools
build	Install dependencies	2026-02-15T03:24:11.5717524Z   xtrans-dev
build	Install dependencies	2026-02-15T03:24:11.5719223Z The following packages will be upgraded:
build	Install dependencies	2026-02-15T03:24:11.5722437Z   gir1.2-glib-2.0 libglib2.0-0t64 libglib2.0-bin libglib2.0-data
build	Install dependencies	2026-02-15T03:24:11.5729591Z   libpng16-16t64
build	Install dependencies	2026-02-15T03:24:11.6251445Z 5 upgraded, 185 newly installed, 0 to remove and 13 not upgraded.
build	Install dependencies	2026-02-15T03:24:11.6877841Z Need to get 65.8 MB of archives.
build	Install dependencies	2026-02-15T03:24:11.6878576Z After this operation, 265 MB of additional disk space will be used.
build	Install dependencies	2026-02-15T03:24:11.6879324Z Get:1 file:/etc/apt/apt-mirrors.txt Mirrorlist [144 B]
build	Install dependencies	2026-02-15T03:24:11.7292022Z Get:2 http://azure.archive.ubuntu.com/ubuntu noble-updates/main amd64 libglib2.0-data all 2.80.0-6ubuntu3.8 [49.6 kB]
build	Install dependencies	2026-02-15T03:24:11.7529063Z Get:3 http://azure.archive.ubuntu.com/ubuntu noble-updates/main amd64 libglib2.0-bin amd64 2.80.0-6ubuntu3.8 [97.9 kB]
build	Install dependencies	2026-02-15T03:24:11.7757587Z Get:4 http://azure.archive.ubuntu.com/ubuntu noble-updates/main amd64 gir1.2-glib-2.0 amd64 2.80.0-6ubuntu3.8 [183 kB]
build	Install dependencies	2026-02-15T03:24:11.7996013Z Get:5 http://azure.archive.ubuntu.com/ubuntu noble-updates/main amd64 libglib2.0-0t64 amd64 2.80.0-6ubuntu3.8 [1545 kB]
build	Install dependencies	2026-02-15T03:24:11.8385734Z Get:6 http://azure.archive.ubuntu.com/ubuntu noble-updates/main amd64 libpng16-16t64 amd64 1.6.43-5ubuntu0.5 [188 kB]
build	Install dependencies	2026-02-15T03:24:11.8622306Z Get:7 http://azure.archive.ubuntu.com/ubuntu noble-updates/main amd64 bubblewrap amd64 0.9.0-1ubuntu0.1 [50.2 kB]
build	Install dependencies	2026-02-15T03:24:11.8846856Z Get:8 http://azure.archive.ubuntu.com/ubuntu noble-updates/main amd64 bzip2-doc all 1.0.8-5.1build0.1 [499 kB]
build	Install dependencies	2026-02-15T03:24:11.9100967Z Get:9 http://azure.archive.ubuntu.com/ubuntu noble/universe amd64 libglut3.12 amd64 3.4.0-1build1 [98.0 kB]
build	Install dependencies	2026-02-15T03:24:11.9330831Z Get:10 http://azure.archive.ubuntu.com/ubuntu noble/main amd64 xorg-sgml-doctools all 1:1.11-1.1 [10.9 kB]
build	Install dependencies	2026-02-15T03:24:11.9551752Z Get:11 http://azure.archive.ubuntu.com/ubuntu noble/main amd64 x11proto-dev all 2023.2-1 [602 kB]
build	Install dependencies	2026-02-15T03:24:11.9821305Z Get:12 http://azure.archive.ubuntu.com/ubuntu noble/main amd64 libxau-dev amd64 1:1.0.9-1build6 [9570 B]
build	Install dependencies	2026-02-15T03:24:12.0043496Z Get:13 http://azure.archive.ubuntu.com/ubuntu noble/main amd64 libxdmcp-dev amd64 1:1.1.3-0ubuntu6 [26.5 kB]
build	Install dependencies	2026-02-15T03:24:12.0269940Z Get:14 http://azure.archive.ubuntu.com/ubuntu noble/main amd64 xtrans-dev all 1.4.0-1 [68.9 kB]
build	Install dependencies	2026-02-15T03:24:12.0495224Z Get:15 http://azure.archive.ubuntu.com/ubuntu noble/main amd64 libpthread-stubs0-dev amd64 0.4-1build3 [4746 B]
build	Install dependencies	2026-02-15T03:24:12.0720022Z Get:16 http://azure.archive.ubuntu.com/ubuntu noble/main amd64 libxcb1-dev amd64 1.15-1ubuntu2 [85.8 kB]
build	Install dependencies	2026-02-15T03:24:12.0945202Z Get:17 http://azure.archive.ubuntu.com/ubuntu noble/main amd64 libx11-dev amd64 2:1.8.7-1build1 [732 kB]
build	Install dependencies	2026-02-15T03:24:12.1232579Z Get:18 http://azure.archive.ubuntu.com/ubuntu noble/main amd64 libglx-dev amd64 1.7.0-1build1 [14.2 kB]
build	Install dependencies	2026-02-15T03:24:12.1454245Z Get:19 http://azure.archive.ubuntu.com/ubuntu noble/main amd64 libgl-dev amd64 1.7.0-1build1 [102 kB]
build	Install dependencies	2026-02-15T03:24:12.2137702Z Get:20 http://azure.archive.ubuntu.com/ubuntu noble/main amd64 libglvnd-core-dev amd64 1.7.0-1build1 [13.6 kB]
build	Install dependencies	2026-02-15T03:24:12.2361740Z Get:21 http://azure.archive.ubuntu.com/ubuntu noble-updates/main amd64 libegl-mesa0 amd64 25.2.8-0ubuntu0.24.04.1 [117 kB]
build	Install dependencies	2026-02-15T03:24:12.2598239Z Get:22 http://azure.archive.ubuntu.com/ubuntu noble/main amd64 libegl1 amd64 1.7.0-1build1 [28.7 kB]
build	Install dependencies	2026-02-15T03:24:12.2817340Z Get:23 http://azure.archive.ubuntu.com/ubuntu noble/main amd64 libegl-dev amd64 1.7.0-1build1 [18.2 kB]
build	Install dependencies	2026-02-15T03:24:12.3039905Z Get:24 http://azure.archive.ubuntu.com/ubuntu noble/main amd64 libgles1 amd64 1.7.0-1build1 [11.6 kB]
build	Install dependencies	2026-02-15T03:24:12.3261085Z Get:25 http://azure.archive.ubuntu.com/ubuntu noble/main amd64 libgles2 amd64 1.7.0-1build1 [17.1 kB]
build	Install dependencies	2026-02-15T03:24:12.3484203Z Get:26 http://azure.archive.ubuntu.com/ubuntu noble/main amd64 libgles-dev amd64 1.7.0-1build1 [50.5 kB]
build	Install dependencies	2026-02-15T03:24:12.3734946Z Get:27 http://azure.archive.ubuntu.com/ubuntu noble/main amd64 libopengl0 amd64 1.7.0-1build1 [32.8 kB]
build	Install dependencies	2026-02-15T03:24:12.3957163Z Get:28 http://azure.archive.ubuntu.com/ubuntu noble/main amd64 libopengl-dev amd64 1.7.0-1build1 [3454 B]
build	Install dependencies	2026-02-15T03:24:12.4176204Z Get:29 http://azure.archive.ubuntu.com/ubuntu noble/main amd64 libglvnd-dev amd64 1.7.0-1build1 [3198 B]
build	Install dependencies	2026-02-15T03:24:12.4394391Z Get:30 http://azure.archive.ubuntu.com/ubuntu noble-updates/main amd64 libgl1-mesa-dev amd64 25.2.8-0ubuntu0.24.04.1 [22.5 kB]
build	Install dependencies	2026-02-15T03:24:12.4620340Z Get:31 http://azure.archive.ubuntu.com/ubuntu noble/main amd64 libglu1-mesa amd64 9.0.2-1.1build1 [152 kB]
build	Install dependencies	2026-02-15T03:24:12.4856475Z Get:32 http://azure.archive.ubuntu.com/ubuntu noble/main amd64 libglu1-mesa-dev amd64 9.0.2-1.1build1 [237 kB]
build	Install dependencies	2026-02-15T03:24:12.5104265Z Get:33 http://azure.archive.ubuntu.com/ubuntu noble/main amd64 libxext-dev amd64 2:1.3.4-1build2 [83.5 kB]
build	Install dependencies	2026-02-15T03:24:12.5328328Z Get:34 http://azure.archive.ubuntu.com/ubuntu noble/main amd64 libice-dev amd64 2:1.0.10-1build3 [51.0 kB]
build	Install dependencies	2026-02-15T03:24:12.5556523Z Get:35 http://azure.archive.ubuntu.com/ubuntu noble/main amd64 libsm-dev amd64 2:1.2.3-1build3 [17.8 kB]
build	Install dependencies	2026-02-15T03:24:12.5780300Z Get:36 http://azure.archive.ubuntu.com/ubuntu noble/main amd64 libxt-dev amd64 1:1.2.1-1.2build1 [394 kB]
build	Install dependencies	2026-02-15T03:24:12.6035541Z Get:37 http://azure.archive.ubuntu.com/ubuntu noble/universe amd64 libglut-dev amd64 3.4.0-1build1 [125 kB]
build	Install dependencies	2026-02-15T03:24:12.6262520Z Get:38 http://azure.archive.ubuntu.com/ubuntu noble/universe amd64 freeglut3-dev amd64 3.4.0-1build1 [2022 B]
build	Install dependencies	2026-02-15T03:24:12.6937538Z Get:39 http://azure.archive.ubuntu.com/ubuntu noble/main amd64 gir1.2-atk-1.0 amd64 2.52.0-1build1 [23.1 kB]
build	Install dependencies	2026-02-15T03:24:12.7159125Z Get:40 http://azure.archive.ubuntu.com/ubuntu noble/main amd64 gir1.2-freedesktop amd64 1.80.1-1 [49.7 kB]
build	Install dependencies	2026-02-15T03:24:12.7387370Z Get:41 http://azure.archive.ubuntu.com/ubuntu noble/main amd64 gir1.2-atspi-2.0 amd64 2.52.0-1build1 [19.8 kB]
build	Install dependencies	2026-02-15T03:24:12.7611464Z Get:42 http://azure.archive.ubuntu.com/ubuntu noble-updates/main amd64 gir1.2-glib-2.0-dev amd64 2.80.0-6ubuntu3.8 [848 kB]
build	Install dependencies	2026-02-15T03:24:12.7910016Z Get:43 http://azure.archive.ubuntu.com/ubuntu noble/main amd64 gir1.2-freedesktop-dev amd64 1.80.1-1 [28.8 kB]
build	Install dependencies	2026-02-15T03:24:12.8130809Z Get:44 http://azure.archive.ubuntu.com/ubuntu noble-updates/main amd64 gir1.2-gdkpixbuf-2.0 amd64 2.42.10+dfsg-3ubuntu3.2 [9488 B]
build	Install dependencies	2026-02-15T03:24:12.8357392Z Get:45 http://azure.archive.ubuntu.com/ubuntu noble/main amd64 libharfbuzz-gobject0 amd64 8.3.0-2build2 [34.3 kB]
build	Install dependencies	2026-02-15T03:24:12.8594013Z Get:46 http://azure.archive.ubuntu.com/ubuntu noble/main amd64 gir1.2-harfbuzz-0.0 amd64 8.3.0-2build2 [44.5 kB]
build	Install dependencies	2026-02-15T03:24:12.8823703Z Get:47 http://azure.archive.ubuntu.com/ubuntu noble/main amd64 libpangoxft-1.0-0 amd64 1.52.1+ds-1build1 [20.3 kB]
build	Install dependencies	2026-02-15T03:24:12.9042551Z Get:48 http://azure.archive.ubuntu.com/ubuntu noble/main amd64 gir1.2-pango-1.0 amd64 1.52.1+ds-1build1 [34.8 kB]
build	Install dependencies	2026-02-15T03:24:12.9262407Z Get:49 http://azure.archive.ubuntu.com/ubuntu noble-updates/main amd64 gir1.2-gtk-3.0 amd64 3.24.41-4ubuntu1.3 [245 kB]
build	Install dependencies	2026-02-15T03:24:12.9505905Z Get:50 http://azure.archive.ubuntu.com/ubuntu noble-updates/main amd64 libjavascriptcoregtk-4.1-0 amd64 2.50.4-0ubuntu0.24.04.1 [7934 kB]
build	Install dependencies	2026-02-15T03:24:13.0376621Z Get:51 http://azure.archive.ubuntu.com/ubuntu noble-updates/main amd64 gir1.2-javascriptcoregtk-4.1 amd64 2.50.4-0ubuntu0.24.04.1 [38.6 kB]
build	Install dependencies	2026-02-15T03:24:13.0595010Z Get:52 http://azure.archive.ubuntu.com/ubuntu noble/main amd64 libproxy1v5 amd64 0.5.4-4build1 [26.5 kB]
build	Install dependencies	2026-02-15T03:24:13.0821167Z Get:53 http://azure.archive.ubuntu.com/ubuntu noble/main amd64 glib-networking-common all 2.80.0-1build1 [6702 B]
build	Install dependencies	2026-02-15T03:24:13.1044050Z Get:54 http://azure.archive.ubuntu.com/ubuntu noble/main amd64 glib-networking-services amd64 2.80.0-1build1 [12.8 kB]
build	Install dependencies	2026-02-15T03:24:13.1261804Z Get:55 http://azure.archive.ubuntu.com/ubuntu noble/main amd64 session-migration amd64 0.3.9build1 [9034 B]
build	Install dependencies	2026-02-15T03:24:13.1481463Z Get:56 http://azure.archive.ubuntu.com/ubuntu noble-updates/main amd64 gsettings-desktop-schemas all 46.1-0ubuntu1 [35.6 kB]
build	Install dependencies	2026-02-15T03:24:13.2132177Z Get:57 http://azure.archive.ubuntu.com/ubuntu noble/main amd64 glib-networking amd64 2.80.0-1build1 [64.1 kB]
build	Install dependencies	2026-02-15T03:24:13.2357597Z Get:58 http://azure.archive.ubuntu.com/ubuntu noble-updates/main amd64 libsoup-3.0-common all 3.4.4-5ubuntu0.7 [11.6 kB]
build	Install dependencies	2026-02-15T03:24:13.2586076Z Get:59 http://azure.archive.ubuntu.com/ubuntu noble-updates/main amd64 libsoup-3.0-0 amd64 3.4.4-5ubuntu0.7 [292 kB]
build	Install dependencies	2026-02-15T03:24:13.2829487Z Get:60 http://azure.archive.ubuntu.com/ubuntu noble-updates/main amd64 gir1.2-soup-3.0 amd64 3.4.4-5ubuntu0.7 [22.5 kB]
build	Install dependencies	2026-02-15T03:24:13.3050993Z Get:61 http://azure.archive.ubuntu.com/ubuntu noble/main amd64 libcdparanoia0 amd64 3.10.2+debian-14build3 [48.5 kB]
build	Install dependencies	2026-02-15T03:24:13.3278965Z Get:62 http://azure.archive.ubuntu.com/ubuntu noble-updates/main amd64 liborc-0.4-0t64 amd64 1:0.4.38-1ubuntu0.1 [207 kB]
build	Install dependencies	2026-02-15T03:24:13.3515867Z Get:63 http://azure.archive.ubuntu.com/ubuntu noble-updates/main amd64 libgstreamer-plugins-base1.0-0 amd64 1.24.2-1ubuntu0.3 [862 kB]
build	Install dependencies	2026-02-15T03:24:13.3799900Z Get:64 http://azure.archive.ubuntu.com/ubuntu noble/main amd64 libopus0 amd64 1.4-1build1 [208 kB]
build	Install dependencies	2026-02-15T03:24:13.4037386Z Get:65 http://azure.archive.ubuntu.com/ubuntu noble/main amd64 libtheora0 amd64 1.1.1+dfsg.1-16.1build3 [211 kB]
build	Install dependencies	2026-02-15T03:24:13.4273051Z Get:66 http://azure.archive.ubuntu.com/ubuntu noble/main amd64 libvisual-0.4-0 amd64 0.4.2-2build1 [115 kB]
build	Install dependencies	2026-02-15T03:24:13.4498952Z Get:67 http://azure.archive.ubuntu.com/ubuntu noble/main amd64 libvorbisenc2 amd64 1.3.7-1build3 [80.8 kB]
build	Install dependencies	2026-02-15T03:24:13.4731001Z Get:68 http://azure.archive.ubuntu.com/ubuntu noble-updates/main amd64 gstreamer1.0-plugins-base amd64 1.24.2-1ubuntu0.3 [721 kB]
build	Install dependencies	2026-02-15T03:24:13.5005822Z Get:69 http://azure.archive.ubuntu.com/ubuntu noble/main amd64 libaa1 amd64 1.4p5-51.1 [49.9 kB]
build	Install dependencies	2026-02-15T03:24:13.5225917Z Get:70 http://azure.archive.ubuntu.com/ubuntu noble/main amd64 libraw1394-11 amd64 2.1.2-2build3 [26.2 kB]
build	Install dependencies	2026-02-15T03:24:13.5448988Z Get:71 http://azure.archive.ubuntu.com/ubuntu noble/main amd64 libavc1394-0 amd64 0.5.4-5build3 [15.4 kB]
build	Install dependencies	2026-02-15T03:24:13.5669017Z Get:72 http://azure.archive.ubuntu.com/ubuntu noble-updates/main amd64 libcaca0 amd64 0.99.beta20-4ubuntu0.1 [209 kB]
build	Install dependencies	2026-02-15T03:24:13.5909798Z Get:73 http://azure.archive.ubuntu.com/ubuntu noble/main amd64 libdv4t64 amd64 1.0.0-17.1build1 [63.2 kB]
build	Install dependencies	2026-02-15T03:24:13.6137280Z Get:74 http://azure.archive.ubuntu.com/ubuntu noble/main amd64 libflac12t64 amd64 1.4.3+ds-2.1ubuntu2 [197 kB]
build	Install dependencies	2026-02-15T03:24:13.6372154Z Get:75 http://azure.archive.ubuntu.com/ubuntu noble-updates/main amd64 libgstreamer-plugins-good1.0-0 amd64 1.24.2-1ubuntu1.2 [33.0 kB]
build	Install dependencies	2026-02-15T03:24:13.7015954Z Get:76 http://azure.archive.ubuntu.com/ubuntu noble/main amd64 libiec61883-0 amd64 1.2.0-6build1 [24.5 kB]
build	Install dependencies	2026-02-15T03:24:13.7237518Z Get:77 http://azure.archive.ubuntu.com/ubuntu noble/main amd64 libmp3lame0 amd64 3.100-6build1 [142 kB]
build	Install dependencies	2026-02-15T03:24:13.7489639Z Get:78 http://azure.archive.ubuntu.com/ubuntu noble-updates/main amd64 libmpg123-0t64 amd64 1.32.5-1ubuntu1.1 [169 kB]
build	Install dependencies	2026-02-15T03:24:13.7722362Z Get:79 http://azure.archive.ubuntu.com/ubuntu noble/main amd64 libasyncns0 amd64 0.8-6build4 [11.3 kB]
build	Install dependencies	2026-02-15T03:24:13.7945068Z Get:80 http://azure.archive.ubuntu.com/ubuntu noble-updates/main amd64 libsndfile1 amd64 1.2.2-1ubuntu5.24.04.1 [209 kB]
build	Install dependencies	2026-02-15T03:24:13.8203126Z Get:81 http://azure.archive.ubuntu.com/ubuntu noble-updates/main amd64 libpulse0 amd64 1:16.1+dfsg1-2ubuntu10.1 [292 kB]
build	Install dependencies	2026-02-15T03:24:13.8449287Z Get:82 http://azure.archive.ubuntu.com/ubuntu noble-updates/main amd64 libspeex1 amd64 1.2.1-2ubuntu2.24.04.1 [59.6 kB]
build	Install dependencies	2026-02-15T03:24:13.8677770Z Get:83 http://azure.archive.ubuntu.com/ubuntu noble/main amd64 libshout3 amd64 2.4.6-1build2 [50.3 kB]
build	Install dependencies	2026-02-15T03:24:13.8910095Z Get:84 http://azure.archive.ubuntu.com/ubuntu noble/main amd64 libtag1v5-vanilla amd64 1.13.1-1build1 [326 kB]
build	Install dependencies	2026-02-15T03:24:13.9191028Z Get:85 http://azure.archive.ubuntu.com/ubuntu noble/main amd64 libtag1v5 amd64 1.13.1-1build1 [11.7 kB]
build	Install dependencies	2026-02-15T03:24:13.9417504Z Get:86 http://azure.archive.ubuntu.com/ubuntu noble/main amd64 libtwolame0 amd64 0.4.0-2build3 [52.3 kB]
build	Install dependencies	2026-02-15T03:24:13.9649082Z Get:87 http://azure.archive.ubuntu.com/ubuntu noble/main amd64 libv4lconvert0t64 amd64 1.26.1-4build3 [87.6 kB]
build	Install dependencies	2026-02-15T03:24:13.9876967Z Get:88 http://azure.archive.ubuntu.com/ubuntu noble/main amd64 libv4l-0t64 amd64 1.26.1-4build3 [46.9 kB]
build	Install dependencies	2026-02-15T03:24:14.0101437Z Get:89 http://azure.archive.ubuntu.com/ubuntu noble-updates/main amd64 libvpx9 amd64 1.14.0-1ubuntu2.2 [1143 kB]
build	Install dependencies	2026-02-15T03:24:14.0436294Z Get:90 http://azure.archive.ubuntu.com/ubuntu noble/main amd64 libwavpack1 amd64 5.6.0-1build1 [84.6 kB]
build	Install dependencies	2026-02-15T03:24:14.0666164Z Get:91 http://azure.archive.ubuntu.com/ubuntu noble-updates/main amd64 gstreamer1.0-plugins-good amd64 1.24.2-1ubuntu1.2 [2238 kB]
build	Install dependencies	2026-02-15T03:24:14.1098725Z Get:92 http://azure.archive.ubuntu.com/ubuntu noble-updates/main amd64 xdg-dbus-proxy amd64 0.1.5-1ubuntu0.1 [26.2 kB]
build	Install dependencies	2026-02-15T03:24:14.1321560Z Get:93 http://azure.archive.ubuntu.com/ubuntu noble-updates/main amd64 libgstreamer-gl1.0-0 amd64 1.24.2-1ubuntu0.3 [214 kB]
build	Install dependencies	2026-02-15T03:24:14.2217530Z Get:94 http://azure.archive.ubuntu.com/ubuntu noble/main amd64 libharfbuzz-icu0 amd64 8.3.0-2build2 [13.3 kB]
build	Install dependencies	2026-02-15T03:24:14.2437696Z Get:95 http://azure.archive.ubuntu.com/ubuntu noble/main amd64 libhyphen0 amd64 2.8.8-7build3 [26.5 kB]
build	Install dependencies	2026-02-15T03:24:14.2770728Z Get:96 http://azure.archive.ubuntu.com/ubuntu noble/main amd64 libmanette-0.2-0 amd64 0.2.7-1build2 [30.6 kB]
build	Install dependencies	2026-02-15T03:24:14.3119847Z Get:97 http://azure.archive.ubuntu.com/ubuntu noble/main amd64 libsecret-common all 0.21.4-1build3 [4962 B]
build	Install dependencies	2026-02-15T03:24:14.3340792Z Get:98 http://azure.archive.ubuntu.com/ubuntu noble/main amd64 libsecret-1-0 amd64 0.21.4-1build3 [116 kB]
build	Install dependencies	2026-02-15T03:24:14.3944096Z Get:99 http://azure.archive.ubuntu.com/ubuntu noble/main amd64 libwayland-server0 amd64 1.22.0-2.1build1 [33.9 kB]
build	Install dependencies	2026-02-15T03:24:14.4190110Z Get:100 http://azure.archive.ubuntu.com/ubuntu noble/main amd64 libwoff1 amd64 1.0.2-2build1 [45.3 kB]
build	Install dependencies	2026-02-15T03:24:14.4456079Z Get:101 http://azure.archive.ubuntu.com/ubuntu noble-updates/main amd64 libwebkit2gtk-4.1-0 amd64 2.50.4-0ubuntu0.24.04.1 [24.1 MB]
build	Install dependencies	2026-02-15T03:24:14.7598541Z Get:102 http://azure.archive.ubuntu.com/ubuntu noble-updates/main amd64 gir1.2-webkit2-4.1 amd64 2.50.4-0ubuntu0.24.04.1 [105 kB]
build	Install dependencies	2026-02-15T03:24:14.7941887Z Get:103 http://azure.archive.ubuntu.com/ubuntu noble/main amd64 libgraphene-1.0-0 amd64 1.10.8-3build2 [46.2 kB]
build	Install dependencies	2026-02-15T03:24:14.8258093Z Get:104 http://azure.archive.ubuntu.com/ubuntu noble-updates/main amd64 gstreamer1.0-gl amd64 1.24.2-1ubuntu0.3 [116 kB]
build	Install dependencies	2026-02-15T03:24:14.8574306Z Get:105 http://azure.archive.ubuntu.com/ubuntu noble/main amd64 libxv1 amd64 2:1.0.11-1.1build1 [10.7 kB]
build	Install dependencies	2026-02-15T03:24:14.8883724Z Get:106 http://azure.archive.ubuntu.com/ubuntu noble-updates/main amd64 gstreamer1.0-x amd64 1.24.2-1ubuntu0.3 [85.1 kB]
build	Install dependencies	2026-02-15T03:24:14.9280395Z Get:107 http://azure.archive.ubuntu.com/ubuntu noble-updates/main amd64 libasound2-dev amd64 1.2.11-1ubuntu0.1 [115 kB]
build	Install dependencies	2026-02-15T03:24:14.9594428Z Get:108 http://azure.archive.ubuntu.com/ubuntu noble-updates/main amd64 libglib2.0-dev-bin amd64 2.80.0-6ubuntu3.8 [138 kB]
build	Install dependencies	2026-02-15T03:24:14.9920283Z Get:109 http://azure.archive.ubuntu.com/ubuntu noble-updates/main amd64 uuid-dev amd64 2.39.3-9ubuntu6.4 [33.5 kB]
build	Install dependencies	2026-02-15T03:24:15.0232021Z Get:110 http://azure.archive.ubuntu.com/ubuntu noble-updates/main amd64 libblkid-dev amd64 2.39.3-9ubuntu6.4 [204 kB]
build	Install dependencies	2026-02-15T03:24:15.0600634Z Get:111 http://azure.archive.ubuntu.com/ubuntu noble/main amd64 libsepol-dev amd64 3.5-2build1 [384 kB]
build	Install dependencies	2026-02-15T03:24:15.0880103Z Get:112 http://azure.archive.ubuntu.com/ubuntu noble-updates/main amd64 libselinux1-dev amd64 3.5-2ubuntu2.1 [164 kB]
build	Install dependencies	2026-02-15T03:24:15.1110120Z Get:113 http://azure.archive.ubuntu.com/ubuntu noble-updates/main amd64 libmount-dev amd64 2.39.3-9ubuntu6.4 [14.9 kB]
build	Install dependencies	2026-02-15T03:24:15.1331716Z Get:114 http://azure.archive.ubuntu.com/ubuntu noble-updates/main amd64 libgirepository-2.0-0 amd64 2.80.0-6ubuntu3.8 [73.6 kB]
build	Install dependencies	2026-02-15T03:24:15.1741281Z Get:115 http://azure.archive.ubuntu.com/ubuntu noble-updates/main amd64 libglib2.0-dev amd64 2.80.0-6ubuntu3.8 [1860 kB]
build	Install dependencies	2026-02-15T03:24:15.2319877Z Get:116 http://azure.archive.ubuntu.com/ubuntu noble/main amd64 libatk1.0-dev amd64 2.52.0-1build1 [100 kB]
build	Install dependencies	2026-02-15T03:24:15.2549292Z Get:117 http://azure.archive.ubuntu.com/ubuntu noble-updates/main amd64 libdbus-1-dev amd64 1.14.10-4ubuntu4.1 [190 kB]
build	Install dependencies	2026-02-15T03:24:15.2783763Z Get:118 http://azure.archive.ubuntu.com/ubuntu noble/main amd64 libxfixes-dev amd64 1:6.0.0-2build1 [12.1 kB]
build	Install dependencies	2026-02-15T03:24:15.3002185Z Get:119 http://azure.archive.ubuntu.com/ubuntu noble/main amd64 libxi-dev amd64 2:1.8.1-1build1 [194 kB]
build	Install dependencies	2026-02-15T03:24:15.3238525Z Get:120 http://azure.archive.ubuntu.com/ubuntu noble/main amd64 libxtst-dev amd64 2:1.2.3-1.1build1 [15.9 kB]
build	Install dependencies	2026-02-15T03:24:15.3986229Z Get:121 http://azure.archive.ubuntu.com/ubuntu noble/main amd64 libatspi2.0-dev amd64 2.52.0-1build1 [76.2 kB]
build	Install dependencies	2026-02-15T03:24:15.4336513Z Get:122 http://azure.archive.ubuntu.com/ubuntu noble/main amd64 libatk-bridge2.0-dev amd64 2.52.0-1build1 [4284 B]
build	Install dependencies	2026-02-15T03:24:15.4655757Z Get:123 http://azure.archive.ubuntu.com/ubuntu noble/main amd64 libbrotli-dev amd64 1.1.0-2build2 [353 kB]
build	Install dependencies	2026-02-15T03:24:15.5119038Z Get:124 http://azure.archive.ubuntu.com/ubuntu noble-updates/main amd64 libbz2-dev amd64 1.0.8-5.1build0.1 [33.6 kB]
build	Install dependencies	2026-02-15T03:24:15.5424405Z Get:125 http://azure.archive.ubuntu.com/ubuntu noble/main amd64 libcairo-script-interpreter2 amd64 1.18.0-3build1 [60.3 kB]
build	Install dependencies	2026-02-15T03:24:15.5740923Z Get:126 http://azure.archive.ubuntu.com/ubuntu noble-updates/main amd64 libpng-dev amd64 1.6.43-5ubuntu0.5 [265 kB]
build	Install dependencies	2026-02-15T03:24:15.6178632Z Get:127 http://azure.archive.ubuntu.com/ubuntu noble/main amd64 libfreetype-dev amd64 2.13.2+dfsg-1build3 [575 kB]
build	Install dependencies	2026-02-15T03:24:15.6703667Z Get:128 http://azure.archive.ubuntu.com/ubuntu noble/main amd64 libfontconfig-dev amd64 2.15.0-1.1ubuntu2 [161 kB]
build	Install dependencies	2026-02-15T03:24:15.7033708Z Get:129 http://azure.archive.ubuntu.com/ubuntu noble/main amd64 libpixman-1-dev amd64 0.42.2-1build1 [296 kB]
build	Install dependencies	2026-02-15T03:24:15.7369102Z Get:130 http://azure.archive.ubuntu.com/ubuntu noble/main amd64 libxcb-render0-dev amd64 1.15-1ubuntu2 [19.6 kB]
build	Install dependencies	2026-02-15T03:24:15.7684070Z Get:131 http://azure.archive.ubuntu.com/ubuntu noble/main amd64 libxcb-shm0-dev amd64 1.15-1ubuntu2 [8246 B]
build	Install dependencies	2026-02-15T03:24:15.7998210Z Get:132 http://azure.archive.ubuntu.com/ubuntu noble/main amd64 libxrender-dev amd64 1:0.9.10-1.1build1 [26.3 kB]
build	Install dependencies	2026-02-15T03:24:15.8307275Z Get:133 http://azure.archive.ubuntu.com/ubuntu noble/main amd64 libcairo2-dev amd64 1.18.0-3build1 [41.1 kB]
build	Install dependencies	2026-02-15T03:24:15.8620494Z Get:134 http://azure.archive.ubuntu.com/ubuntu noble/main amd64 libdatrie-dev amd64 0.2.13-3build1 [19.4 kB]
build	Install dependencies	2026-02-15T03:24:15.8937209Z Get:135 http://azure.archive.ubuntu.com/ubuntu noble-updates/main amd64 libdeflate-dev amd64 1.19-1build1.1 [50.9 kB]
build	Install dependencies	2026-02-15T03:24:15.9162865Z Get:136 http://azure.archive.ubuntu.com/ubuntu noble-updates/main amd64 libdrm-radeon1 amd64 2.4.125-1ubuntu0.1~24.04.1 [20.8 kB]
build	Install dependencies	2026-02-15T03:24:15.9386530Z Get:137 http://azure.archive.ubuntu.com/ubuntu noble-updates/main amd64 libdrm-nouveau2 amd64 2.4.125-1ubuntu0.1~24.04.1 [17.7 kB]
build	Install dependencies	2026-02-15T03:24:15.9698565Z Get:138 http://azure.archive.ubuntu.com/ubuntu noble-updates/main amd64 libpciaccess-dev amd64 0.17-3ubuntu0.24.04.2 [22.0 kB]
build	Install dependencies	2026-02-15T03:24:15.9923070Z Get:139 http://azure.archive.ubuntu.com/ubuntu noble-updates/main amd64 libdrm-dev amd64 2.4.125-1ubuntu0.1~24.04.1 [314 kB]
build	Install dependencies	2026-02-15T03:24:16.0168907Z Get:140 http://azure.archive.ubuntu.com/ubuntu noble-updates/main amd64 libegl1-mesa-dev amd64 25.2.8-0ubuntu0.24.04.1 [26.4 kB]
build	Install dependencies	2026-02-15T03:24:16.0393864Z Get:141 http://azure.archive.ubuntu.com/ubuntu noble/main amd64 libepoxy-dev amd64 1.5.10-1build1 [132 kB]
build	Install dependencies	2026-02-15T03:24:16.0637702Z Get:142 http://azure.archive.ubuntu.com/ubuntu noble/main amd64 libfribidi-dev amd64 1.0.13-3build1 [64.8 kB]
build	Install dependencies	2026-02-15T03:24:16.0872527Z Get:143 http://azure.archive.ubuntu.com/ubuntu noble-updates/main amd64 libgdk-pixbuf2.0-bin amd64 2.42.10+dfsg-3ubuntu3.2 [13.9 kB]
build	Install dependencies	2026-02-15T03:24:16.1101631Z Get:144 http://azure.archive.ubuntu.com/ubuntu noble/main amd64 libjpeg-turbo8-dev amd64 2.1.5-2ubuntu2 [295 kB]
build	Install dependencies	2026-02-15T03:24:16.1349651Z Get:145 http://azure.archive.ubuntu.com/ubuntu noble/main amd64 libjpeg8-dev amd64 8c-2ubuntu11 [1484 B]
build	Install dependencies	2026-02-15T03:24:16.1647642Z Get:146 http://azure.archive.ubuntu.com/ubuntu noble/main amd64 libjpeg-dev amd64 8c-2ubuntu11 [1482 B]
build	Install dependencies	2026-02-15T03:24:16.2040164Z Get:147 http://azure.archive.ubuntu.com/ubuntu noble/main amd64 libjbig-dev amd64 2.1-6.1ubuntu2 [27.9 kB]
build	Install dependencies	2026-02-15T03:24:16.2350779Z Get:148 http://azure.archive.ubuntu.com/ubuntu noble-updates/main amd64 liblzma-dev amd64 5.6.1+really5.4.5-1ubuntu0.2 [176 kB]
build	Install dependencies	2026-02-15T03:24:16.2679676Z Get:149 http://azure.archive.ubuntu.com/ubuntu noble/main amd64 libwebpdecoder3 amd64 1.3.2-0.4build3 [114 kB]
build	Install dependencies	2026-02-15T03:24:16.3022817Z Get:150 http://azure.archive.ubuntu.com/ubuntu noble/main amd64 libsharpyuv-dev amd64 1.3.2-0.4build3 [16.0 kB]
build	Install dependencies	2026-02-15T03:24:16.3335086Z Get:151 http://azure.archive.ubuntu.com/ubuntu noble/main amd64 libwebp-dev amd64 1.3.2-0.4build3 [367 kB]
build	Install dependencies	2026-02-15T03:24:16.3780076Z Get:152 http://azure.archive.ubuntu.com/ubuntu noble-updates/main amd64 libtiffxx6 amd64 4.5.1+git230720-4ubuntu2.4 [5648 B]
build	Install dependencies	2026-02-15T03:24:16.4180252Z Get:153 http://azure.archive.ubuntu.com/ubuntu noble/main amd64 liblerc-dev amd64 4.0.0+ds-4ubuntu2 [182 kB]
build	Install dependencies	2026-02-15T03:24:16.4544476Z Get:154 http://azure.archive.ubuntu.com/ubuntu noble-updates/main amd64 libtiff-dev amd64 4.5.1+git230720-4ubuntu2.4 [338 kB]
build	Install dependencies	2026-02-15T03:24:16.4886754Z Get:155 http://azure.archive.ubuntu.com/ubuntu noble-updates/main amd64 libgdk-pixbuf-2.0-dev amd64 2.42.10+dfsg-3ubuntu3.2 [48.0 kB]
build	Install dependencies	2026-02-15T03:24:16.5204874Z Get:156 http://azure.archive.ubuntu.com/ubuntu noble/main amd64 libgraphite2-dev amd64 1.3.14-2build1 [14.7 kB]
build	Install dependencies	2026-02-15T03:24:16.5518724Z Get:157 http://azure.archive.ubuntu.com/ubuntu noble/main amd64 libharfbuzz-subset0 amd64 8.3.0-2build2 [448 kB]
build	Install dependencies	2026-02-15T03:24:16.6297884Z Get:158 http://azure.archive.ubuntu.com/ubuntu noble/main amd64 libharfbuzz-cairo0 amd64 8.3.0-2build2 [26.2 kB]
build	Install dependencies	2026-02-15T03:24:16.6609589Z Get:159 http://azure.archive.ubuntu.com/ubuntu noble/main amd64 libharfbuzz-dev amd64 8.3.0-2build2 [142 kB]
build	Install dependencies	2026-02-15T03:24:16.6951943Z Get:160 http://azure.archive.ubuntu.com/ubuntu noble/main amd64 libthai-dev amd64 0.1.29-2build1 [26.6 kB]
build	Install dependencies	2026-02-15T03:24:16.7264461Z Get:161 http://azure.archive.ubuntu.com/ubuntu noble/main amd64 libxft-dev amd64 2.3.6-1build1 [64.3 kB]
build	Install dependencies	2026-02-15T03:24:16.7607095Z Get:162 http://azure.archive.ubuntu.com/ubuntu noble/main amd64 pango1.0-tools amd64 1.52.1+ds-1build1 [36.7 kB]
build	Install dependencies	2026-02-15T03:24:16.7923807Z Get:163 http://azure.archive.ubuntu.com/ubuntu noble/main amd64 libpango1.0-dev amd64 1.52.1+ds-1build1 [147 kB]
build	Install dependencies	2026-02-15T03:24:16.8331236Z Get:164 http://azure.archive.ubuntu.com/ubuntu noble/main amd64 libwayland-bin amd64 1.22.0-2.1build1 [20.6 kB]
build	Install dependencies	2026-02-15T03:24:16.8728141Z Get:165 http://azure.archive.ubuntu.com/ubuntu noble/main amd64 libwayland-dev amd64 1.22.0-2.1build1 [71.3 kB]
build	Install dependencies	2026-02-15T03:24:16.9115388Z Get:166 http://azure.archive.ubuntu.com/ubuntu noble/main amd64 libxcomposite-dev amd64 1:0.4.5-1build3 [9374 B]
build	Install dependencies	2026-02-15T03:24:16.9573526Z Get:167 http://azure.archive.ubuntu.com/ubuntu noble/main amd64 libxcursor-dev amd64 1:1.2.1-1build1 [31.8 kB]
build	Install dependencies	2026-02-15T03:24:17.0014664Z Get:168 http://azure.archive.ubuntu.com/ubuntu noble/main amd64 libxdamage-dev amd64 1:1.1.6-1build1 [5270 B]
build	Install dependencies	2026-02-15T03:24:17.0321165Z Get:169 http://azure.archive.ubuntu.com/ubuntu noble/main amd64 libxinerama-dev amd64 2:1.1.4-3build1 [7988 B]
build	Install dependencies	2026-02-15T03:24:17.0612889Z Get:170 http://azure.archive.ubuntu.com/ubuntu noble/main amd64 libxkbcommon-dev amd64 1.6.0-1build1 [56.3 kB]
build	Install dependencies	2026-02-15T03:24:17.0896792Z Get:171 http://azure.archive.ubuntu.com/ubuntu noble/main amd64 libxrandr-dev amd64 2:1.5.2-2build1 [26.4 kB]
build	Install dependencies	2026-02-15T03:24:17.1259306Z Get:172 http://azure.archive.ubuntu.com/ubuntu noble-updates/main amd64 wayland-protocols all 1.45-1~ubuntu0.24.04.1 [114 kB]
build	Install dependencies	2026-02-15T03:24:17.1556935Z Get:173 http://azure.archive.ubuntu.com/ubuntu noble-updates/main amd64 libgtk-3-dev amd64 3.24.41-4ubuntu1.3 [1096 kB]
build	Install dependencies	2026-02-15T03:24:17.1957886Z Get:174 http://azure.archive.ubuntu.com/ubuntu noble/main amd64 libsamplerate0 amd64 0.2.2-4build1 [1344 kB]
build	Install dependencies	2026-02-15T03:24:17.2374421Z Get:175 http://azure.archive.ubuntu.com/ubuntu noble/main amd64 libjack-jackd2-0 amd64 1.9.21~dfsg-3ubuntu3 [289 kB]
build	Install dependencies	2026-02-15T03:24:17.3083801Z Get:176 http://azure.archive.ubuntu.com/ubuntu noble/main amd64 libjack-jackd2-dev amd64 1.9.21~dfsg-3ubuntu3 [42.9 kB]
build	Install dependencies	2026-02-15T03:24:17.3306445Z Get:177 http://azure.archive.ubuntu.com/ubuntu noble-updates/universe amd64 libjavascriptcoregtk-4.1-dev amd64 2.50.4-0ubuntu0.24.04.1 [69.8 kB]
build	Install dependencies	2026-02-15T03:24:17.3565185Z Get:178 http://azure.archive.ubuntu.com/ubuntu noble-updates/main amd64 libnghttp2-dev amd64 1.59.0-1ubuntu0.2 [116 kB]
build	Install dependencies	2026-02-15T03:24:17.3802291Z Get:179 http://azure.archive.ubuntu.com/ubuntu noble/main amd64 libwebrtc-audio-processing1 amd64 0.3.1-0ubuntu6 [290 kB]
build	Install dependencies	2026-02-15T03:24:17.4073586Z Get:180 http://azure.archive.ubuntu.com/ubuntu noble-updates/main amd64 libspa-0.2-modules amd64 1.0.5-1ubuntu3.2 [627 kB]
build	Install dependencies	2026-02-15T03:24:17.4446402Z Get:181 http://azure.archive.ubuntu.com/ubuntu noble-updates/main amd64 libpipewire-0.3-0t64 amd64 1.0.5-1ubuntu3.2 [252 kB]
build	Install dependencies	2026-02-15T03:24:17.4712687Z Get:182 http://azure.archive.ubuntu.com/ubuntu noble-updates/main amd64 libpipewire-0.3-common all 1.0.5-1ubuntu3.2 [19.1 kB]
build	Install dependencies	2026-02-15T03:24:17.4939166Z Get:183 http://azure.archive.ubuntu.com/ubuntu noble-updates/main amd64 libpng-tools amd64 1.6.43-5ubuntu0.5 [28.5 kB]
build	Install dependencies	2026-02-15T03:24:17.5160066Z Get:184 http://azure.archive.ubuntu.com/ubuntu noble/main amd64 libpsl-dev amd64 0.21.2-1.1build1 [76.4 kB]
build	Install dependencies	2026-02-15T03:24:17.5407298Z Get:185 http://azure.archive.ubuntu.com/ubuntu noble/universe amd64 libsysprof-capture-4-dev amd64 46.0-1build1 [51.0 kB]
build	Install dependencies	2026-02-15T03:24:17.5715771Z Get:186 http://azure.archive.ubuntu.com/ubuntu noble-updates/universe amd64 libsoup-3.0-dev amd64 3.4.4-5ubuntu0.7 [105 kB]
build	Install dependencies	2026-02-15T03:24:17.6019982Z Get:187 http://azure.archive.ubuntu.com/ubuntu noble-updates/universe amd64 libwebkit2gtk-4.1-dev amd64 2.50.4-0ubuntu0.24.04.1 [289 kB]
build	Install dependencies	2026-02-15T03:24:17.6352316Z Get:188 http://azure.archive.ubuntu.com/ubuntu noble-updates/main amd64 mesa-common-dev amd64 25.2.8-0ubuntu0.24.04.1 [3133 kB]
build	Install dependencies	2026-02-15T03:24:17.7903900Z Get:189 http://azure.archive.ubuntu.com/ubuntu noble/universe amd64 ninja-build amd64 1.11.1-2 [129 kB]
build	Install dependencies	2026-02-15T03:24:17.9017229Z Get:190 http://azure.archive.ubuntu.com/ubuntu noble-updates/main amd64 xdg-desktop-portal amd64 1.18.4-1ubuntu2.24.04.1 [298 kB]
build	Install dependencies	2026-02-15T03:24:17.9724166Z Get:191 http://azure.archive.ubuntu.com/ubuntu noble/main amd64 xdg-desktop-portal-gtk amd64 1.15.1-1build2 [80.3 kB]
build	Install dependencies	2026-02-15T03:24:18.4471788Z Fetched 65.8 MB in 6s (10.4 MB/s)
build	Install dependencies	2026-02-15T03:24:18.5075284Z (Reading database ... 
build	Install dependencies	2026-02-15T03:24:18.5075790Z (Reading database ... 5%
build	Install dependencies	2026-02-15T03:24:18.5076188Z (Reading database ... 10%
build	Install dependencies	2026-02-15T03:24:18.5076486Z (Reading database ... 15%
build	Install dependencies	2026-02-15T03:24:18.5076730Z (Reading database ... 20%
build	Install dependencies	2026-02-15T03:24:18.5076994Z (Reading database ... 25%
build	Install dependencies	2026-02-15T03:24:18.5077236Z (Reading database ... 30%
build	Install dependencies	2026-02-15T03:24:18.5077464Z (Reading database ... 35%
build	Install dependencies	2026-02-15T03:24:18.5077710Z (Reading database ... 40%
build	Install dependencies	2026-02-15T03:24:18.5077936Z (Reading database ... 45%
build	Install dependencies	2026-02-15T03:24:18.5078167Z (Reading database ... 50%
build	Install dependencies	2026-02-15T03:24:18.5193158Z (Reading database ... 55%
build	Install dependencies	2026-02-15T03:24:18.5874291Z (Reading database ... 60%
build	Install dependencies	2026-02-15T03:24:18.6428782Z (Reading database ... 65%
build	Install dependencies	2026-02-15T03:24:18.6948342Z (Reading database ... 70%
build	Install dependencies	2026-02-15T03:24:18.7467779Z (Reading database ... 75%
build	Install dependencies	2026-02-15T03:24:18.8750237Z (Reading database ... 80%
build	Install dependencies	2026-02-15T03:24:19.0801209Z (Reading database ... 85%
build	Install dependencies	2026-02-15T03:24:19.2818348Z (Reading database ... 90%
build	Install dependencies	2026-02-15T03:24:19.4405729Z (Reading database ... 95%
build	Install dependencies	2026-02-15T03:24:19.4406239Z (Reading database ... 100%
build	Install dependencies	2026-02-15T03:24:19.4406767Z (Reading database ... 218331 files and directories currently installed.)
build	Install dependencies	2026-02-15T03:24:19.4454602Z Preparing to unpack .../000-libglib2.0-data_2.80.0-6ubuntu3.8_all.deb ...
build	Install dependencies	2026-02-15T03:24:19.4495555Z Unpacking libglib2.0-data (2.80.0-6ubuntu3.8) over (2.80.0-6ubuntu3.7) ...
build	Install dependencies	2026-02-15T03:24:19.4949281Z Preparing to unpack .../001-libglib2.0-bin_2.80.0-6ubuntu3.8_amd64.deb ...
build	Install dependencies	2026-02-15T03:24:19.4978116Z Unpacking libglib2.0-bin (2.80.0-6ubuntu3.8) over (2.80.0-6ubuntu3.7) ...
build	Install dependencies	2026-02-15T03:24:19.5604533Z Preparing to unpack .../002-gir1.2-glib-2.0_2.80.0-6ubuntu3.8_amd64.deb ...
build	Install dependencies	2026-02-15T03:24:19.5632463Z Unpacking gir1.2-glib-2.0:amd64 (2.80.0-6ubuntu3.8) over (2.80.0-6ubuntu3.7) ...
build	Install dependencies	2026-02-15T03:24:19.6099467Z Preparing to unpack .../003-libglib2.0-0t64_2.80.0-6ubuntu3.8_amd64.deb ...
build	Install dependencies	2026-02-15T03:24:19.6183956Z Unpacking libglib2.0-0t64:amd64 (2.80.0-6ubuntu3.8) over (2.80.0-6ubuntu3.7) ...
build	Install dependencies	2026-02-15T03:24:19.6832793Z Preparing to unpack .../004-libpng16-16t64_1.6.43-5ubuntu0.5_amd64.deb ...
build	Install dependencies	2026-02-15T03:24:19.6870012Z Unpacking libpng16-16t64:amd64 (1.6.43-5ubuntu0.5) over (1.6.43-5ubuntu0.3) ...
build	Install dependencies	2026-02-15T03:24:19.7145945Z Selecting previously unselected package bubblewrap.
build	Install dependencies	2026-02-15T03:24:19.7325400Z Preparing to unpack .../005-bubblewrap_0.9.0-1ubuntu0.1_amd64.deb ...
build	Install dependencies	2026-02-15T03:24:19.7336610Z Unpacking bubblewrap (0.9.0-1ubuntu0.1) ...
build	Install dependencies	2026-02-15T03:24:19.7634801Z Selecting previously unselected package bzip2-doc.
build	Install dependencies	2026-02-15T03:24:19.7797156Z Preparing to unpack .../006-bzip2-doc_1.0.8-5.1build0.1_all.deb ...
build	Install dependencies	2026-02-15T03:24:19.7806811Z Unpacking bzip2-doc (1.0.8-5.1build0.1) ...
build	Install dependencies	2026-02-15T03:24:19.8092498Z Selecting previously unselected package libglut3.12:amd64.
build	Install dependencies	2026-02-15T03:24:19.8256795Z Preparing to unpack .../007-libglut3.12_3.4.0-1build1_amd64.deb ...
build	Install dependencies	2026-02-15T03:24:19.8272240Z Unpacking libglut3.12:amd64 (3.4.0-1build1) ...
build	Install dependencies	2026-02-15T03:24:19.8515765Z Selecting previously unselected package xorg-sgml-doctools.
build	Install dependencies	2026-02-15T03:24:19.8678101Z Preparing to unpack .../008-xorg-sgml-doctools_1%3a1.11-1.1_all.deb ...
build	Install dependencies	2026-02-15T03:24:19.8688717Z Unpacking xorg-sgml-doctools (1:1.11-1.1) ...
build	Install dependencies	2026-02-15T03:24:19.9015807Z Selecting previously unselected package x11proto-dev.
build	Install dependencies	2026-02-15T03:24:19.9181505Z Preparing to unpack .../009-x11proto-dev_2023.2-1_all.deb ...
build	Install dependencies	2026-02-15T03:24:19.9193685Z Unpacking x11proto-dev (2023.2-1) ...
build	Install dependencies	2026-02-15T03:24:19.9832077Z Selecting previously unselected package libxau-dev:amd64.
build	Install dependencies	2026-02-15T03:24:19.9998136Z Preparing to unpack .../010-libxau-dev_1%3a1.0.9-1build6_amd64.deb ...
build	Install dependencies	2026-02-15T03:24:20.0008516Z Unpacking libxau-dev:amd64 (1:1.0.9-1build6) ...
build	Install dependencies	2026-02-15T03:24:20.0329481Z Selecting previously unselected package libxdmcp-dev:amd64.
build	Install dependencies	2026-02-15T03:24:20.0494166Z Preparing to unpack .../011-libxdmcp-dev_1%3a1.1.3-0ubuntu6_amd64.deb ...
build	Install dependencies	2026-02-15T03:24:20.0505580Z Unpacking libxdmcp-dev:amd64 (1:1.1.3-0ubuntu6) ...
build	Install dependencies	2026-02-15T03:24:20.0748759Z Selecting previously unselected package xtrans-dev.
build	Install dependencies	2026-02-15T03:24:20.0912090Z Preparing to unpack .../012-xtrans-dev_1.4.0-1_all.deb ...
build	Install dependencies	2026-02-15T03:24:20.0922563Z Unpacking xtrans-dev (1.4.0-1) ...
build	Install dependencies	2026-02-15T03:24:20.1190393Z Selecting previously unselected package libpthread-stubs0-dev:amd64.
build	Install dependencies	2026-02-15T03:24:20.1353613Z Preparing to unpack .../013-libpthread-stubs0-dev_0.4-1build3_amd64.deb ...
build	Install dependencies	2026-02-15T03:24:20.1366157Z Unpacking libpthread-stubs0-dev:amd64 (0.4-1build3) ...
build	Install dependencies	2026-02-15T03:24:20.1585579Z Selecting previously unselected package libxcb1-dev:amd64.
build	Install dependencies	2026-02-15T03:24:20.1747773Z Preparing to unpack .../014-libxcb1-dev_1.15-1ubuntu2_amd64.deb ...
build	Install dependencies	2026-02-15T03:24:20.1759746Z Unpacking libxcb1-dev:amd64 (1.15-1ubuntu2) ...
build	Install dependencies	2026-02-15T03:24:20.2017199Z Selecting previously unselected package libx11-dev:amd64.
build	Install dependencies	2026-02-15T03:24:20.2184217Z Preparing to unpack .../015-libx11-dev_2%3a1.8.7-1build1_amd64.deb ...
build	Install dependencies	2026-02-15T03:24:20.2194518Z Unpacking libx11-dev:amd64 (2:1.8.7-1build1) ...
build	Install dependencies	2026-02-15T03:24:20.2532804Z Selecting previously unselected package libglx-dev:amd64.
build	Install dependencies	2026-02-15T03:24:20.2695114Z Preparing to unpack .../016-libglx-dev_1.7.0-1build1_amd64.deb ...
build	Install dependencies	2026-02-15T03:24:20.2705563Z Unpacking libglx-dev:amd64 (1.7.0-1build1) ...
build	Install dependencies	2026-02-15T03:24:20.2928213Z Selecting previously unselected package libgl-dev:amd64.
build	Install dependencies	2026-02-15T03:24:20.3090133Z Preparing to unpack .../017-libgl-dev_1.7.0-1build1_amd64.deb ...
build	Install dependencies	2026-02-15T03:24:20.3104078Z Unpacking libgl-dev:amd64 (1.7.0-1build1) ...
build	Install dependencies	2026-02-15T03:24:20.3372439Z Selecting previously unselected package libglvnd-core-dev:amd64.
build	Install dependencies	2026-02-15T03:24:20.3535752Z Preparing to unpack .../018-libglvnd-core-dev_1.7.0-1build1_amd64.deb ...
build	Install dependencies	2026-02-15T03:24:20.3547789Z Unpacking libglvnd-core-dev:amd64 (1.7.0-1build1) ...
build	Install dependencies	2026-02-15T03:24:20.3784676Z Selecting previously unselected package libegl-mesa0:amd64.
build	Install dependencies	2026-02-15T03:24:20.3947568Z Preparing to unpack .../019-libegl-mesa0_25.2.8-0ubuntu0.24.04.1_amd64.deb ...
build	Install dependencies	2026-02-15T03:24:20.3958818Z Unpacking libegl-mesa0:amd64 (25.2.8-0ubuntu0.24.04.1) ...
build	Install dependencies	2026-02-15T03:24:20.4221263Z Selecting previously unselected package libegl1:amd64.
build	Install dependencies	2026-02-15T03:24:20.4383585Z Preparing to unpack .../020-libegl1_1.7.0-1build1_amd64.deb ...
build	Install dependencies	2026-02-15T03:24:20.4395648Z Unpacking libegl1:amd64 (1.7.0-1build1) ...
build	Install dependencies	2026-02-15T03:24:20.4619721Z Selecting previously unselected package libegl-dev:amd64.
build	Install dependencies	2026-02-15T03:24:20.4783467Z Preparing to unpack .../021-libegl-dev_1.7.0-1build1_amd64.deb ...
build	Install dependencies	2026-02-15T03:24:20.4793704Z Unpacking libegl-dev:amd64 (1.7.0-1build1) ...
build	Install dependencies	2026-02-15T03:24:20.5036084Z Selecting previously unselected package libgles1:amd64.
build	Install dependencies	2026-02-15T03:24:20.5197678Z Preparing to unpack .../022-libgles1_1.7.0-1build1_amd64.deb ...
build	Install dependencies	2026-02-15T03:24:20.5209171Z Unpacking libgles1:amd64 (1.7.0-1build1) ...
build	Install dependencies	2026-02-15T03:24:20.5448729Z Selecting previously unselected package libgles2:amd64.
build	Install dependencies	2026-02-15T03:24:20.5612396Z Preparing to unpack .../023-libgles2_1.7.0-1build1_amd64.deb ...
build	Install dependencies	2026-02-15T03:24:20.5622937Z Unpacking libgles2:amd64 (1.7.0-1build1) ...
build	Install dependencies	2026-02-15T03:24:20.5848643Z Selecting previously unselected package libgles-dev:amd64.
build	Install dependencies	2026-02-15T03:24:20.6013907Z Preparing to unpack .../024-libgles-dev_1.7.0-1build1_amd64.deb ...
build	Install dependencies	2026-02-15T03:24:20.6025132Z Unpacking libgles-dev:amd64 (1.7.0-1build1) ...
build	Install dependencies	2026-02-15T03:24:20.6311211Z Selecting previously unselected package libopengl0:amd64.
build	Install dependencies	2026-02-15T03:24:20.6475102Z Preparing to unpack .../025-libopengl0_1.7.0-1build1_amd64.deb ...
build	Install dependencies	2026-02-15T03:24:20.6486404Z Unpacking libopengl0:amd64 (1.7.0-1build1) ...
build	Install dependencies	2026-02-15T03:24:20.6712311Z Selecting previously unselected package libopengl-dev:amd64.
build	Install dependencies	2026-02-15T03:24:20.6875472Z Preparing to unpack .../026-libopengl-dev_1.7.0-1build1_amd64.deb ...
build	Install dependencies	2026-02-15T03:24:20.6887306Z Unpacking libopengl-dev:amd64 (1.7.0-1build1) ...
build	Install dependencies	2026-02-15T03:24:20.7112191Z Selecting previously unselected package libglvnd-dev:amd64.
build	Install dependencies	2026-02-15T03:24:20.7276253Z Preparing to unpack .../027-libglvnd-dev_1.7.0-1build1_amd64.deb ...
build	Install dependencies	2026-02-15T03:24:20.7288117Z Unpacking libglvnd-dev:amd64 (1.7.0-1build1) ...
build	Install dependencies	2026-02-15T03:24:20.7512160Z Selecting previously unselected package libgl1-mesa-dev:amd64.
build	Install dependencies	2026-02-15T03:24:20.7674822Z Preparing to unpack .../028-libgl1-mesa-dev_25.2.8-0ubuntu0.24.04.1_amd64.deb ...
build	Install dependencies	2026-02-15T03:24:20.7684265Z Unpacking libgl1-mesa-dev:amd64 (25.2.8-0ubuntu0.24.04.1) ...
build	Install dependencies	2026-02-15T03:24:20.7916695Z Selecting previously unselected package libglu1-mesa:amd64.
build	Install dependencies	2026-02-15T03:24:20.8080862Z Preparing to unpack .../029-libglu1-mesa_9.0.2-1.1build1_amd64.deb ...
build	Install dependencies	2026-02-15T03:24:20.8090741Z Unpacking libglu1-mesa:amd64 (9.0.2-1.1build1) ...
build	Install dependencies	2026-02-15T03:24:20.8339887Z Selecting previously unselected package libglu1-mesa-dev:amd64.
build	Install dependencies	2026-02-15T03:24:20.8503203Z Preparing to unpack .../030-libglu1-mesa-dev_9.0.2-1.1build1_amd64.deb ...
build	Install dependencies	2026-02-15T03:24:20.8512810Z Unpacking libglu1-mesa-dev:amd64 (9.0.2-1.1build1) ...
build	Install dependencies	2026-02-15T03:24:20.8774293Z Selecting previously unselected package libxext-dev:amd64.
build	Install dependencies	2026-02-15T03:24:20.8936533Z Preparing to unpack .../031-libxext-dev_2%3a1.3.4-1build2_amd64.deb ...
build	Install dependencies	2026-02-15T03:24:20.8971488Z Unpacking libxext-dev:amd64 (2:1.3.4-1build2) ...
build	Install dependencies	2026-02-15T03:24:20.9301196Z Selecting previously unselected package libice-dev:amd64.
build	Install dependencies	2026-02-15T03:24:20.9466154Z Preparing to unpack .../032-libice-dev_2%3a1.0.10-1build3_amd64.deb ...
build	Install dependencies	2026-02-15T03:24:20.9477014Z Unpacking libice-dev:amd64 (2:1.0.10-1build3) ...
build	Install dependencies	2026-02-15T03:24:20.9732282Z Selecting previously unselected package libsm-dev:amd64.
build	Install dependencies	2026-02-15T03:24:20.9919306Z Preparing to unpack .../033-libsm-dev_2%3a1.2.3-1build3_amd64.deb ...
build	Install dependencies	2026-02-15T03:24:20.9929899Z Unpacking libsm-dev:amd64 (2:1.2.3-1build3) ...
build	Install dependencies	2026-02-15T03:24:21.0164320Z Selecting previously unselected package libxt-dev:amd64.
build	Install dependencies	2026-02-15T03:24:21.0329591Z Preparing to unpack .../034-libxt-dev_1%3a1.2.1-1.2build1_amd64.deb ...
build	Install dependencies	2026-02-15T03:24:21.0340358Z Unpacking libxt-dev:amd64 (1:1.2.1-1.2build1) ...
build	Install dependencies	2026-02-15T03:24:21.0983004Z Selecting previously unselected package libglut-dev:amd64.
build	Install dependencies	2026-02-15T03:24:21.1150357Z Preparing to unpack .../035-libglut-dev_3.4.0-1build1_amd64.deb ...
build	Install dependencies	2026-02-15T03:24:21.1183807Z Unpacking libglut-dev:amd64 (3.4.0-1build1) ...
build	Install dependencies	2026-02-15T03:24:21.1469554Z Selecting previously unselected package freeglut3-dev:amd64.
build	Install dependencies	2026-02-15T03:24:21.1634918Z Preparing to unpack .../036-freeglut3-dev_3.4.0-1build1_amd64.deb ...
build	Install dependencies	2026-02-15T03:24:21.1650134Z Unpacking freeglut3-dev:amd64 (3.4.0-1build1) ...
build	Install dependencies	2026-02-15T03:24:21.1876090Z Selecting previously unselected package gir1.2-atk-1.0:amd64.
build	Install dependencies	2026-02-15T03:24:21.2039416Z Preparing to unpack .../037-gir1.2-atk-1.0_2.52.0-1build1_amd64.deb ...
build	Install dependencies	2026-02-15T03:24:21.2051949Z Unpacking gir1.2-atk-1.0:amd64 (2.52.0-1build1) ...
build	Install dependencies	2026-02-15T03:24:21.2296985Z Selecting previously unselected package gir1.2-freedesktop:amd64.
build	Install dependencies	2026-02-15T03:24:21.2462206Z Preparing to unpack .../038-gir1.2-freedesktop_1.80.1-1_amd64.deb ...
build	Install dependencies	2026-02-15T03:24:21.2473059Z Unpacking gir1.2-freedesktop:amd64 (1.80.1-1) ...
build	Install dependencies	2026-02-15T03:24:21.2725067Z Selecting previously unselected package gir1.2-atspi-2.0:amd64.
build	Install dependencies	2026-02-15T03:24:21.2888171Z Preparing to unpack .../039-gir1.2-atspi-2.0_2.52.0-1build1_amd64.deb ...
build	Install dependencies	2026-02-15T03:24:21.2899695Z Unpacking gir1.2-atspi-2.0:amd64 (2.52.0-1build1) ...
build	Install dependencies	2026-02-15T03:24:21.3122174Z Selecting previously unselected package gir1.2-glib-2.0-dev:amd64.
build	Install dependencies	2026-02-15T03:24:21.3288779Z Preparing to unpack .../040-gir1.2-glib-2.0-dev_2.80.0-6ubuntu3.8_amd64.deb ...
build	Install dependencies	2026-02-15T03:24:21.3300123Z Unpacking gir1.2-glib-2.0-dev:amd64 (2.80.0-6ubuntu3.8) ...
build	Install dependencies	2026-02-15T03:24:21.3916767Z Selecting previously unselected package gir1.2-freedesktop-dev:amd64.
build	Install dependencies	2026-02-15T03:24:21.4081516Z Preparing to unpack .../041-gir1.2-freedesktop-dev_1.80.1-1_amd64.deb ...
build	Install dependencies	2026-02-15T03:24:21.4092373Z Unpacking gir1.2-freedesktop-dev:amd64 (1.80.1-1) ...
build	Install dependencies	2026-02-15T03:24:21.4339809Z Selecting previously unselected package gir1.2-gdkpixbuf-2.0:amd64.
build	Install dependencies	2026-02-15T03:24:21.4509832Z Preparing to unpack .../042-gir1.2-gdkpixbuf-2.0_2.42.10+dfsg-3ubuntu3.2_amd64.deb ...
build	Install dependencies	2026-02-15T03:24:21.4521947Z Unpacking gir1.2-gdkpixbuf-2.0:amd64 (2.42.10+dfsg-3ubuntu3.2) ...
build	Install dependencies	2026-02-15T03:24:21.4768233Z Selecting previously unselected package libharfbuzz-gobject0:amd64.
build	Install dependencies	2026-02-15T03:24:21.4937142Z Preparing to unpack .../043-libharfbuzz-gobject0_8.3.0-2build2_amd64.deb ...
build	Install dependencies	2026-02-15T03:24:21.4949306Z Unpacking libharfbuzz-gobject0:amd64 (8.3.0-2build2) ...
build	Install dependencies	2026-02-15T03:24:21.5186730Z Selecting previously unselected package gir1.2-harfbuzz-0.0:amd64.
build	Install dependencies	2026-02-15T03:24:21.5351223Z Preparing to unpack .../044-gir1.2-harfbuzz-0.0_8.3.0-2build2_amd64.deb ...
build	Install dependencies	2026-02-15T03:24:21.5362258Z Unpacking gir1.2-harfbuzz-0.0:amd64 (8.3.0-2build2) ...
build	Install dependencies	2026-02-15T03:24:21.5631109Z Selecting previously unselected package libpangoxft-1.0-0:amd64.
build	Install dependencies	2026-02-15T03:24:21.5801420Z Preparing to unpack .../045-libpangoxft-1.0-0_1.52.1+ds-1build1_amd64.deb ...
build	Install dependencies	2026-02-15T03:24:21.5813465Z Unpacking libpangoxft-1.0-0:amd64 (1.52.1+ds-1build1) ...
build	Install dependencies	2026-02-15T03:24:21.6043004Z Selecting previously unselected package gir1.2-pango-1.0:amd64.
build	Install dependencies	2026-02-15T03:24:21.6208964Z Preparing to unpack .../046-gir1.2-pango-1.0_1.52.1+ds-1build1_amd64.deb ...
build	Install dependencies	2026-02-15T03:24:21.6219348Z Unpacking gir1.2-pango-1.0:amd64 (1.52.1+ds-1build1) ...
build	Install dependencies	2026-02-15T03:24:21.6461067Z Selecting previously unselected package gir1.2-gtk-3.0:amd64.
build	Install dependencies	2026-02-15T03:24:21.6624742Z Preparing to unpack .../047-gir1.2-gtk-3.0_3.24.41-4ubuntu1.3_amd64.deb ...
build	Install dependencies	2026-02-15T03:24:21.6639955Z Unpacking gir1.2-gtk-3.0:amd64 (3.24.41-4ubuntu1.3) ...
build	Install dependencies	2026-02-15T03:24:21.6922627Z Selecting previously unselected package libjavascriptcoregtk-4.1-0:amd64.
build	Install dependencies	2026-02-15T03:24:21.7087705Z Preparing to unpack .../048-libjavascriptcoregtk-4.1-0_2.50.4-0ubuntu0.24.04.1_amd64.deb ...
build	Install dependencies	2026-02-15T03:24:21.7100209Z Unpacking libjavascriptcoregtk-4.1-0:amd64 (2.50.4-0ubuntu0.24.04.1) ...
build	Install dependencies	2026-02-15T03:24:21.8483040Z Selecting previously unselected package gir1.2-javascriptcoregtk-4.1:amd64.
build	Install dependencies	2026-02-15T03:24:21.8646759Z Preparing to unpack .../049-gir1.2-javascriptcoregtk-4.1_2.50.4-0ubuntu0.24.04.1_amd64.deb ...
build	Install dependencies	2026-02-15T03:24:21.8656476Z Unpacking gir1.2-javascriptcoregtk-4.1:amd64 (2.50.4-0ubuntu0.24.04.1) ...
build	Install dependencies	2026-02-15T03:24:21.8882981Z Selecting previously unselected package libproxy1v5:amd64.
build	Install dependencies	2026-02-15T03:24:21.9047016Z Preparing to unpack .../050-libproxy1v5_0.5.4-4build1_amd64.deb ...
build	Install dependencies	2026-02-15T03:24:21.9055835Z Unpacking libproxy1v5:amd64 (0.5.4-4build1) ...
build	Install dependencies	2026-02-15T03:24:21.9269701Z Selecting previously unselected package glib-networking-common.
build	Install dependencies	2026-02-15T03:24:21.9433777Z Preparing to unpack .../051-glib-networking-common_2.80.0-1build1_all.deb ...
build	Install dependencies	2026-02-15T03:24:21.9442779Z Unpacking glib-networking-common (2.80.0-1build1) ...
build	Install dependencies	2026-02-15T03:24:21.9647251Z Selecting previously unselected package glib-networking-services.
build	Install dependencies	2026-02-15T03:24:21.9812964Z Preparing to unpack .../052-glib-networking-services_2.80.0-1build1_amd64.deb ...
build	Install dependencies	2026-02-15T03:24:21.9821167Z Unpacking glib-networking-services (2.80.0-1build1) ...
build	Install dependencies	2026-02-15T03:24:22.0057735Z Selecting previously unselected package session-migration.
build	Install dependencies	2026-02-15T03:24:22.0220228Z Preparing to unpack .../053-session-migration_0.3.9build1_amd64.deb ...
build	Install dependencies	2026-02-15T03:24:22.0230653Z Unpacking session-migration (0.3.9build1) ...
build	Install dependencies	2026-02-15T03:24:22.0465426Z Selecting previously unselected package gsettings-desktop-schemas.
build	Install dependencies	2026-02-15T03:24:22.0631061Z Preparing to unpack .../054-gsettings-desktop-schemas_46.1-0ubuntu1_all.deb ...
build	Install dependencies	2026-02-15T03:24:22.0640373Z Unpacking gsettings-desktop-schemas (46.1-0ubuntu1) ...
build	Install dependencies	2026-02-15T03:24:22.0928240Z Selecting previously unselected package glib-networking:amd64.
build	Install dependencies	2026-02-15T03:24:22.1091884Z Preparing to unpack .../055-glib-networking_2.80.0-1build1_amd64.deb ...
build	Install dependencies	2026-02-15T03:24:22.1100578Z Unpacking glib-networking:amd64 (2.80.0-1build1) ...
build	Install dependencies	2026-02-15T03:24:22.1322422Z Selecting previously unselected package libsoup-3.0-common.
build	Install dependencies	2026-02-15T03:24:22.1486782Z Preparing to unpack .../056-libsoup-3.0-common_3.4.4-5ubuntu0.7_all.deb ...
build	Install dependencies	2026-02-15T03:24:22.1495749Z Unpacking libsoup-3.0-common (3.4.4-5ubuntu0.7) ...
build	Install dependencies	2026-02-15T03:24:22.1719664Z Selecting previously unselected package libsoup-3.0-0:amd64.
build	Install dependencies	2026-02-15T03:24:22.1885777Z Preparing to unpack .../057-libsoup-3.0-0_3.4.4-5ubuntu0.7_amd64.deb ...
build	Install dependencies	2026-02-15T03:24:22.1895444Z Unpacking libsoup-3.0-0:amd64 (3.4.4-5ubuntu0.7) ...
build	Install dependencies	2026-02-15T03:24:22.2145840Z Selecting previously unselected package gir1.2-soup-3.0:amd64.
build	Install dependencies	2026-02-15T03:24:22.2311858Z Preparing to unpack .../058-gir1.2-soup-3.0_3.4.4-5ubuntu0.7_amd64.deb ...
build	Install dependencies	2026-02-15T03:24:22.2320277Z Unpacking gir1.2-soup-3.0:amd64 (3.4.4-5ubuntu0.7) ...
build	Install dependencies	2026-02-15T03:24:22.2552785Z Selecting previously unselected package libcdparanoia0:amd64.
build	Install dependencies	2026-02-15T03:24:22.2720576Z Preparing to unpack .../059-libcdparanoia0_3.10.2+debian-14build3_amd64.deb ...
build	Install dependencies	2026-02-15T03:24:22.2730068Z Unpacking libcdparanoia0:amd64 (3.10.2+debian-14build3) ...
build	Install dependencies	2026-02-15T03:24:22.2970469Z Selecting previously unselected package liborc-0.4-0t64:amd64.
build	Install dependencies	2026-02-15T03:24:22.3135487Z Preparing to unpack .../060-liborc-0.4-0t64_1%3a0.4.38-1ubuntu0.1_amd64.deb ...
build	Install dependencies	2026-02-15T03:24:22.3143967Z Unpacking liborc-0.4-0t64:amd64 (1:0.4.38-1ubuntu0.1) ...
build	Install dependencies	2026-02-15T03:24:22.3405988Z Selecting previously unselected package libgstreamer-plugins-base1.0-0:amd64.
build	Install dependencies	2026-02-15T03:24:22.3568672Z Preparing to unpack .../061-libgstreamer-plugins-base1.0-0_1.24.2-1ubuntu0.3_amd64.deb ...
build	Install dependencies	2026-02-15T03:24:22.3578746Z Unpacking libgstreamer-plugins-base1.0-0:amd64 (1.24.2-1ubuntu0.3) ...
build	Install dependencies	2026-02-15T03:24:22.3945882Z Selecting previously unselected package libopus0:amd64.
build	Install dependencies	2026-02-15T03:24:22.4110425Z Preparing to unpack .../062-libopus0_1.4-1build1_amd64.deb ...
build	Install dependencies	2026-02-15T03:24:22.4121318Z Unpacking libopus0:amd64 (1.4-1build1) ...
build	Install dependencies	2026-02-15T03:24:22.4368105Z Selecting previously unselected package libtheora0:amd64.
build	Install dependencies	2026-02-15T03:24:22.4533903Z Preparing to unpack .../063-libtheora0_1.1.1+dfsg.1-16.1build3_amd64.deb ...
build	Install dependencies	2026-02-15T03:24:22.4543905Z Unpacking libtheora0:amd64 (1.1.1+dfsg.1-16.1build3) ...
build	Install dependencies	2026-02-15T03:24:22.4805081Z Selecting previously unselected package libvisual-0.4-0:amd64.
build	Install dependencies	2026-02-15T03:24:22.4969832Z Preparing to unpack .../064-libvisual-0.4-0_0.4.2-2build1_amd64.deb ...
build	Install dependencies	2026-02-15T03:24:22.4979772Z Unpacking libvisual-0.4-0:amd64 (0.4.2-2build1) ...
build	Install dependencies	2026-02-15T03:24:22.5237794Z Selecting previously unselected package libvorbisenc2:amd64.
build	Install dependencies	2026-02-15T03:24:22.5402750Z Preparing to unpack .../065-libvorbisenc2_1.3.7-1build3_amd64.deb ...
build	Install dependencies	2026-02-15T03:24:22.5412404Z Unpacking libvorbisenc2:amd64 (1.3.7-1build3) ...
build	Install dependencies	2026-02-15T03:24:22.5669605Z Selecting previously unselected package gstreamer1.0-plugins-base:amd64.
build	Install dependencies	2026-02-15T03:24:22.5833533Z Preparing to unpack .../066-gstreamer1.0-plugins-base_1.24.2-1ubuntu0.3_amd64.deb ...
build	Install dependencies	2026-02-15T03:24:22.5842977Z Unpacking gstreamer1.0-plugins-base:amd64 (1.24.2-1ubuntu0.3) ...
build	Install dependencies	2026-02-15T03:24:22.6224243Z Selecting previously unselected package libaa1:amd64.
build	Install dependencies	2026-02-15T03:24:22.6391451Z Preparing to unpack .../067-libaa1_1.4p5-51.1_amd64.deb ...
build	Install dependencies	2026-02-15T03:24:22.6401345Z Unpacking libaa1:amd64 (1.4p5-51.1) ...
build	Install dependencies	2026-02-15T03:24:22.6691808Z Selecting previously unselected package libraw1394-11:amd64.
build	Install dependencies	2026-02-15T03:24:22.6857034Z Preparing to unpack .../068-libraw1394-11_2.1.2-2build3_amd64.deb ...
build	Install dependencies	2026-02-15T03:24:22.6865909Z Unpacking libraw1394-11:amd64 (2.1.2-2build3) ...
build	Install dependencies	2026-02-15T03:24:22.7088438Z Selecting previously unselected package libavc1394-0:amd64.
build	Install dependencies	2026-02-15T03:24:22.7252340Z Preparing to unpack .../069-libavc1394-0_0.5.4-5build3_amd64.deb ...
build	Install dependencies	2026-02-15T03:24:22.7264452Z Unpacking libavc1394-0:amd64 (0.5.4-5build3) ...
build	Install dependencies	2026-02-15T03:24:22.7482969Z Selecting previously unselected package libcaca0:amd64.
build	Install dependencies	2026-02-15T03:24:22.7646109Z Preparing to unpack .../070-libcaca0_0.99.beta20-4ubuntu0.1_amd64.deb ...
build	Install dependencies	2026-02-15T03:24:22.7655682Z Unpacking libcaca0:amd64 (0.99.beta20-4ubuntu0.1) ...
build	Install dependencies	2026-02-15T03:24:22.7938193Z Selecting previously unselected package libdv4t64:amd64.
build	Install dependencies	2026-02-15T03:24:22.8100778Z Preparing to unpack .../071-libdv4t64_1.0.0-17.1build1_amd64.deb ...
build	Install dependencies	2026-02-15T03:24:22.8109540Z Unpacking libdv4t64:amd64 (1.0.0-17.1build1) ...
build	Install dependencies	2026-02-15T03:24:22.8382542Z Selecting previously unselected package libflac12t64:amd64.
build	Install dependencies	2026-02-15T03:24:22.8547030Z Preparing to unpack .../072-libflac12t64_1.4.3+ds-2.1ubuntu2_amd64.deb ...
build	Install dependencies	2026-02-15T03:24:22.8556492Z Unpacking libflac12t64:amd64 (1.4.3+ds-2.1ubuntu2) ...
build	Install dependencies	2026-02-15T03:24:22.8802242Z Selecting previously unselected package libgstreamer-plugins-good1.0-0:amd64.
build	Install dependencies	2026-02-15T03:24:22.8965290Z Preparing to unpack .../073-libgstreamer-plugins-good1.0-0_1.24.2-1ubuntu1.2_amd64.deb ...
build	Install dependencies	2026-02-15T03:24:22.8974568Z Unpacking libgstreamer-plugins-good1.0-0:amd64 (1.24.2-1ubuntu1.2) ...
build	Install dependencies	2026-02-15T03:24:22.9197335Z Selecting previously unselected package libiec61883-0:amd64.
build	Install dependencies	2026-02-15T03:24:22.9360331Z Preparing to unpack .../074-libiec61883-0_1.2.0-6build1_amd64.deb ...
build	Install dependencies	2026-02-15T03:24:22.9369546Z Unpacking libiec61883-0:amd64 (1.2.0-6build1) ...
build	Install dependencies	2026-02-15T03:24:22.9605249Z Selecting previously unselected package libmp3lame0:amd64.
build	Install dependencies	2026-02-15T03:24:22.9769261Z Preparing to unpack .../075-libmp3lame0_3.100-6build1_amd64.deb ...
build	Install dependencies	2026-02-15T03:24:22.9779094Z Unpacking libmp3lame0:amd64 (3.100-6build1) ...
build	Install dependencies	2026-02-15T03:24:23.0017319Z Selecting previously unselected package libmpg123-0t64:amd64.
build	Install dependencies	2026-02-15T03:24:23.0180053Z Preparing to unpack .../076-libmpg123-0t64_1.32.5-1ubuntu1.1_amd64.deb ...
build	Install dependencies	2026-02-15T03:24:23.0188862Z Unpacking libmpg123-0t64:amd64 (1.32.5-1ubuntu1.1) ...
build	Install dependencies	2026-02-15T03:24:23.0567626Z Selecting previously unselected package libasyncns0:amd64.
build	Install dependencies	2026-02-15T03:24:23.0731775Z Preparing to unpack .../077-libasyncns0_0.8-6build4_amd64.deb ...
build	Install dependencies	2026-02-15T03:24:23.0742605Z Unpacking libasyncns0:amd64 (0.8-6build4) ...
build	Install dependencies	2026-02-15T03:24:23.0961261Z Selecting previously unselected package libsndfile1:amd64.
build	Install dependencies	2026-02-15T03:24:23.1133117Z Preparing to unpack .../078-libsndfile1_1.2.2-1ubuntu5.24.04.1_amd64.deb ...
build	Install dependencies	2026-02-15T03:24:23.1147623Z Unpacking libsndfile1:amd64 (1.2.2-1ubuntu5.24.04.1) ...
build	Install dependencies	2026-02-15T03:24:23.1430000Z Selecting previously unselected package libpulse0:amd64.
build	Install dependencies	2026-02-15T03:24:23.1595849Z Preparing to unpack .../079-libpulse0_1%3a16.1+dfsg1-2ubuntu10.1_amd64.deb ...
build	Install dependencies	2026-02-15T03:24:23.1671623Z Unpacking libpulse0:amd64 (1:16.1+dfsg1-2ubuntu10.1) ...
build	Install dependencies	2026-02-15T03:24:23.1939243Z Selecting previously unselected package libspeex1:amd64.
build	Install dependencies	2026-02-15T03:24:23.2102809Z Preparing to unpack .../080-libspeex1_1.2.1-2ubuntu2.24.04.1_amd64.deb ...
build	Install dependencies	2026-02-15T03:24:23.2111095Z Unpacking libspeex1:amd64 (1.2.1-2ubuntu2.24.04.1) ...
build	Install dependencies	2026-02-15T03:24:23.2365690Z Selecting previously unselected package libshout3:amd64.
build	Install dependencies	2026-02-15T03:24:23.2533426Z Preparing to unpack .../081-libshout3_2.4.6-1build2_amd64.deb ...
build	Install dependencies	2026-02-15T03:24:23.2542487Z Unpacking libshout3:amd64 (2.4.6-1build2) ...
build	Install dependencies	2026-02-15T03:24:23.2790519Z Selecting previously unselected package libtag1v5-vanilla:amd64.
build	Install dependencies	2026-02-15T03:24:23.2956264Z Preparing to unpack .../082-libtag1v5-vanilla_1.13.1-1build1_amd64.deb ...
build	Install dependencies	2026-02-15T03:24:23.2968686Z Unpacking libtag1v5-vanilla:amd64 (1.13.1-1build1) ...
build	Install dependencies	2026-02-15T03:24:23.3241625Z Selecting previously unselected package libtag1v5:amd64.
build	Install dependencies	2026-02-15T03:24:23.3406217Z Preparing to unpack .../083-libtag1v5_1.13.1-1build1_amd64.deb ...
build	Install dependencies	2026-02-15T03:24:23.3414949Z Unpacking libtag1v5:amd64 (1.13.1-1build1) ...
build	Install dependencies	2026-02-15T03:24:23.3640653Z Selecting previously unselected package libtwolame0:amd64.
build	Install dependencies	2026-02-15T03:24:23.3808265Z Preparing to unpack .../084-libtwolame0_0.4.0-2build3_amd64.deb ...
build	Install dependencies	2026-02-15T03:24:23.3820881Z Unpacking libtwolame0:amd64 (0.4.0-2build3) ...
build	Install dependencies	2026-02-15T03:24:23.4059940Z Selecting previously unselected package libv4lconvert0t64:amd64.
build	Install dependencies	2026-02-15T03:24:23.4224616Z Preparing to unpack .../085-libv4lconvert0t64_1.26.1-4build3_amd64.deb ...
build	Install dependencies	2026-02-15T03:24:23.4239358Z Unpacking libv4lconvert0t64:amd64 (1.26.1-4build3) ...
build	Install dependencies	2026-02-15T03:24:23.4485913Z Selecting previously unselected package libv4l-0t64:amd64.
build	Install dependencies	2026-02-15T03:24:23.4649335Z Preparing to unpack .../086-libv4l-0t64_1.26.1-4build3_amd64.deb ...
build	Install dependencies	2026-02-15T03:24:23.4663751Z Unpacking libv4l-0t64:amd64 (1.26.1-4build3) ...
build	Install dependencies	2026-02-15T03:24:23.4912171Z Selecting previously unselected package libvpx9:amd64.
build	Install dependencies	2026-02-15T03:24:23.5074805Z Preparing to unpack .../087-libvpx9_1.14.0-1ubuntu2.2_amd64.deb ...
build	Install dependencies	2026-02-15T03:24:23.5085070Z Unpacking libvpx9:amd64 (1.14.0-1ubuntu2.2) ...
build	Install dependencies	2026-02-15T03:24:23.5445524Z Selecting previously unselected package libwavpack1:amd64.
build	Install dependencies	2026-02-15T03:24:23.5609657Z Preparing to unpack .../088-libwavpack1_5.6.0-1build1_amd64.deb ...
build	Install dependencies	2026-02-15T03:24:23.5624049Z Unpacking libwavpack1:amd64 (5.6.0-1build1) ...
build	Install dependencies	2026-02-15T03:24:23.5848774Z Selecting previously unselected package gstreamer1.0-plugins-good:amd64.
build	Install dependencies	2026-02-15T03:24:23.6011518Z Preparing to unpack .../089-gstreamer1.0-plugins-good_1.24.2-1ubuntu1.2_amd64.deb ...
build	Install dependencies	2026-02-15T03:24:23.6019951Z Unpacking gstreamer1.0-plugins-good:amd64 (1.24.2-1ubuntu1.2) ...
build	Install dependencies	2026-02-15T03:24:23.6625761Z Selecting previously unselected package xdg-dbus-proxy.
build	Install dependencies	2026-02-15T03:24:23.6789116Z Preparing to unpack .../090-xdg-dbus-proxy_0.1.5-1ubuntu0.1_amd64.deb ...
build	Install dependencies	2026-02-15T03:24:23.6797781Z Unpacking xdg-dbus-proxy (0.1.5-1ubuntu0.1) ...
build	Install dependencies	2026-02-15T03:24:23.7064135Z Selecting previously unselected package libgstreamer-gl1.0-0:amd64.
build	Install dependencies	2026-02-15T03:24:23.7226792Z Preparing to unpack .../091-libgstreamer-gl1.0-0_1.24.2-1ubuntu0.3_amd64.deb ...
build	Install dependencies	2026-02-15T03:24:23.7236204Z Unpacking libgstreamer-gl1.0-0:amd64 (1.24.2-1ubuntu0.3) ...
build	Install dependencies	2026-02-15T03:24:23.7489680Z Selecting previously unselected package libharfbuzz-icu0:amd64.
build	Install dependencies	2026-02-15T03:24:23.7652064Z Preparing to unpack .../092-libharfbuzz-icu0_8.3.0-2build2_amd64.deb ...
build	Install dependencies	2026-02-15T03:24:23.7660877Z Unpacking libharfbuzz-icu0:amd64 (8.3.0-2build2) ...
build	Install dependencies	2026-02-15T03:24:23.7913724Z Selecting previously unselected package libhyphen0:amd64.
build	Install dependencies	2026-02-15T03:24:23.8077056Z Preparing to unpack .../093-libhyphen0_2.8.8-7build3_amd64.deb ...
build	Install dependencies	2026-02-15T03:24:23.8086241Z Unpacking libhyphen0:amd64 (2.8.8-7build3) ...
build	Install dependencies	2026-02-15T03:24:23.8315032Z Selecting previously unselected package libmanette-0.2-0:amd64.
build	Install dependencies	2026-02-15T03:24:23.8477432Z Preparing to unpack .../094-libmanette-0.2-0_0.2.7-1build2_amd64.deb ...
build	Install dependencies	2026-02-15T03:24:23.8485380Z Unpacking libmanette-0.2-0:amd64 (0.2.7-1build2) ...
build	Install dependencies	2026-02-15T03:24:23.8701898Z Selecting previously unselected package libsecret-common.
build	Install dependencies	2026-02-15T03:24:23.8865758Z Preparing to unpack .../095-libsecret-common_0.21.4-1build3_all.deb ...
build	Install dependencies	2026-02-15T03:24:23.8873953Z Unpacking libsecret-common (0.21.4-1build3) ...
build	Install dependencies	2026-02-15T03:24:23.9087808Z Selecting previously unselected package libsecret-1-0:amd64.
build	Install dependencies	2026-02-15T03:24:23.9250504Z Preparing to unpack .../096-libsecret-1-0_0.21.4-1build3_amd64.deb ...
build	Install dependencies	2026-02-15T03:24:23.9259163Z Unpacking libsecret-1-0:amd64 (0.21.4-1build3) ...
build	Install dependencies	2026-02-15T03:24:23.9496038Z Selecting previously unselected package libwayland-server0:amd64.
build	Install dependencies	2026-02-15T03:24:23.9659551Z Preparing to unpack .../097-libwayland-server0_1.22.0-2.1build1_amd64.deb ...
build	Install dependencies	2026-02-15T03:24:23.9668049Z Unpacking libwayland-server0:amd64 (1.22.0-2.1build1) ...
build	Install dependencies	2026-02-15T03:24:23.9889269Z Selecting previously unselected package libwoff1:amd64.
build	Install dependencies	2026-02-15T03:24:24.0052883Z Preparing to unpack .../098-libwoff1_1.0.2-2build1_amd64.deb ...
build	Install dependencies	2026-02-15T03:24:24.0061818Z Unpacking libwoff1:amd64 (1.0.2-2build1) ...
build	Install dependencies	2026-02-15T03:24:24.0303919Z Selecting previously unselected package libwebkit2gtk-4.1-0:amd64.
build	Install dependencies	2026-02-15T03:24:24.0469870Z Preparing to unpack .../099-libwebkit2gtk-4.1-0_2.50.4-0ubuntu0.24.04.1_amd64.deb ...
build	Install dependencies	2026-02-15T03:24:24.0479540Z Unpacking libwebkit2gtk-4.1-0:amd64 (2.50.4-0ubuntu0.24.04.1) ...
build	Install dependencies	2026-02-15T03:24:24.3830825Z Selecting previously unselected package gir1.2-webkit2-4.1:amd64.
build	Install dependencies	2026-02-15T03:24:24.3992805Z Preparing to unpack .../100-gir1.2-webkit2-4.1_2.50.4-0ubuntu0.24.04.1_amd64.deb ...
build	Install dependencies	2026-02-15T03:24:24.4001058Z Unpacking gir1.2-webkit2-4.1:amd64 (2.50.4-0ubuntu0.24.04.1) ...
build	Install dependencies	2026-02-15T03:24:24.4248298Z Selecting previously unselected package libgraphene-1.0-0:amd64.
build	Install dependencies	2026-02-15T03:24:24.4412000Z Preparing to unpack .../101-libgraphene-1.0-0_1.10.8-3build2_amd64.deb ...
build	Install dependencies	2026-02-15T03:24:24.4421386Z Unpacking libgraphene-1.0-0:amd64 (1.10.8-3build2) ...
build	Install dependencies	2026-02-15T03:24:24.4634287Z Selecting previously unselected package gstreamer1.0-gl:amd64.
build	Install dependencies	2026-02-15T03:24:24.4797537Z Preparing to unpack .../102-gstreamer1.0-gl_1.24.2-1ubuntu0.3_amd64.deb ...
build	Install dependencies	2026-02-15T03:24:24.4806773Z Unpacking gstreamer1.0-gl:amd64 (1.24.2-1ubuntu0.3) ...
build	Install dependencies	2026-02-15T03:24:24.5037996Z Selecting previously unselected package libxv1:amd64.
build	Install dependencies	2026-02-15T03:24:24.5200850Z Preparing to unpack .../103-libxv1_2%3a1.0.11-1.1build1_amd64.deb ...
build	Install dependencies	2026-02-15T03:24:24.5211798Z Unpacking libxv1:amd64 (2:1.0.11-1.1build1) ...
build	Install dependencies	2026-02-15T03:24:24.5424181Z Selecting previously unselected package gstreamer1.0-x:amd64.
build	Install dependencies	2026-02-15T03:24:24.5587959Z Preparing to unpack .../104-gstreamer1.0-x_1.24.2-1ubuntu0.3_amd64.deb ...
build	Install dependencies	2026-02-15T03:24:24.5598301Z Unpacking gstreamer1.0-x:amd64 (1.24.2-1ubuntu0.3) ...
build	Install dependencies	2026-02-15T03:24:24.5838323Z Selecting previously unselected package libasound2-dev:amd64.
build	Install dependencies	2026-02-15T03:24:24.6002273Z Preparing to unpack .../105-libasound2-dev_1.2.11-1ubuntu0.1_amd64.deb ...
build	Install dependencies	2026-02-15T03:24:24.6034088Z Unpacking libasound2-dev:amd64 (1.2.11-1ubuntu0.1) ...
build	Install dependencies	2026-02-15T03:24:24.6384104Z Selecting previously unselected package libglib2.0-dev-bin.
build	Install dependencies	2026-02-15T03:24:24.6550782Z Preparing to unpack .../106-libglib2.0-dev-bin_2.80.0-6ubuntu3.8_amd64.deb ...
build	Install dependencies	2026-02-15T03:24:24.6581334Z Unpacking libglib2.0-dev-bin (2.80.0-6ubuntu3.8) ...
build	Install dependencies	2026-02-15T03:24:24.7048411Z Selecting previously unselected package uuid-dev:amd64.
build	Install dependencies	2026-02-15T03:24:24.7210976Z Preparing to unpack .../107-uuid-dev_2.39.3-9ubuntu6.4_amd64.deb ...
build	Install dependencies	2026-02-15T03:24:24.7219422Z Unpacking uuid-dev:amd64 (2.39.3-9ubuntu6.4) ...
build	Install dependencies	2026-02-15T03:24:24.7463822Z Selecting previously unselected package libblkid-dev:amd64.
build	Install dependencies	2026-02-15T03:24:24.7627099Z Preparing to unpack .../108-libblkid-dev_2.39.3-9ubuntu6.4_amd64.deb ...
build	Install dependencies	2026-02-15T03:24:24.7635736Z Unpacking libblkid-dev:amd64 (2.39.3-9ubuntu6.4) ...
build	Install dependencies	2026-02-15T03:24:24.7892781Z Selecting previously unselected package libsepol-dev:amd64.
build	Install dependencies	2026-02-15T03:24:24.8056627Z Preparing to unpack .../109-libsepol-dev_3.5-2build1_amd64.deb ...
build	Install dependencies	2026-02-15T03:24:24.8064501Z Unpacking libsepol-dev:amd64 (3.5-2build1) ...
build	Install dependencies	2026-02-15T03:24:24.8418836Z Selecting previously unselected package libselinux1-dev:amd64.
build	Install dependencies	2026-02-15T03:24:24.8582955Z Preparing to unpack .../110-libselinux1-dev_3.5-2ubuntu2.1_amd64.deb ...
build	Install dependencies	2026-02-15T03:24:24.8592675Z Unpacking libselinux1-dev:amd64 (3.5-2ubuntu2.1) ...
build	Install dependencies	2026-02-15T03:24:24.9077909Z Selecting previously unselected package libmount-dev:amd64.
build	Install dependencies	2026-02-15T03:24:24.9243585Z Preparing to unpack .../111-libmount-dev_2.39.3-9ubuntu6.4_amd64.deb ...
build	Install dependencies	2026-02-15T03:24:24.9251701Z Unpacking libmount-dev:amd64 (2.39.3-9ubuntu6.4) ...
build	Install dependencies	2026-02-15T03:24:24.9486898Z Selecting previously unselected package libgirepository-2.0-0:amd64.
build	Install dependencies	2026-02-15T03:24:24.9650373Z Preparing to unpack .../112-libgirepository-2.0-0_2.80.0-6ubuntu3.8_amd64.deb ...
build	Install dependencies	2026-02-15T03:24:24.9660113Z Unpacking libgirepository-2.0-0:amd64 (2.80.0-6ubuntu3.8) ...
build	Install dependencies	2026-02-15T03:24:24.9899663Z Selecting previously unselected package libglib2.0-dev:amd64.
build	Install dependencies	2026-02-15T03:24:25.0062934Z Preparing to unpack .../113-libglib2.0-dev_2.80.0-6ubuntu3.8_amd64.deb ...
build	Install dependencies	2026-02-15T03:24:25.0072506Z Unpacking libglib2.0-dev:amd64 (2.80.0-6ubuntu3.8) ...
build	Install dependencies	2026-02-15T03:24:25.1263959Z Selecting previously unselected package libatk1.0-dev:amd64.
build	Install dependencies	2026-02-15T03:24:25.1430721Z Preparing to unpack .../114-libatk1.0-dev_2.52.0-1build1_amd64.deb ...
build	Install dependencies	2026-02-15T03:24:25.1442258Z Unpacking libatk1.0-dev:amd64 (2.52.0-1build1) ...
build	Install dependencies	2026-02-15T03:24:25.1787164Z Selecting previously unselected package libdbus-1-dev:amd64.
build	Install dependencies	2026-02-15T03:24:25.1950190Z Preparing to unpack .../115-libdbus-1-dev_1.14.10-4ubuntu4.1_amd64.deb ...
build	Install dependencies	2026-02-15T03:24:25.1963476Z Unpacking libdbus-1-dev:amd64 (1.14.10-4ubuntu4.1) ...
build	Install dependencies	2026-02-15T03:24:25.2295901Z Selecting previously unselected package libxfixes-dev:amd64.
build	Install dependencies	2026-02-15T03:24:25.2458989Z Preparing to unpack .../116-libxfixes-dev_1%3a6.0.0-2build1_amd64.deb ...
build	Install dependencies	2026-02-15T03:24:25.2468508Z Unpacking libxfixes-dev:amd64 (1:6.0.0-2build1) ...
build	Install dependencies	2026-02-15T03:24:25.2688624Z Selecting previously unselected package libxi-dev:amd64.
build	Install dependencies	2026-02-15T03:24:25.2853488Z Preparing to unpack .../117-libxi-dev_2%3a1.8.1-1build1_amd64.deb ...
build	Install dependencies	2026-02-15T03:24:25.2862556Z Unpacking libxi-dev:amd64 (2:1.8.1-1build1) ...
build	Install dependencies	2026-02-15T03:24:25.3215952Z Selecting previously unselected package libxtst-dev:amd64.
build	Install dependencies	2026-02-15T03:24:25.3384420Z Preparing to unpack .../118-libxtst-dev_2%3a1.2.3-1.1build1_amd64.deb ...
build	Install dependencies	2026-02-15T03:24:25.3393747Z Unpacking libxtst-dev:amd64 (2:1.2.3-1.1build1) ...
build	Install dependencies	2026-02-15T03:24:25.3638731Z Selecting previously unselected package libatspi2.0-dev:amd64.
build	Install dependencies	2026-02-15T03:24:25.3805028Z Preparing to unpack .../119-libatspi2.0-dev_2.52.0-1build1_amd64.deb ...
build	Install dependencies	2026-02-15T03:24:25.3813979Z Unpacking libatspi2.0-dev:amd64 (2.52.0-1build1) ...
build	Install dependencies	2026-02-15T03:24:25.4111250Z Selecting previously unselected package libatk-bridge2.0-dev:amd64.
build	Install dependencies	2026-02-15T03:24:25.4278432Z Preparing to unpack .../120-libatk-bridge2.0-dev_2.52.0-1build1_amd64.deb ...
build	Install dependencies	2026-02-15T03:24:25.4287998Z Unpacking libatk-bridge2.0-dev:amd64 (2.52.0-1build1) ...
build	Install dependencies	2026-02-15T03:24:25.4496893Z Selecting previously unselected package libbrotli-dev:amd64.
build	Install dependencies	2026-02-15T03:24:25.4661270Z Preparing to unpack .../121-libbrotli-dev_1.1.0-2build2_amd64.deb ...
build	Install dependencies	2026-02-15T03:24:25.4669688Z Unpacking libbrotli-dev:amd64 (1.1.0-2build2) ...
build	Install dependencies	2026-02-15T03:24:25.4952071Z Selecting previously unselected package libbz2-dev:amd64.
build	Install dependencies	2026-02-15T03:24:25.5117052Z Preparing to unpack .../122-libbz2-dev_1.0.8-5.1build0.1_amd64.deb ...
build	Install dependencies	2026-02-15T03:24:25.5125840Z Unpacking libbz2-dev:amd64 (1.0.8-5.1build0.1) ...
build	Install dependencies	2026-02-15T03:24:25.5383962Z Selecting previously unselected package libcairo-script-interpreter2:amd64.
build	Install dependencies	2026-02-15T03:24:25.5548554Z Preparing to unpack .../123-libcairo-script-interpreter2_1.18.0-3build1_amd64.deb ...
build	Install dependencies	2026-02-15T03:24:25.5557539Z Unpacking libcairo-script-interpreter2:amd64 (1.18.0-3build1) ...
build	Install dependencies	2026-02-15T03:24:25.5779153Z Selecting previously unselected package libpng-dev:amd64.
build	Install dependencies	2026-02-15T03:24:25.5954741Z Preparing to unpack .../124-libpng-dev_1.6.43-5ubuntu0.5_amd64.deb ...
build	Install dependencies	2026-02-15T03:24:25.5967832Z Unpacking libpng-dev:amd64 (1.6.43-5ubuntu0.5) ...
build	Install dependencies	2026-02-15T03:24:25.6294685Z Selecting previously unselected package libfreetype-dev:amd64.
build	Install dependencies	2026-02-15T03:24:25.6462445Z Preparing to unpack .../125-libfreetype-dev_2.13.2+dfsg-1build3_amd64.deb ...
build	Install dependencies	2026-02-15T03:24:25.6473512Z Unpacking libfreetype-dev:amd64 (2.13.2+dfsg-1build3) ...
build	Install dependencies	2026-02-15T03:24:25.6854330Z Selecting previously unselected package libfontconfig-dev:amd64.
build	Install dependencies	2026-02-15T03:24:25.7018261Z Preparing to unpack .../126-libfontconfig-dev_2.15.0-1.1ubuntu2_amd64.deb ...
build	Install dependencies	2026-02-15T03:24:25.7025796Z Unpacking libfontconfig-dev:amd64 (2.15.0-1.1ubuntu2) ...
build	Install dependencies	2026-02-15T03:24:25.7278424Z Selecting previously unselected package libpixman-1-dev:amd64.
build	Install dependencies	2026-02-15T03:24:25.7445661Z Preparing to unpack .../127-libpixman-1-dev_0.42.2-1build1_amd64.deb ...
build	Install dependencies	2026-02-15T03:24:25.7458206Z Unpacking libpixman-1-dev:amd64 (0.42.2-1build1) ...
build	Install dependencies	2026-02-15T03:24:25.7744333Z Selecting previously unselected package libxcb-render0-dev:amd64.
build	Install dependencies	2026-02-15T03:24:25.7908824Z Preparing to unpack .../128-libxcb-render0-dev_1.15-1ubuntu2_amd64.deb ...
build	Install dependencies	2026-02-15T03:24:25.7918796Z Unpacking libxcb-render0-dev:amd64 (1.15-1ubuntu2) ...
build	Install dependencies	2026-02-15T03:24:25.8144258Z Selecting previously unselected package libxcb-shm0-dev:amd64.
build	Install dependencies	2026-02-15T03:24:25.8309799Z Preparing to unpack .../129-libxcb-shm0-dev_1.15-1ubuntu2_amd64.deb ...
build	Install dependencies	2026-02-15T03:24:25.8317680Z Unpacking libxcb-shm0-dev:amd64 (1.15-1ubuntu2) ...
build	Install dependencies	2026-02-15T03:24:25.8531890Z Selecting previously unselected package libxrender-dev:amd64.
build	Install dependencies	2026-02-15T03:24:25.8697638Z Preparing to unpack .../130-libxrender-dev_1%3a0.9.10-1.1build1_amd64.deb ...
build	Install dependencies	2026-02-15T03:24:25.8706862Z Unpacking libxrender-dev:amd64 (1:0.9.10-1.1build1) ...
build	Install dependencies	2026-02-15T03:24:25.8932439Z Selecting previously unselected package libcairo2-dev:amd64.
build	Install dependencies	2026-02-15T03:24:25.9097846Z Preparing to unpack .../131-libcairo2-dev_1.18.0-3build1_amd64.deb ...
build	Install dependencies	2026-02-15T03:24:25.9108254Z Unpacking libcairo2-dev:amd64 (1.18.0-3build1) ...
build	Install dependencies	2026-02-15T03:24:25.9385082Z Selecting previously unselected package libdatrie-dev:amd64.
build	Install dependencies	2026-02-15T03:24:25.9552452Z Preparing to unpack .../132-libdatrie-dev_0.2.13-3build1_amd64.deb ...
build	Install dependencies	2026-02-15T03:24:25.9564172Z Unpacking libdatrie-dev:amd64 (0.2.13-3build1) ...
build	Install dependencies	2026-02-15T03:24:25.9796552Z Selecting previously unselected package libdeflate-dev:amd64.
build	Install dependencies	2026-02-15T03:24:25.9964373Z Preparing to unpack .../133-libdeflate-dev_1.19-1build1.1_amd64.deb ...
build	Install dependencies	2026-02-15T03:24:25.9972396Z Unpacking libdeflate-dev:amd64 (1.19-1build1.1) ...
build	Install dependencies	2026-02-15T03:24:26.0220304Z Selecting previously unselected package libdrm-radeon1:amd64.
build	Install dependencies	2026-02-15T03:24:26.0386068Z Preparing to unpack .../134-libdrm-radeon1_2.4.125-1ubuntu0.1~24.04.1_amd64.deb ...
build	Install dependencies	2026-02-15T03:24:26.0395486Z Unpacking libdrm-radeon1:amd64 (2.4.125-1ubuntu0.1~24.04.1) ...
build	Install dependencies	2026-02-15T03:24:26.0618947Z Selecting previously unselected package libdrm-nouveau2:amd64.
build	Install dependencies	2026-02-15T03:24:26.0785684Z Preparing to unpack .../135-libdrm-nouveau2_2.4.125-1ubuntu0.1~24.04.1_amd64.deb ...
build	Install dependencies	2026-02-15T03:24:26.0795409Z Unpacking libdrm-nouveau2:amd64 (2.4.125-1ubuntu0.1~24.04.1) ...
build	Install dependencies	2026-02-15T03:24:26.1025962Z Selecting previously unselected package libpciaccess-dev:amd64.
build	Install dependencies	2026-02-15T03:24:26.1191224Z Preparing to unpack .../136-libpciaccess-dev_0.17-3ubuntu0.24.04.2_amd64.deb ...
build	Install dependencies	2026-02-15T03:24:26.1199283Z Unpacking libpciaccess-dev:amd64 (0.17-3ubuntu0.24.04.2) ...
build	Install dependencies	2026-02-15T03:24:26.1413026Z Selecting previously unselected package libdrm-dev:amd64.
build	Install dependencies	2026-02-15T03:24:26.1578485Z Preparing to unpack .../137-libdrm-dev_2.4.125-1ubuntu0.1~24.04.1_amd64.deb ...
build	Install dependencies	2026-02-15T03:24:26.1589926Z Unpacking libdrm-dev:amd64 (2.4.125-1ubuntu0.1~24.04.1) ...
build	Install dependencies	2026-02-15T03:24:26.2001540Z Selecting previously unselected package libegl1-mesa-dev:amd64.
build	Install dependencies	2026-02-15T03:24:26.2149966Z Preparing to unpack .../138-libegl1-mesa-dev_25.2.8-0ubuntu0.24.04.1_amd64.deb ...
build	Install dependencies	2026-02-15T03:24:26.2159329Z Unpacking libegl1-mesa-dev:amd64 (25.2.8-0ubuntu0.24.04.1) ...
build	Install dependencies	2026-02-15T03:24:26.2393607Z Selecting previously unselected package libepoxy-dev:amd64.
build	Install dependencies	2026-02-15T03:24:26.2559262Z Preparing to unpack .../139-libepoxy-dev_1.5.10-1build1_amd64.deb ...
build	Install dependencies	2026-02-15T03:24:26.2568680Z Unpacking libepoxy-dev:amd64 (1.5.10-1build1) ...
build	Install dependencies	2026-02-15T03:24:26.2863871Z Selecting previously unselected package libfribidi-dev:amd64.
build	Install dependencies	2026-02-15T03:24:26.3032531Z Preparing to unpack .../140-libfribidi-dev_1.0.13-3build1_amd64.deb ...
build	Install dependencies	2026-02-15T03:24:26.3042055Z Unpacking libfribidi-dev:amd64 (1.0.13-3build1) ...
build	Install dependencies	2026-02-15T03:24:26.3356369Z Selecting previously unselected package libgdk-pixbuf2.0-bin.
build	Install dependencies	2026-02-15T03:24:26.3521097Z Preparing to unpack .../141-libgdk-pixbuf2.0-bin_2.42.10+dfsg-3ubuntu3.2_amd64.deb ...
build	Install dependencies	2026-02-15T03:24:26.3530195Z Unpacking libgdk-pixbuf2.0-bin (2.42.10+dfsg-3ubuntu3.2) ...
build	Install dependencies	2026-02-15T03:24:26.3827921Z Selecting previously unselected package libjpeg-turbo8-dev:amd64.
build	Install dependencies	2026-02-15T03:24:26.3991625Z Preparing to unpack .../142-libjpeg-turbo8-dev_2.1.5-2ubuntu2_amd64.deb ...
build	Install dependencies	2026-02-15T03:24:26.4001211Z Unpacking libjpeg-turbo8-dev:amd64 (2.1.5-2ubuntu2) ...
build	Install dependencies	2026-02-15T03:24:26.4328201Z Selecting previously unselected package libjpeg8-dev:amd64.
build	Install dependencies	2026-02-15T03:24:26.4494779Z Preparing to unpack .../143-libjpeg8-dev_8c-2ubuntu11_amd64.deb ...
build	Install dependencies	2026-02-15T03:24:26.4504507Z Unpacking libjpeg8-dev:amd64 (8c-2ubuntu11) ...
build	Install dependencies	2026-02-15T03:24:26.4711806Z Selecting previously unselected package libjpeg-dev:amd64.
build	Install dependencies	2026-02-15T03:24:26.4879448Z Preparing to unpack .../144-libjpeg-dev_8c-2ubuntu11_amd64.deb ...
build	Install dependencies	2026-02-15T03:24:26.4887747Z Unpacking libjpeg-dev:amd64 (8c-2ubuntu11) ...
build	Install dependencies	2026-02-15T03:24:26.5094520Z Selecting previously unselected package libjbig-dev:amd64.
build	Install dependencies	2026-02-15T03:24:26.5262168Z Preparing to unpack .../145-libjbig-dev_2.1-6.1ubuntu2_amd64.deb ...
build	Install dependencies	2026-02-15T03:24:26.5271133Z Unpacking libjbig-dev:amd64 (2.1-6.1ubuntu2) ...
build	Install dependencies	2026-02-15T03:24:26.5498120Z Selecting previously unselected package liblzma-dev:amd64.
build	Install dependencies	2026-02-15T03:24:26.5663107Z Preparing to unpack .../146-liblzma-dev_5.6.1+really5.4.5-1ubuntu0.2_amd64.deb ...
build	Install dependencies	2026-02-15T03:24:26.5671549Z Unpacking liblzma-dev:amd64 (5.6.1+really5.4.5-1ubuntu0.2) ...
build	Install dependencies	2026-02-15T03:24:26.5962593Z Selecting previously unselected package libwebpdecoder3:amd64.
build	Install dependencies	2026-02-15T03:24:26.6128920Z Preparing to unpack .../147-libwebpdecoder3_1.3.2-0.4build3_amd64.deb ...
build	Install dependencies	2026-02-15T03:24:26.6139061Z Unpacking libwebpdecoder3:amd64 (1.3.2-0.4build3) ...
build	Install dependencies	2026-02-15T03:24:26.6460448Z Selecting previously unselected package libsharpyuv-dev:amd64.
build	Install dependencies	2026-02-15T03:24:26.6654800Z Preparing to unpack .../148-libsharpyuv-dev_1.3.2-0.4build3_amd64.deb ...
build	Install dependencies	2026-02-15T03:24:26.6671717Z Unpacking libsharpyuv-dev:amd64 (1.3.2-0.4build3) ...
build	Install dependencies	2026-02-15T03:24:26.6968331Z Selecting previously unselected package libwebp-dev:amd64.
build	Install dependencies	2026-02-15T03:24:26.7141725Z Preparing to unpack .../149-libwebp-dev_1.3.2-0.4build3_amd64.deb ...
build	Install dependencies	2026-02-15T03:24:26.7201814Z Unpacking libwebp-dev:amd64 (1.3.2-0.4build3) ...
build	Install dependencies	2026-02-15T03:24:26.8424471Z Selecting previously unselected package libtiffxx6:amd64.
build	Install dependencies	2026-02-15T03:24:26.8592804Z Preparing to unpack .../150-libtiffxx6_4.5.1+git230720-4ubuntu2.4_amd64.deb ...
build	Install dependencies	2026-02-15T03:24:26.8602263Z Unpacking libtiffxx6:amd64 (4.5.1+git230720-4ubuntu2.4) ...
build	Install dependencies	2026-02-15T03:24:26.8827618Z Selecting previously unselected package liblerc-dev:amd64.
build	Install dependencies	2026-02-15T03:24:26.8995425Z Preparing to unpack .../151-liblerc-dev_4.0.0+ds-4ubuntu2_amd64.deb ...
build	Install dependencies	2026-02-15T03:24:26.9005682Z Unpacking liblerc-dev:amd64 (4.0.0+ds-4ubuntu2) ...
build	Install dependencies	2026-02-15T03:24:26.9274163Z Selecting previously unselected package libtiff-dev:amd64.
build	Install dependencies	2026-02-15T03:24:26.9443828Z Preparing to unpack .../152-libtiff-dev_4.5.1+git230720-4ubuntu2.4_amd64.deb ...
build	Install dependencies	2026-02-15T03:24:26.9452964Z Unpacking libtiff-dev:amd64 (4.5.1+git230720-4ubuntu2.4) ...
build	Install dependencies	2026-02-15T03:24:26.9828285Z Selecting previously unselected package libgdk-pixbuf-2.0-dev:amd64.
build	Install dependencies	2026-02-15T03:24:26.9996995Z Preparing to unpack .../153-libgdk-pixbuf-2.0-dev_2.42.10+dfsg-3ubuntu3.2_amd64.deb ...
build	Install dependencies	2026-02-15T03:24:27.0006087Z Unpacking libgdk-pixbuf-2.0-dev:amd64 (2.42.10+dfsg-3ubuntu3.2) ...
build	Install dependencies	2026-02-15T03:24:27.0276486Z Selecting previously unselected package libgraphite2-dev:amd64.
build	Install dependencies	2026-02-15T03:24:27.0444043Z Preparing to unpack .../154-libgraphite2-dev_1.3.14-2build1_amd64.deb ...
build	Install dependencies	2026-02-15T03:24:27.0453076Z Unpacking libgraphite2-dev:amd64 (1.3.14-2build1) ...
build	Install dependencies	2026-02-15T03:24:27.0690410Z Selecting previously unselected package libharfbuzz-subset0:amd64.
build	Install dependencies	2026-02-15T03:24:27.0859730Z Preparing to unpack .../155-libharfbuzz-subset0_8.3.0-2build2_amd64.deb ...
build	Install dependencies	2026-02-15T03:24:27.0871913Z Unpacking libharfbuzz-subset0:amd64 (8.3.0-2build2) ...
build	Install dependencies	2026-02-15T03:24:27.1160035Z Selecting previously unselected package libharfbuzz-cairo0:amd64.
build	Install dependencies	2026-02-15T03:24:27.1328038Z Preparing to unpack .../156-libharfbuzz-cairo0_8.3.0-2build2_amd64.deb ...
build	Install dependencies	2026-02-15T03:24:27.1336586Z Unpacking libharfbuzz-cairo0:amd64 (8.3.0-2build2) ...
build	Install dependencies	2026-02-15T03:24:27.1565298Z Selecting previously unselected package libharfbuzz-dev:amd64.
build	Install dependencies	2026-02-15T03:24:27.1733969Z Preparing to unpack .../157-libharfbuzz-dev_8.3.0-2build2_amd64.deb ...
build	Install dependencies	2026-02-15T03:24:27.1743723Z Unpacking libharfbuzz-dev:amd64 (8.3.0-2build2) ...
build	Install dependencies	2026-02-15T03:24:27.2100881Z Selecting previously unselected package libthai-dev:amd64.
build	Install dependencies	2026-02-15T03:24:27.2269819Z Preparing to unpack .../158-libthai-dev_0.1.29-2build1_amd64.deb ...
build	Install dependencies	2026-02-15T03:24:27.2278960Z Unpacking libthai-dev:amd64 (0.1.29-2build1) ...
build	Install dependencies	2026-02-15T03:24:27.2537657Z Selecting previously unselected package libxft-dev:amd64.
build	Install dependencies	2026-02-15T03:24:27.2706684Z Preparing to unpack .../159-libxft-dev_2.3.6-1build1_amd64.deb ...
build	Install dependencies	2026-02-15T03:24:27.2714960Z Unpacking libxft-dev:amd64 (2.3.6-1build1) ...
build	Install dependencies	2026-02-15T03:24:27.3188864Z Selecting previously unselected package pango1.0-tools.
build	Install dependencies	2026-02-15T03:24:27.3356947Z Preparing to unpack .../160-pango1.0-tools_1.52.1+ds-1build1_amd64.deb ...
build	Install dependencies	2026-02-15T03:24:27.3365988Z Unpacking pango1.0-tools (1.52.1+ds-1build1) ...
build	Install dependencies	2026-02-15T03:24:27.3608085Z Selecting previously unselected package libpango1.0-dev:amd64.
build	Install dependencies	2026-02-15T03:24:27.3775816Z Preparing to unpack .../161-libpango1.0-dev_1.52.1+ds-1build1_amd64.deb ...
build	Install dependencies	2026-02-15T03:24:27.3784658Z Unpacking libpango1.0-dev:amd64 (1.52.1+ds-1build1) ...
build	Install dependencies	2026-02-15T03:24:27.4134955Z Selecting previously unselected package libwayland-bin.
build	Install dependencies	2026-02-15T03:24:27.4301346Z Preparing to unpack .../162-libwayland-bin_1.22.0-2.1build1_amd64.deb ...
build	Install dependencies	2026-02-15T03:24:27.4309517Z Unpacking libwayland-bin (1.22.0-2.1build1) ...
build	Install dependencies	2026-02-15T03:24:27.4534705Z Selecting previously unselected package libwayland-dev:amd64.
build	Install dependencies	2026-02-15T03:24:27.4701446Z Preparing to unpack .../163-libwayland-dev_1.22.0-2.1build1_amd64.deb ...
build	Install dependencies	2026-02-15T03:24:27.4710656Z Unpacking libwayland-dev:amd64 (1.22.0-2.1build1) ...
build	Install dependencies	2026-02-15T03:24:27.4998149Z Selecting previously unselected package libxcomposite-dev:amd64.
build	Install dependencies	2026-02-15T03:24:27.5168391Z Preparing to unpack .../164-libxcomposite-dev_1%3a0.4.5-1build3_amd64.deb ...
build	Install dependencies	2026-02-15T03:24:27.5197654Z Unpacking libxcomposite-dev:amd64 (1:0.4.5-1build3) ...
build	Install dependencies	2026-02-15T03:24:27.5440732Z Selecting previously unselected package libxcursor-dev:amd64.
build	Install dependencies	2026-02-15T03:24:27.5611159Z Preparing to unpack .../165-libxcursor-dev_1%3a1.2.1-1build1_amd64.deb ...
build	Install dependencies	2026-02-15T03:24:27.5620047Z Unpacking libxcursor-dev:amd64 (1:1.2.1-1build1) ...
build	Install dependencies	2026-02-15T03:24:27.5917689Z Selecting previously unselected package libxdamage-dev:amd64.
build	Install dependencies	2026-02-15T03:24:27.6085557Z Preparing to unpack .../166-libxdamage-dev_1%3a1.1.6-1build1_amd64.deb ...
build	Install dependencies	2026-02-15T03:24:27.6094380Z Unpacking libxdamage-dev:amd64 (1:1.1.6-1build1) ...
build	Install dependencies	2026-02-15T03:24:27.6317554Z Selecting previously unselected package libxinerama-dev:amd64.
build	Install dependencies	2026-02-15T03:24:27.6486567Z Preparing to unpack .../167-libxinerama-dev_2%3a1.1.4-3build1_amd64.deb ...
build	Install dependencies	2026-02-15T03:24:27.6495690Z Unpacking libxinerama-dev:amd64 (2:1.1.4-3build1) ...
build	Install dependencies	2026-02-15T03:24:27.6732816Z Selecting previously unselected package libxkbcommon-dev:amd64.
build	Install dependencies	2026-02-15T03:24:27.6900990Z Preparing to unpack .../168-libxkbcommon-dev_1.6.0-1build1_amd64.deb ...
build	Install dependencies	2026-02-15T03:24:27.6912141Z Unpacking libxkbcommon-dev:amd64 (1.6.0-1build1) ...
build	Install dependencies	2026-02-15T03:24:27.7159261Z Selecting previously unselected package libxrandr-dev:amd64.
build	Install dependencies	2026-02-15T03:24:27.7330831Z Preparing to unpack .../169-libxrandr-dev_2%3a1.5.2-2build1_amd64.deb ...
build	Install dependencies	2026-02-15T03:24:27.7341363Z Unpacking libxrandr-dev:amd64 (2:1.5.2-2build1) ...
build	Install dependencies	2026-02-15T03:24:27.7598568Z Selecting previously unselected package wayland-protocols.
build	Install dependencies	2026-02-15T03:24:27.7770257Z Preparing to unpack .../170-wayland-protocols_1.45-1~ubuntu0.24.04.1_all.deb ...
build	Install dependencies	2026-02-15T03:24:27.7781049Z Unpacking wayland-protocols (1.45-1~ubuntu0.24.04.1) ...
build	Install dependencies	2026-02-15T03:24:27.8200977Z Selecting previously unselected package libgtk-3-dev:amd64.
build	Install dependencies	2026-02-15T03:24:27.8369082Z Preparing to unpack .../171-libgtk-3-dev_3.24.41-4ubuntu1.3_amd64.deb ...
build	Install dependencies	2026-02-15T03:24:27.8377638Z Unpacking libgtk-3-dev:amd64 (3.24.41-4ubuntu1.3) ...
build	Install dependencies	2026-02-15T03:24:27.9755986Z Selecting previously unselected package libsamplerate0:amd64.
build	Install dependencies	2026-02-15T03:24:27.9922868Z Preparing to unpack .../172-libsamplerate0_0.2.2-4build1_amd64.deb ...
build	Install dependencies	2026-02-15T03:24:27.9931061Z Unpacking libsamplerate0:amd64 (0.2.2-4build1) ...
build	Install dependencies	2026-02-15T03:24:28.0218556Z Selecting previously unselected package libjack-jackd2-0:amd64.
build	Install dependencies	2026-02-15T03:24:28.0387599Z Preparing to unpack .../173-libjack-jackd2-0_1.9.21~dfsg-3ubuntu3_amd64.deb ...
build	Install dependencies	2026-02-15T03:24:28.0396513Z Unpacking libjack-jackd2-0:amd64 (1.9.21~dfsg-3ubuntu3) ...
build	Install dependencies	2026-02-15T03:24:28.0695067Z Selecting previously unselected package libjack-jackd2-dev:amd64.
build	Install dependencies	2026-02-15T03:24:28.0861536Z Preparing to unpack .../174-libjack-jackd2-dev_1.9.21~dfsg-3ubuntu3_amd64.deb ...
build	Install dependencies	2026-02-15T03:24:28.0870479Z Unpacking libjack-jackd2-dev:amd64 (1.9.21~dfsg-3ubuntu3) ...
build	Install dependencies	2026-02-15T03:24:28.1126722Z Selecting previously unselected package libjavascriptcoregtk-4.1-dev:amd64.
build	Install dependencies	2026-02-15T03:24:28.1294903Z Preparing to unpack .../175-libjavascriptcoregtk-4.1-dev_2.50.4-0ubuntu0.24.04.1_amd64.deb ...
build	Install dependencies	2026-02-15T03:24:28.1303056Z Unpacking libjavascriptcoregtk-4.1-dev:amd64 (2.50.4-0ubuntu0.24.04.1) ...
build	Install dependencies	2026-02-15T03:24:28.1580705Z Selecting previously unselected package libnghttp2-dev:amd64.
build	Install dependencies	2026-02-15T03:24:28.1746923Z Preparing to unpack .../176-libnghttp2-dev_1.59.0-1ubuntu0.2_amd64.deb ...
build	Install dependencies	2026-02-15T03:24:28.1755493Z Unpacking libnghttp2-dev:amd64 (1.59.0-1ubuntu0.2) ...
build	Install dependencies	2026-02-15T03:24:28.2037239Z Selecting previously unselected package libwebrtc-audio-processing1:amd64.
build	Install dependencies	2026-02-15T03:24:28.2202781Z Preparing to unpack .../177-libwebrtc-audio-processing1_0.3.1-0ubuntu6_amd64.deb ...
build	Install dependencies	2026-02-15T03:24:28.2214259Z Unpacking libwebrtc-audio-processing1:amd64 (0.3.1-0ubuntu6) ...
build	Install dependencies	2026-02-15T03:24:28.2472419Z Selecting previously unselected package libspa-0.2-modules:amd64.
build	Install dependencies	2026-02-15T03:24:28.2640072Z Preparing to unpack .../178-libspa-0.2-modules_1.0.5-1ubuntu3.2_amd64.deb ...
build	Install dependencies	2026-02-15T03:24:28.2648876Z Unpacking libspa-0.2-modules:amd64 (1.0.5-1ubuntu3.2) ...
build	Install dependencies	2026-02-15T03:24:28.3020555Z Selecting previously unselected package libpipewire-0.3-0t64:amd64.
build	Install dependencies	2026-02-15T03:24:28.3188034Z Preparing to unpack .../179-libpipewire-0.3-0t64_1.0.5-1ubuntu3.2_amd64.deb ...
build	Install dependencies	2026-02-15T03:24:28.3197292Z Unpacking libpipewire-0.3-0t64:amd64 (1.0.5-1ubuntu3.2) ...
build	Install dependencies	2026-02-15T03:24:28.3460271Z Selecting previously unselected package libpipewire-0.3-common.
build	Install dependencies	2026-02-15T03:24:28.3628164Z Preparing to unpack .../180-libpipewire-0.3-common_1.0.5-1ubuntu3.2_all.deb ...
build	Install dependencies	2026-02-15T03:24:28.3636899Z Unpacking libpipewire-0.3-common (1.0.5-1ubuntu3.2) ...
build	Install dependencies	2026-02-15T03:24:28.3862258Z Selecting previously unselected package libpng-tools.
build	Install dependencies	2026-02-15T03:24:28.4032646Z Preparing to unpack .../181-libpng-tools_1.6.43-5ubuntu0.5_amd64.deb ...
build	Install dependencies	2026-02-15T03:24:28.4043943Z Unpacking libpng-tools (1.6.43-5ubuntu0.5) ...
build	Install dependencies	2026-02-15T03:24:28.4271945Z Selecting previously unselected package libpsl-dev:amd64.
build	Install dependencies	2026-02-15T03:24:28.4439756Z Preparing to unpack .../182-libpsl-dev_0.21.2-1.1build1_amd64.deb ...
build	Install dependencies	2026-02-15T03:24:28.4449167Z Unpacking libpsl-dev:amd64 (0.21.2-1.1build1) ...
build	Install dependencies	2026-02-15T03:24:28.4710502Z Selecting previously unselected package libsysprof-capture-4-dev:amd64.
build	Install dependencies	2026-02-15T03:24:28.4878363Z Preparing to unpack .../183-libsysprof-capture-4-dev_46.0-1build1_amd64.deb ...
build	Install dependencies	2026-02-15T03:24:28.4887678Z Unpacking libsysprof-capture-4-dev:amd64 (46.0-1build1) ...
build	Install dependencies	2026-02-15T03:24:28.5150127Z Selecting previously unselected package libsoup-3.0-dev:amd64.
build	Install dependencies	2026-02-15T03:24:28.5318061Z Preparing to unpack .../184-libsoup-3.0-dev_3.4.4-5ubuntu0.7_amd64.deb ...
build	Install dependencies	2026-02-15T03:24:28.5326054Z Unpacking libsoup-3.0-dev:amd64 (3.4.4-5ubuntu0.7) ...
build	Install dependencies	2026-02-15T03:24:28.5646561Z Selecting previously unselected package libwebkit2gtk-4.1-dev.
build	Install dependencies	2026-02-15T03:24:28.5816944Z Preparing to unpack .../185-libwebkit2gtk-4.1-dev_2.50.4-0ubuntu0.24.04.1_amd64.deb ...
build	Install dependencies	2026-02-15T03:24:28.5825197Z Unpacking libwebkit2gtk-4.1-dev (2.50.4-0ubuntu0.24.04.1) ...
build	Install dependencies	2026-02-15T03:24:28.6551868Z Selecting previously unselected package mesa-common-dev:amd64.
build	Install dependencies	2026-02-15T03:24:28.6719778Z Preparing to unpack .../186-mesa-common-dev_25.2.8-0ubuntu0.24.04.1_amd64.deb ...
build	Install dependencies	2026-02-15T03:24:28.6731849Z Unpacking mesa-common-dev:amd64 (25.2.8-0ubuntu0.24.04.1) ...
build	Install dependencies	2026-02-15T03:24:28.7902237Z Selecting previously unselected package ninja-build.
build	Install dependencies	2026-02-15T03:24:28.8071792Z Preparing to unpack .../187-ninja-build_1.11.1-2_amd64.deb ...
build	Install dependencies	2026-02-15T03:24:28.8080433Z Unpacking ninja-build (1.11.1-2) ...
build	Install dependencies	2026-02-15T03:24:28.8517297Z Selecting previously unselected package xdg-desktop-portal.
build	Install dependencies	2026-02-15T03:24:28.8684685Z Preparing to unpack .../188-xdg-desktop-portal_1.18.4-1ubuntu2.24.04.1_amd64.deb ...
build	Install dependencies	2026-02-15T03:24:28.8694172Z Unpacking xdg-desktop-portal (1.18.4-1ubuntu2.24.04.1) ...
build	Install dependencies	2026-02-15T03:24:28.8996000Z Selecting previously unselected package xdg-desktop-portal-gtk.
build	Install dependencies	2026-02-15T03:24:28.9162454Z Preparing to unpack .../189-xdg-desktop-portal-gtk_1.15.1-1build2_amd64.deb ...
build	Install dependencies	2026-02-15T03:24:28.9172867Z Unpacking xdg-desktop-portal-gtk (1.15.1-1build2) ...
build	Install dependencies	2026-02-15T03:24:28.9712700Z Setting up libpipewire-0.3-common (1.0.5-1ubuntu3.2) ...
build	Install dependencies	2026-02-15T03:24:28.9735082Z Setting up bubblewrap (0.9.0-1ubuntu0.1) ...
build	Install dependencies	2026-02-15T03:24:28.9784298Z Setting up libcairo-script-interpreter2:amd64 (1.18.0-3build1) ...
build	Install dependencies	2026-02-15T03:24:28.9805585Z Setting up libcdparanoia0:amd64 (3.10.2+debian-14build3) ...
build	Install dependencies	2026-02-15T03:24:28.9826834Z Setting up bzip2-doc (1.0.8-5.1build0.1) ...
build	Install dependencies	2026-02-15T03:24:28.9848270Z Setting up libwayland-server0:amd64 (1.22.0-2.1build1) ...
build	Install dependencies	2026-02-15T03:24:28.9873448Z Setting up libnghttp2-dev:amd64 (1.59.0-1ubuntu0.2) ...
build	Install dependencies	2026-02-15T03:24:28.9896894Z Setting up libjpeg-turbo8-dev:amd64 (2.1.5-2ubuntu2) ...
build	Install dependencies	2026-02-15T03:24:28.9920251Z Setting up libraw1394-11:amd64 (2.1.2-2build3) ...
build	Install dependencies	2026-02-15T03:24:28.9944126Z Setting up libdrm-nouveau2:amd64 (2.4.125-1ubuntu0.1~24.04.1) ...
build	Install dependencies	2026-02-15T03:24:28.9967709Z Setting up libtag1v5-vanilla:amd64 (1.13.1-1build1) ...
build	Install dependencies	2026-02-15T03:24:28.9992737Z Setting up libharfbuzz-icu0:amd64 (8.3.0-2build2) ...
build	Install dependencies	2026-02-15T03:24:29.0017402Z Setting up libpixman-1-dev:amd64 (0.42.2-1build1) ...
build	Install dependencies	2026-02-15T03:24:29.0040794Z Setting up libpciaccess-dev:amd64 (0.17-3ubuntu0.24.04.2) ...
build	Install dependencies	2026-02-15T03:24:29.0062281Z Setting up libspeex1:amd64 (1.2.1-2ubuntu2.24.04.1) ...
build	Install dependencies	2026-02-15T03:24:29.0084008Z Setting up libcaca0:amd64 (0.99.beta20-4ubuntu0.1) ...
build	Install dependencies	2026-02-15T03:24:29.0106148Z Setting up libv4lconvert0t64:amd64 (1.26.1-4build3) ...
build	Install dependencies	2026-02-15T03:24:29.0127918Z Setting up libglvnd-core-dev:amd64 (1.7.0-1build1) ...
build	Install dependencies	2026-02-15T03:24:29.0154341Z Setting up libtwolame0:amd64 (0.4.0-2build3) ...
build	Install dependencies	2026-02-15T03:24:29.0180004Z Setting up libwoff1:amd64 (1.0.2-2build1) ...
build	Install dependencies	2026-02-15T03:24:29.0202038Z Setting up libhyphen0:amd64 (2.8.8-7build3) ...
build	Install dependencies	2026-02-15T03:24:29.0227716Z Setting up libvisual-0.4-0:amd64 (0.4.2-2build1) ...
build	Install dependencies	2026-02-15T03:24:29.0249304Z Setting up libdrm-radeon1:amd64 (2.4.125-1ubuntu0.1~24.04.1) ...
build	Install dependencies	2026-02-15T03:24:29.0274412Z Setting up libfribidi-dev:amd64 (1.0.13-3build1) ...
build	Install dependencies	2026-02-15T03:24:29.0299042Z Setting up libxkbcommon-dev:amd64 (1.6.0-1build1) ...
build	Install dependencies	2026-02-15T03:24:29.0324048Z Setting up libjbig-dev:amd64 (2.1-6.1ubuntu2) ...
build	Install dependencies	2026-02-15T03:24:29.0345737Z Setting up libwebrtc-audio-processing1:amd64 (0.3.1-0ubuntu6) ...
build	Install dependencies	2026-02-15T03:24:29.0371627Z Setting up libwebpdecoder3:amd64 (1.3.2-0.4build3) ...
build	Install dependencies	2026-02-15T03:24:29.0397268Z Setting up libsoup-3.0-common (3.4.4-5ubuntu0.7) ...
build	Install dependencies	2026-02-15T03:24:29.0418549Z Setting up libmpg123-0t64:amd64 (1.32.5-1ubuntu1.1) ...
build	Install dependencies	2026-02-15T03:24:29.0441867Z Setting up libpthread-stubs0-dev:amd64 (0.4-1build3) ...
build	Install dependencies	2026-02-15T03:24:29.0461822Z Setting up libopengl0:amd64 (1.7.0-1build1) ...
build	Install dependencies	2026-02-15T03:24:29.0485864Z Setting up ninja-build (1.11.1-2) ...
build	Install dependencies	2026-02-15T03:24:29.0508529Z Setting up libpsl-dev:amd64 (0.21.2-1.1build1) ...
build	Install dependencies	2026-02-15T03:24:29.0528837Z Setting up liborc-0.4-0t64:amd64 (1:0.4.38-1ubuntu0.1) ...
build	Install dependencies	2026-02-15T03:24:29.0551551Z Setting up libsysprof-capture-4-dev:amd64 (46.0-1build1) ...
build	Install dependencies	2026-02-15T03:24:29.0571930Z Setting up xtrans-dev (1.4.0-1) ...
build	Install dependencies	2026-02-15T03:24:29.0596179Z Setting up libwayland-bin (1.22.0-2.1build1) ...
build	Install dependencies	2026-02-15T03:24:29.0620092Z Setting up libgraphite2-dev:amd64 (1.3.14-2build1) ...
build	Install dependencies	2026-02-15T03:24:29.0676515Z Setting up libglib2.0-0t64:amd64 (2.80.0-6ubuntu3.8) ...
build	Install dependencies	2026-02-15T03:24:29.0992525Z Setting up libegl-mesa0:amd64 (25.2.8-0ubuntu0.24.04.1) ...
build	Install dependencies	2026-02-15T03:24:29.1017308Z Setting up libglib2.0-data (2.80.0-6ubuntu3.8) ...
build	Install dependencies	2026-02-15T03:24:29.1040234Z Setting up libjavascriptcoregtk-4.1-0:amd64 (2.50.4-0ubuntu0.24.04.1) ...
build	Install dependencies	2026-02-15T03:24:29.1061533Z Setting up libgles2:amd64 (1.7.0-1build1) ...
build	Install dependencies	2026-02-15T03:24:29.1084021Z Setting up libharfbuzz-cairo0:amd64 (8.3.0-2build2) ...
build	Install dependencies	2026-02-15T03:24:29.1107329Z Setting up libdbus-1-dev:amd64 (1.14.10-4ubuntu4.1) ...
build	Install dependencies	2026-02-15T03:24:29.2694891Z Setting up libspa-0.2-modules:amd64 (1.0.5-1ubuntu3.2) ...
build	Install dependencies	2026-02-15T03:24:29.2724918Z Setting up libglut3.12:amd64 (3.4.0-1build1) ...
build	Install dependencies	2026-02-15T03:24:29.2746177Z Setting up uuid-dev:amd64 (2.39.3-9ubuntu6.4) ...
build	Install dependencies	2026-02-15T03:24:29.2771050Z Setting up libgles1:amd64 (1.7.0-1build1) ...
build	Install dependencies	2026-02-15T03:24:29.2791483Z Setting up libopus0:amd64 (1.4-1build1) ...
build	Install dependencies	2026-02-15T03:24:29.2812800Z Setting up libxv1:amd64 (2:1.0.11-1.1build1) ...
build	Install dependencies	2026-02-15T03:24:29.2835376Z Setting up libpng16-16t64:amd64 (1.6.43-5ubuntu0.5) ...
build	Install dependencies	2026-02-15T03:24:29.2878100Z Setting up libdv4t64:amd64 (1.0.0-17.1build1) ...
build	Install dependencies	2026-02-15T03:24:29.2899649Z Setting up libsepol-dev:amd64 (3.5-2build1) ...
build	Install dependencies	2026-02-15T03:24:29.2924979Z Setting up gir1.2-glib-2.0:amd64 (2.80.0-6ubuntu3.8) ...
build	Install dependencies	2026-02-15T03:24:29.2947337Z Setting up liblerc-dev:amd64 (4.0.0+ds-4ubuntu2) ...
build	Install dependencies	2026-02-15T03:24:29.2970272Z Setting up libv4l-0t64:amd64 (1.26.1-4build3) ...
build	Install dependencies	2026-02-15T03:24:29.2992152Z Setting up liblzma-dev:amd64 (5.6.1+really5.4.5-1ubuntu0.2) ...
build	Install dependencies	2026-02-15T03:24:29.3012700Z Setting up xdg-dbus-proxy (0.1.5-1ubuntu0.1) ...
build	Install dependencies	2026-02-15T03:24:29.3036356Z Setting up libvpx9:amd64 (1.14.0-1ubuntu2.2) ...
build	Install dependencies	2026-02-15T03:24:29.3056255Z Setting up wayland-protocols (1.45-1~ubuntu0.24.04.1) ...
build	Install dependencies	2026-02-15T03:24:29.3076404Z Setting up libtag1v5:amd64 (1.13.1-1build1) ...
build	Install dependencies	2026-02-15T03:24:29.3099328Z Setting up libdatrie-dev:amd64 (0.2.13-3build1) ...
build	Install dependencies	2026-02-15T03:24:29.3121334Z Setting up gir1.2-glib-2.0-dev:amd64 (2.80.0-6ubuntu3.8) ...
build	Install dependencies	2026-02-15T03:24:29.3142398Z Setting up libasyncns0:amd64 (0.8-6build4) ...
build	Install dependencies	2026-02-15T03:24:29.3166594Z Setting up libgdk-pixbuf2.0-bin (2.42.10+dfsg-3ubuntu3.2) ...
build	Install dependencies	2026-02-15T03:24:29.3189855Z Setting up libwavpack1:amd64 (5.6.0-1build1) ...
build	Install dependencies	2026-02-15T03:24:29.3212010Z Setting up libtheora0:amd64 (1.1.1+dfsg.1-16.1build3) ...
build	Install dependencies	2026-02-15T03:24:29.3237522Z Setting up libegl1:amd64 (1.7.0-1build1) ...
build	Install dependencies	2026-02-15T03:24:29.3258495Z Setting up libharfbuzz-subset0:amd64 (8.3.0-2build2) ...
build	Install dependencies	2026-02-15T03:24:29.3281747Z Setting up xorg-sgml-doctools (1:1.11-1.1) ...
build	Install dependencies	2026-02-15T03:24:29.3303178Z Setting up libglu1-mesa:amd64 (9.0.2-1.1build1) ...
build	Install dependencies	2026-02-15T03:24:29.3329039Z Setting up libflac12t64:amd64 (1.4.3+ds-2.1ubuntu2) ...
build	Install dependencies	2026-02-15T03:24:29.3350476Z Setting up libopengl-dev:amd64 (1.7.0-1build1) ...
build	Install dependencies	2026-02-15T03:24:29.3372960Z Setting up glib-networking-common (2.80.0-1build1) ...
build	Install dependencies	2026-02-15T03:24:29.3398948Z Setting up libjpeg8-dev:amd64 (8c-2ubuntu11) ...
build	Install dependencies	2026-02-15T03:24:29.3420457Z Setting up libasound2-dev:amd64 (1.2.11-1ubuntu0.1) ...
build	Install dependencies	2026-02-15T03:24:29.3443526Z Setting up libsharpyuv-dev:amd64 (1.3.2-0.4build3) ...
build	Install dependencies	2026-02-15T03:24:29.3467784Z Setting up libsamplerate0:amd64 (0.2.2-4build1) ...
build	Install dependencies	2026-02-15T03:24:29.3496428Z Setting up libtiffxx6:amd64 (4.5.1+git230720-4ubuntu2.4) ...
build	Install dependencies	2026-02-15T03:24:29.3519403Z Setting up libdeflate-dev:amd64 (1.19-1build1.1) ...
build	Install dependencies	2026-02-15T03:24:29.3545081Z Setting up libpipewire-0.3-0t64:amd64 (1.0.5-1ubuntu3.2) ...
build	Install dependencies	2026-02-15T03:24:29.3568316Z Setting up libbrotli-dev:amd64 (1.1.0-2build2) ...
build	Install dependencies	2026-02-15T03:24:29.3712296Z Setting up libsecret-common (0.21.4-1build3) ...
build	Install dependencies	2026-02-15T03:24:29.3733501Z Setting up libmp3lame0:amd64 (3.100-6build1) ...
build	Install dependencies	2026-02-15T03:24:29.3757010Z Setting up libgraphene-1.0-0:amd64 (1.10.8-3build2) ...
build	Install dependencies	2026-02-15T03:24:29.3777821Z Setting up libvorbisenc2:amd64 (1.3.7-1build3) ...
build	Install dependencies	2026-02-15T03:24:29.3808785Z Setting up libaa1:amd64 (1.4p5-51.1) ...
build	Install dependencies	2026-02-15T03:24:29.3832103Z Setting up libiec61883-0:amd64 (1.2.0-6build1) ...
build	Install dependencies	2026-02-15T03:24:29.3858508Z Setting up libbz2-dev:amd64 (1.0.8-5.1build0.1) ...
build	Install dependencies	2026-02-15T03:24:29.3879808Z Setting up libavc1394-0:amd64 (0.5.4-5build3) ...
build	Install dependencies	2026-02-15T03:24:29.3908949Z Setting up libglib2.0-dev-bin (2.80.0-6ubuntu3.8) ...
build	Install dependencies	2026-02-15T03:24:29.5479527Z Setting up libblkid-dev:amd64 (2.39.3-9ubuntu6.4) ...
build	Install dependencies	2026-02-15T03:24:29.5500712Z Setting up session-migration (0.3.9build1) ...
build	Install dependencies	2026-02-15T03:24:29.6705658Z Created symlink /etc/systemd/user/graphical-session-pre.target.wants/session-migration.service â /usr/lib/systemd/user/session-migration.service.
build	Install dependencies	2026-02-15T03:24:29.6706339Z 
build	Install dependencies	2026-02-15T03:24:29.6742437Z Setting up libdrm-dev:amd64 (2.4.125-1ubuntu0.1~24.04.1) ...
build	Install dependencies	2026-02-15T03:24:29.6763179Z Setting up libproxy1v5:amd64 (0.5.4-4build1) ...
build	Install dependencies	2026-02-15T03:24:29.6787247Z Setting up gir1.2-freedesktop:amd64 (1.80.1-1) ...
build	Install dependencies	2026-02-15T03:24:29.6811579Z Setting up xdg-desktop-portal (1.18.4-1ubuntu2.24.04.1) ...
build	Install dependencies	2026-02-15T03:24:29.7918692Z Created symlink /etc/systemd/user/graphical-session-pre.target.wants/xdg-desktop-portal-rewrite-launchers.service â /usr/lib/systemd/user/xdg-desktop-portal-rewrite-launchers.service.
build	Install dependencies	2026-02-15T03:24:29.7953659Z 
build	Install dependencies	2026-02-15T03:24:29.7954091Z Setting up libpangoxft-1.0-0:amd64 (1.52.1+ds-1build1) ...
build	Install dependencies	2026-02-15T03:24:29.7977911Z Setting up gir1.2-gdkpixbuf-2.0:amd64 (2.42.10+dfsg-3ubuntu3.2) ...
build	Install dependencies	2026-02-15T03:24:29.7997750Z Setting up libpng-tools (1.6.43-5ubuntu0.5) ...
build	Install dependencies	2026-02-15T03:24:29.8022237Z Setting up libgirepository-2.0-0:amd64 (2.80.0-6ubuntu3.8) ...
build	Install dependencies	2026-02-15T03:24:29.8046152Z Setting up gir1.2-atk-1.0:amd64 (2.52.0-1build1) ...
build	Install dependencies	2026-02-15T03:24:29.8065444Z Setting up libselinux1-dev:amd64 (3.5-2ubuntu2.1) ...
build	Install dependencies	2026-02-15T03:24:29.8090286Z Setting up libmanette-0.2-0:amd64 (0.2.7-1build2) ...
build	Install dependencies	2026-02-15T03:24:29.8112821Z Setting up libpng-dev:amd64 (1.6.43-5ubuntu0.5) ...
build	Install dependencies	2026-02-15T03:24:29.8134168Z Setting up pango1.0-tools (1.52.1+ds-1build1) ...
build	Install dependencies	2026-02-15T03:24:29.8156180Z Setting up libjpeg-dev:amd64 (8c-2ubuntu11) ...
build	Install dependencies	2026-02-15T03:24:29.8177614Z Setting up libglib2.0-bin (2.80.0-6ubuntu3.8) ...
build	Install dependencies	2026-02-15T03:24:29.8198768Z Setting up libgstreamer-plugins-base1.0-0:amd64 (1.24.2-1ubuntu0.3) ...
build	Install dependencies	2026-02-15T03:24:29.8220083Z Setting up libharfbuzz-gobject0:amd64 (8.3.0-2build2) ...
build	Install dependencies	2026-02-15T03:24:29.8250784Z Setting up gir1.2-atspi-2.0:amd64 (2.52.0-1build1) ...
build	Install dependencies	2026-02-15T03:24:29.8276090Z Setting up libwayland-dev:amd64 (1.22.0-2.1build1) ...
build	Install dependencies	2026-02-15T03:24:29.8299659Z Setting up gir1.2-harfbuzz-0.0:amd64 (8.3.0-2build2) ...
build	Install dependencies	2026-02-15T03:24:29.8320493Z Setting up gir1.2-javascriptcoregtk-4.1:amd64 (2.50.4-0ubuntu0.24.04.1) ...
build	Install dependencies	2026-02-15T03:24:29.8346218Z Setting up libfreetype-dev:amd64 (2.13.2+dfsg-1build3) ...
build	Install dependencies	2026-02-15T03:24:29.8369781Z Setting up gir1.2-pango-1.0:amd64 (1.52.1+ds-1build1) ...
build	Install dependencies	2026-02-15T03:24:29.8412360Z Setting up libsecret-1-0:amd64 (0.21.4-1build3) ...
build	Install dependencies	2026-02-15T03:24:29.8438630Z Setting up libgstreamer-plugins-good1.0-0:amd64 (1.24.2-1ubuntu1.2) ...
build	Install dependencies	2026-02-15T03:24:29.8463476Z Setting up libwebp-dev:amd64 (1.3.2-0.4build3) ...
build	Install dependencies	2026-02-15T03:24:29.8486427Z Setting up libgstreamer-gl1.0-0:amd64 (1.24.2-1ubuntu0.3) ...
build	Install dependencies	2026-02-15T03:24:29.8510134Z Setting up gstreamer1.0-plugins-base:amd64 (1.24.2-1ubuntu0.3) ...
build	Install dependencies	2026-02-15T03:24:29.8535820Z Setting up libtiff-dev:amd64 (4.5.1+git230720-4ubuntu2.4) ...
build	Install dependencies	2026-02-15T03:24:29.8565291Z Setting up gir1.2-freedesktop-dev:amd64 (1.80.1-1) ...
build	Install dependencies	2026-02-15T03:24:29.8586694Z Setting up libshout3:amd64 (2.4.6-1build2) ...
build	Install dependencies	2026-02-15T03:24:29.8607833Z Setting up libthai-dev:amd64 (0.1.29-2build1) ...
build	Install dependencies	2026-02-15T03:24:29.8632980Z Setting up libjack-jackd2-0:amd64 (1.9.21~dfsg-3ubuntu3) ...
build	Install dependencies	2026-02-15T03:24:29.8654316Z Setting up libsndfile1:amd64 (1.2.2-1ubuntu5.24.04.1) ...
build	Install dependencies	2026-02-15T03:24:29.8677686Z Setting up libmount-dev:amd64 (2.39.3-9ubuntu6.4) ...
build	Install dependencies	2026-02-15T03:24:29.8703050Z Setting up gstreamer1.0-gl:amd64 (1.24.2-1ubuntu0.3) ...
build	Install dependencies	2026-02-15T03:24:29.8730048Z Setting up gsettings-desktop-schemas (46.1-0ubuntu1) ...
build	Install dependencies	2026-02-15T03:24:29.8751382Z Setting up xdg-desktop-portal-gtk (1.15.1-1build2) ...
build	Install dependencies	2026-02-15T03:24:29.8774574Z Setting up glib-networking-services (2.80.0-1build1) ...
build	Install dependencies	2026-02-15T03:24:29.8796268Z Setting up gstreamer1.0-x:amd64 (1.24.2-1ubuntu0.3) ...
build	Install dependencies	2026-02-15T03:24:29.8821007Z Setting up libpulse0:amd64 (1:16.1+dfsg1-2ubuntu10.1) ...
build	Install dependencies	2026-02-15T03:24:29.8906075Z Setting up libfontconfig-dev:amd64 (2.15.0-1.1ubuntu2) ...
build	Install dependencies	2026-02-15T03:24:29.8927136Z Setting up gir1.2-gtk-3.0:amd64 (3.24.41-4ubuntu1.3) ...
build	Install dependencies	2026-02-15T03:24:29.8950102Z Setting up libjack-jackd2-dev:amd64 (1.9.21~dfsg-3ubuntu3) ...
build	Install dependencies	2026-02-15T03:24:29.8974293Z Setting up libglib2.0-dev:amd64 (2.80.0-6ubuntu3.8) ...
build	Install dependencies	2026-02-15T03:24:29.8996224Z Setting up glib-networking:amd64 (2.80.0-1build1) ...
build	Install dependencies	2026-02-15T03:24:29.9020149Z Setting up libjavascriptcoregtk-4.1-dev:amd64 (2.50.4-0ubuntu0.24.04.1) ...
build	Install dependencies	2026-02-15T03:24:29.9046148Z Setting up libatk1.0-dev:amd64 (2.52.0-1build1) ...
build	Install dependencies	2026-02-15T03:24:29.9069947Z Setting up libgdk-pixbuf-2.0-dev:amd64 (2.42.10+dfsg-3ubuntu3.2) ...
build	Install dependencies	2026-02-15T03:24:29.9095824Z Setting up libharfbuzz-dev:amd64 (8.3.0-2build2) ...
build	Install dependencies	2026-02-15T03:24:29.9120695Z Setting up libsoup-3.0-0:amd64 (3.4.4-5ubuntu0.7) ...
build	Install dependencies	2026-02-15T03:24:29.9145042Z Setting up gir1.2-soup-3.0:amd64 (3.4.4-5ubuntu0.7) ...
build	Install dependencies	2026-02-15T03:24:29.9166107Z Setting up gstreamer1.0-plugins-good:amd64 (1.24.2-1ubuntu1.2) ...
build	Install dependencies	2026-02-15T03:24:29.9198680Z Setting up libsoup-3.0-dev:amd64 (3.4.4-5ubuntu0.7) ...
build	Install dependencies	2026-02-15T03:24:29.9227467Z Setting up libwebkit2gtk-4.1-0:amd64 (2.50.4-0ubuntu0.24.04.1) ...
build	Install dependencies	2026-02-15T03:24:29.9249182Z Setting up gir1.2-webkit2-4.1:amd64 (2.50.4-0ubuntu0.24.04.1) ...
build	Install dependencies	2026-02-15T03:24:29.9877969Z Processing triggers for sgml-base (1.31) ...
build	Install dependencies	2026-02-15T03:24:30.0053194Z Processing triggers for install-info (7.1-3build2) ...
build	Install dependencies	2026-02-15T03:24:30.2550211Z Setting up x11proto-dev (2023.2-1) ...
build	Install dependencies	2026-02-15T03:24:30.2600089Z Setting up libxau-dev:amd64 (1:1.0.9-1build6) ...
build	Install dependencies	2026-02-15T03:24:30.2625725Z Setting up libice-dev:amd64 (2:1.0.10-1build3) ...
build	Install dependencies	2026-02-15T03:24:30.2653908Z Setting up libsm-dev:amd64 (2:1.2.3-1build3) ...
build	Install dependencies	2026-02-15T03:24:30.2685529Z Processing triggers for libc-bin (2.39-0ubuntu8.7) ...
build	Install dependencies	2026-02-15T03:24:30.3144406Z Processing triggers for man-db (2.12.0-4build2) ...
build	Install dependencies	2026-02-15T03:24:30.3170215Z Not building database; man-db/auto-update is not 'true'.
build	Install dependencies	2026-02-15T03:24:30.3189661Z Setting up libxdmcp-dev:amd64 (1:1.1.3-0ubuntu6) ...
build	Install dependencies	2026-02-15T03:24:30.3315401Z Setting up libxcb1-dev:amd64 (1.15-1ubuntu2) ...
build	Install dependencies	2026-02-15T03:24:30.3351324Z Setting up libx11-dev:amd64 (2:1.8.7-1build1) ...
build	Install dependencies	2026-02-15T03:24:30.3385518Z Setting up libxfixes-dev:amd64 (1:6.0.0-2build1) ...
build	Install dependencies	2026-02-15T03:24:30.3410475Z Setting up libxcb-shm0-dev:amd64 (1.15-1ubuntu2) ...
build	Install dependencies	2026-02-15T03:24:30.3440798Z Setting up libxt-dev:amd64 (1:1.2.1-1.2build1) ...
build	Install dependencies	2026-02-15T03:24:30.3502859Z Setting up libxcb-render0-dev:amd64 (1.15-1ubuntu2) ...
build	Install dependencies	2026-02-15T03:24:30.3531692Z Setting up libxext-dev:amd64 (2:1.3.4-1build2) ...
build	Install dependencies	2026-02-15T03:24:30.3562414Z Setting up libglx-dev:amd64 (1.7.0-1build1) ...
build	Install dependencies	2026-02-15T03:24:30.3709580Z Setting up libxi-dev:amd64 (2:1.8.1-1build1) ...
build	Install dependencies	2026-02-15T03:24:30.3737884Z Setting up libxrender-dev:amd64 (1:0.9.10-1.1build1) ...
build	Install dependencies	2026-02-15T03:24:30.3764771Z Setting up libgl-dev:amd64 (1.7.0-1build1) ...
build	Install dependencies	2026-02-15T03:24:30.3789457Z Setting up libxft-dev:amd64 (2.3.6-1build1) ...
build	Install dependencies	2026-02-15T03:24:30.3813895Z Setting up libxtst-dev:amd64 (2:1.2.3-1.1build1) ...
build	Install dependencies	2026-02-15T03:24:30.3844323Z Setting up libxdamage-dev:amd64 (1:1.1.6-1build1) ...
build	Install dependencies	2026-02-15T03:24:30.3870791Z Setting up libatspi2.0-dev:amd64 (2.52.0-1build1) ...
build	Install dependencies	2026-02-15T03:24:30.3914511Z Setting up libegl-dev:amd64 (1.7.0-1build1) ...
build	Install dependencies	2026-02-15T03:24:30.3962709Z Setting up libxcomposite-dev:amd64 (1:0.4.5-1build3) ...
build	Install dependencies	2026-02-15T03:24:30.3990686Z Setting up libxcursor-dev:amd64 (1:1.2.1-1build1) ...
build	Install dependencies	2026-02-15T03:24:30.4019827Z Setting up libepoxy-dev:amd64 (1.5.10-1build1) ...
build	Install dependencies	2026-02-15T03:24:30.4051442Z Setting up libatk-bridge2.0-dev:amd64 (2.52.0-1build1) ...
build	Install dependencies	2026-02-15T03:24:30.4080962Z Setting up libxrandr-dev:amd64 (2:1.5.2-2build1) ...
build	Install dependencies	2026-02-15T03:24:30.4141329Z Setting up libglu1-mesa-dev:amd64 (9.0.2-1.1build1) ...
build	Install dependencies	2026-02-15T03:24:30.4164356Z Setting up libxinerama-dev:amd64 (2:1.1.4-3build1) ...
build	Install dependencies	2026-02-15T03:24:30.4196503Z Setting up mesa-common-dev:amd64 (25.2.8-0ubuntu0.24.04.1) ...
build	Install dependencies	2026-02-15T03:24:30.4224169Z Setting up libcairo2-dev:amd64 (1.18.0-3build1) ...
build	Install dependencies	2026-02-15T03:24:30.4252984Z Setting up libgles-dev:amd64 (1.7.0-1build1) ...
build	Install dependencies	2026-02-15T03:24:30.4310339Z Setting up libglvnd-dev:amd64 (1.7.0-1build1) ...
build	Install dependencies	2026-02-15T03:24:30.4345009Z Setting up libpango1.0-dev:amd64 (1.52.1+ds-1build1) ...
build	Install dependencies	2026-02-15T03:24:30.4393034Z Setting up libgl1-mesa-dev:amd64 (25.2.8-0ubuntu0.24.04.1) ...
build	Install dependencies	2026-02-15T03:24:30.4425643Z Setting up libglut-dev:amd64 (3.4.0-1build1) ...
build	Install dependencies	2026-02-15T03:24:30.4454876Z Setting up libegl1-mesa-dev:amd64 (25.2.8-0ubuntu0.24.04.1) ...
build	Install dependencies	2026-02-15T03:24:30.4494054Z Setting up libgtk-3-dev:amd64 (3.24.41-4ubuntu1.3) ...
build	Install dependencies	2026-02-15T03:24:30.4521114Z Setting up freeglut3-dev:amd64 (3.4.0-1build1) ...
build	Install dependencies	2026-02-15T03:24:30.4562376Z Setting up libwebkit2gtk-4.1-dev (2.50.4-0ubuntu0.24.04.1) ...
build	Install dependencies	2026-02-15T03:24:31.0763006Z 
build	Install dependencies	2026-02-15T03:24:31.0763965Z Running kernel seems to be up-to-date.
build	Install dependencies	2026-02-15T03:24:31.0764495Z 
build	Install dependencies	2026-02-15T03:24:31.0764705Z Restarting services...
build	Install dependencies	2026-02-15T03:24:31.1269657Z  systemctl restart packagekit.service php8.3-fpm.service polkit.service udisks2.service
build	Install dependencies	2026-02-15T03:24:31.2679266Z 
build	Install dependencies	2026-02-15T03:24:31.2680367Z Service restarts being deferred:
build	Install dependencies	2026-02-15T03:24:31.2681456Z  systemctl restart ModemManager.service
build	Install dependencies	2026-02-15T03:24:31.2682335Z  systemctl restart networkd-dispatcher.service
build	Install dependencies	2026-02-15T03:24:31.2683051Z 
build	Install dependencies	2026-02-15T03:24:31.2683649Z No containers need to be restarted.
build	Install dependencies	2026-02-15T03:24:31.2684370Z 
build	Install dependencies	2026-02-15T03:24:31.2684851Z No user sessions are running outdated binaries.
build	Install dependencies	2026-02-15T03:24:31.2685259Z 
build	Install dependencies	2026-02-15T03:24:31.2685569Z No VM guests are running outdated hypervisor (qemu) binaries on this host.
build	Cache build	ï»¿2026-02-15T03:24:32.4089085Z ##[group]Run actions/cache@v3
build	Cache build	2026-02-15T03:24:32.4089344Z with:
build	Cache build	2026-02-15T03:24:32.4089504Z   path: build/
build	Cache build	2026-02-15T03:24:32.4089751Z   key: Linux-build-96c84f49cc95f9dadb8adb4def6875607e6f188c
build	Cache build	2026-02-15T03:24:32.4090060Z   restore-keys: Linux-build-
build	Cache build	
build	Cache build	2026-02-15T03:24:32.4090288Z   enableCrossOsArchive: false
build	Cache build	2026-02-15T03:24:32.4090496Z   fail-on-cache-miss: false
build	Cache build	2026-02-15T03:24:32.4090713Z   lookup-only: false
build	Cache build	2026-02-15T03:24:32.4090892Z ##[endgroup]
build	Cache build	2026-02-15T03:24:32.6625064Z Cache hit for restore-key: Linux-build-e55b083955b133c07f4159890712729ee063ac06
build	Cache build	2026-02-15T03:24:33.7791922Z Received 134217728 of 358055435 (37.5%), 128.0 MBs/sec
build	Cache build	2026-02-15T03:24:34.7111032Z Received 358055435 of 358055435 (100.0%), 176.7 MBs/sec
build	Cache build	2026-02-15T03:24:34.7114613Z Cache Size: ~341 MB (358055435 B)
build	Cache build	2026-02-15T03:24:34.7155365Z [command]/usr/bin/tar -xf /home/runner/work/_temp/7d49cf83-2d13-483b-a373-f9715315e986/cache.tzst -P -C /home/runner/work/audiofiler/audiofiler --use-compress-program unzstd
build	Cache build	2026-02-15T03:24:35.8997475Z Cache restored successfully
build	Cache build	2026-02-15T03:24:35.9788730Z Cache restored from key: Linux-build-e55b083955b133c07f4159890712729ee063ac06
build	Clean stale CMake files	ï»¿2026-02-15T03:24:35.9917827Z ##[group]Run if [ -d build ]; then
build	Clean stale CMake files	2026-02-15T03:24:35.9918153Z [36;1mif [ -d build ]; then[0m
build	Clean stale CMake files	2026-02-15T03:24:35.9918390Z [36;1m  rm -f build/CMakeCache.txt[0m
build	Clean stale CMake files	2026-02-15T03:24:35.9918644Z [36;1m  rm -rf build/CMakeFiles[0m
build	Clean stale CMake files	2026-02-15T03:24:35.9918866Z [36;1mfi[0m
build	Clean stale CMake files	2026-02-15T03:24:35.9970617Z shell: /usr/bin/bash -e {0}
build	Clean stale CMake files	2026-02-15T03:24:35.9970849Z ##[endgroup]
build	Configure CMake	ï»¿2026-02-15T03:24:36.0342702Z ##[group]Run cmake -B build -G Ninja -DCMAKE_CXX_COMPILER=g++-12 .
build	Configure CMake	2026-02-15T03:24:36.0343191Z [36;1mcmake -B build -G Ninja -DCMAKE_CXX_COMPILER=g++-12 .[0m
build	Configure CMake	2026-02-15T03:24:36.0399496Z shell: /usr/bin/bash -e {0}
build	Configure CMake	2026-02-15T03:24:36.0399740Z ##[endgroup]
build	Configure CMake	2026-02-15T03:24:36.2692244Z -- The C compiler identification is GNU 13.3.0
build	Configure CMake	2026-02-15T03:24:38.5754591Z -- The CXX compiler identification is GNU 12.4.0
build	Configure CMake	2026-02-15T03:24:38.5958507Z -- Detecting C compiler ABI info
build	Configure CMake	2026-02-15T03:24:38.6787446Z -- Detecting C compiler ABI info - done
build	Configure CMake	2026-02-15T03:24:38.6957857Z -- Check for working C compiler: /usr/bin/cc - skipped
build	Configure CMake	2026-02-15T03:24:38.6966431Z -- Detecting C compile features
build	Configure CMake	2026-02-15T03:24:38.6974809Z -- Detecting C compile features - done
build	Configure CMake	2026-02-15T03:24:38.7143487Z -- Detecting CXX compiler ABI info
build	Configure CMake	2026-02-15T03:24:38.8118164Z -- Detecting CXX compiler ABI info - done
build	Configure CMake	2026-02-15T03:24:38.8288574Z -- Check for working CXX compiler: /usr/bin/g++-12 - skipped
build	Configure CMake	2026-02-15T03:24:38.8293147Z -- Detecting CXX compile features
build	Configure CMake	2026-02-15T03:24:38.8300590Z -- Detecting CXX compile features - done
build	Configure CMake	2026-02-15T03:24:38.9258054Z -- CPM: Adding package juce@8.0.12 (8.0.12)
build	Configure CMake	2026-02-15T03:24:39.3860478Z -- Found PkgConfig: /usr/bin/pkg-config (found version "1.8.1")
build	Configure CMake	2026-02-15T03:24:39.3867876Z -- Checking for module 'alsa'
build	Configure CMake	2026-02-15T03:24:39.3961711Z --   Found alsa, version 1.2.11
build	Configure CMake	2026-02-15T03:24:39.4976984Z -- Checking for modules 'freetype2;fontconfig'
build	Configure CMake	2026-02-15T03:24:39.5098736Z --   Found freetype2, version 26.1.20
build	Configure CMake	2026-02-15T03:24:39.5175159Z --   Found fontconfig, version 2.15.0
build	Configure CMake	2026-02-15T03:24:39.5642634Z -- Checking for module 'gl'
build	Configure CMake	2026-02-15T03:24:39.5739049Z --   Found gl, version 1.2
build	Configure CMake	2026-02-15T03:24:39.6091396Z -- Checking for module 'libcurl'
build	Configure CMake	2026-02-15T03:24:39.6577913Z --   Package 'libcurl', required by 'virtual:world', not found
build	Configure CMake	2026-02-15T03:24:39.8922816Z -- Checking for modules 'webkit2gtk-4.1;gtk+-x11-3.0'
build	Configure CMake	2026-02-15T03:24:39.9208794Z --   Found webkit2gtk-4.1, version 2.50.4
build	Configure CMake	2026-02-15T03:24:39.9308558Z --   Found gtk+-x11-3.0, version 3.24.41
build	Configure CMake	2026-02-15T03:24:40.2850455Z -- Configuring juceaide
build	Configure CMake	2026-02-15T03:24:40.6240936Z -- Building juceaide
build	Configure CMake	2026-02-15T03:24:40.7148503Z -- Exporting juceaide
build	Configure CMake	2026-02-15T03:24:40.7152945Z -- Testing juceaide
build	Configure CMake	2026-02-15T03:24:40.7187206Z -- Finished setting up juceaide
build	Configure CMake	2026-02-15T03:24:40.7212411Z -- C++ compiler: /usr/bin/g++-12
build	Configure CMake	2026-02-15T03:24:40.7259543Z -- Checking for module 'gtk+-3.0'
build	Configure CMake	2026-02-15T03:24:40.7448876Z --   Found gtk+-3.0, version 3.24.41
build	Configure CMake	2026-02-15T03:24:40.9472251Z -- Configuring done (4.9s)
build	Configure CMake	2026-02-15T03:24:40.9507103Z CMake Error at CMakeLists.txt:53 (target_sources):
build	Configure CMake	2026-02-15T03:24:40.9507556Z   Cannot find source file:
build	Configure CMake	2026-02-15T03:24:40.9507744Z 
build	Configure CMake	2026-02-15T03:24:40.9507862Z     Source/LoopEditorPresenter.h
build	Configure CMake	2026-02-15T03:24:40.9508071Z 
build	Configure CMake	2026-02-15T03:24:40.9508291Z   Tried extensions .c .C .c++ .cc .cpp .cxx .cu .mpp .m .M .mm .ixx .cppm
build	Configure CMake	2026-02-15T03:24:40.9508864Z   .ccm .cxxm .c++m .h .hh .h++ .hm .hpp .hxx .in .txx .f .F .for .f77 .f90
build	Configure CMake	2026-02-15T03:24:40.9509300Z   .f95 .f03 .hip .ispc
build	Configure CMake	2026-02-15T03:24:40.9509461Z 
build	Configure CMake	2026-02-15T03:24:40.9509467Z 
build	Configure CMake	2026-02-15T03:24:41.0344920Z CMake Generate step failed.  Build files cannot be regenerated correctly.
build	Configure CMake	2026-02-15T03:24:41.0345445Z -- Generating done (0.1s)
build	Configure CMake	2026-02-15T03:24:41.0445234Z ##[error]Process completed with exit code 1.
build	Post Checkout Code	ï»¿2026-02-15T03:24:41.0576973Z Post job cleanup.
build	Post Checkout Code	2026-02-15T03:24:41.1561711Z [command]/usr/bin/git version
build	Post Checkout Code	2026-02-15T03:24:41.1601570Z git version 2.52.0
build	Post Checkout Code	2026-02-15T03:24:41.1647999Z Temporarily overriding HOME='/home/runner/work/_temp/bae03953-1397-4c3a-b5dd-005fbf2e6536' before making global git config changes
build	Post Checkout Code	2026-02-15T03:24:41.1649348Z Adding repository directory to the temporary git global config as a safe directory
build	Post Checkout Code	2026-02-15T03:24:41.1655258Z [command]/usr/bin/git config --global --add safe.directory /home/runner/work/audiofiler/audiofiler
build	Post Checkout Code	2026-02-15T03:24:41.1697661Z [command]/usr/bin/git config --local --name-only --get-regexp core\.sshCommand
build	Post Checkout Code	2026-02-15T03:24:41.1735324Z [command]/usr/bin/git submodule foreach --recursive sh -c "git config --local --name-only --get-regexp 'core\.sshCommand' && git config --local --unset-all 'core.sshCommand' || :"
build	Post Checkout Code	2026-02-15T03:24:41.1964191Z Entering '_deps/juce-src'
build	Post Checkout Code	2026-02-15T03:24:41.2034994Z [command]/usr/bin/git config --local --name-only --get-regexp http\.https\:\/\/github\.com\/\.extraheader
build	Post Checkout Code	2026-02-15T03:24:41.2057687Z http.https://github.com/.extraheader
build	Post Checkout Code	2026-02-15T03:24:41.2070572Z [command]/usr/bin/git config --local --unset-all http.https://github.com/.extraheader
build	Post Checkout Code	2026-02-15T03:24:41.2103120Z [command]/usr/bin/git submodule foreach --recursive sh -c "git config --local --name-only --get-regexp 'http\.https\:\/\/github\.com\/\.extraheader' && git config --local --unset-all 'http.https://github.com/.extraheader' || :"
build	Post Checkout Code	2026-02-15T03:24:41.2328346Z Entering '_deps/juce-src'
build	Post Checkout Code	2026-02-15T03:24:41.2353816Z http.https://github.com/.extraheader
build	Post Checkout Code	2026-02-15T03:24:41.2414333Z [command]/usr/bin/git config --local --name-only --get-regexp ^includeIf\.gitdir:
build	Post Checkout Code	2026-02-15T03:24:41.2448959Z [command]/usr/bin/git submodule foreach --recursive git config --local --show-origin --name-only --get-regexp remote.origin.url
build	Post Checkout Code	2026-02-15T03:24:41.2702048Z Entering '_deps/juce-src'
build	Post Checkout Code	2026-02-15T03:24:41.2727498Z file:/home/runner/work/audiofiler/audiofiler/.git/modules/_deps/juce-src/config	remote.origin.url
build	Post Checkout Code	2026-02-15T03:24:41.2770947Z [command]/usr/bin/git config --file /home/runner/work/audiofiler/audiofiler/.git/modules/_deps/juce-src/config --name-only --get-regexp ^includeIf\.gitdir:
build	Complete job	ï»¿2026-02-15T03:24:41.2922678Z Cleaning up orphan processes
